Command: /home/levi/.espressif/python_env/idf6.1_py3.10_env/bin/python /home/levi/esp-idf/tools/idf_monitor.py -p /dev/ttyUSB0 -b 115200 --toolchain-prefix xtensa-esp32-elf- --target esp32 --revision 0 /home/levi/CLionProjects/maestro/build/maestro.elf /home/levi/CLionProjects/maestro/build/bootloader/bootloader.elf -m '/home/levi/.espressif/python_env/idf6.1_py3.10_env/bin/python' '/home/levi/esp-idf/tools/idf.py'
� ELF file SHA256�ets Jun  8 2016 00:22:57

rst:0x1 (POWERON_RESET),boot:0x13 (SPI_FAST_FLASH_BOOT)
configsip: 0, SPIWP:0xee
clk_drv:0x00,q_drv:0x00,d_drv:0x00,cs0_drv:0x00,hd_drv:0x00,wp_drv:0x00
mode:DIO, clock div:2
load:0x3fff0040,len:6376
load:0x40078000,len:15900
ho 0 tail 12 room 4
load:0x40080400,len:3920
entry 0x40080644
[0;32mI (29) boot: ESP-IDF v6.1-dev-1323-gf6aaf22278-dirty 2nd stage bootloader[0m
[0;32mI (29) boot: compile time Dec 29 2025 16:42:56[0m
[0;32mI (29) boot: Multicore bootloader[0m
[0;32mI (32) boot: chip revision: v1.0[0m
[0;32mI (35) boot.esp32: SPI Speed      : 40MHz[0m
[0;32mI (39) boot.esp32: SPI Mode       : DIO[0m
[0;32mI (42) boot.esp32: SPI Flash Size : 2MB[0m
[0;32mI (46) boot: Enabling RNG early entropy source...[0m
[0;32mI (51) boot: Partition Table:[0m
[0;32mI (53) boot: ## Label            Usage          Type ST Offset   Length[0m
[0;32mI (59) boot:  0 nvs              WiFi data        01 02 00009000 00006000[0m
[0;32mI (66) boot:  1 phy_init         RF data          01 01 0000f000 00001000[0m
[0;32mI (73) boot:  2 factory          factory app      00 00 00010000 00100000[0m
[0;32mI (79) boot: End of partition table[0m
[0;32mI (82) esp_image: segment 0: paddr=00010020 vaddr=3f400020 size=0a4d4h ( 42196) map[0m
[0;32mI (105) esp_image: segment 1: paddr=0001a4fc vaddr=3ffb0000 size=02790h ( 10128) load[0m
[0;32mI (109) esp_image: segment 2: paddr=0001cc94 vaddr=40080000 size=03384h ( 13188) load[0m
[0;32mI (115) esp_image: segment 3: paddr=00020020 vaddr=400d0020 size=0e6b0h ( 59056) map[0m
[0;32mI (137) esp_image: segment 4: paddr=0002e6d8 vaddr=40083384 size=098f4h ( 39156) load[0m
[0;32mI (154) esp_image: segment 5: paddr=00037fd4 vaddr=50000000 size=00028h (    40) load[0m
[0;32mI (160) boot: Loaded app from partition at offset 0x10000[0m
[0;32mI (160) boot: Disabling RNG early entropy source...[0m
[0;32mI (172) cpu_start: Multicore app[0m
[0;32mI (180) cpu_start: GPIO 3 and 1 are used as console UART I/O pins[0m
[0;32mI (180) cpu_start: Pro cpu start user code[0m
[0;32mI (180) cpu_start: cpu freq: 160000000 Hz[0m
[0;32mI (182) app_init: Application information:[0m
[0;32mI (186) app_init: Project name:     maestro[0m
[0;32mI (190) app_init: App version:      b5848ea-dirty[0m
[0;32mI (194) app_init: Compile time:     Dec 30 2025 12:08:10[0m
[0;32mI (199) app_init: ELF file SHA256:  39d0efb50...[0m
[0;32mI (203) app_init: ESP-IDF:          v6.1-dev-1323-gf6aaf22278-dirty[0m
[0;32mI (209) efuse_init: Min chip rev:     v0.0[0m
[0;32mI (213) efuse_init: Max chip rev:     v3.99 [0m
[0;32mI (217) efuse_init: Chip rev:         v1.0[0m
[0;32mI (221) heap_init: Initializing. RAM available for dynamic allocation:[0m
[0;32mI (228) heap_init: At 3FFAE6E0 len 00001920 (6 KiB): DRAM[0m
[0;32mI (232) heap_init: At 3FFB30B8 len 0002CF48 (179 KiB): DRAM[0m
[0;32mI (238) heap_init: At 3FFE0440 len 00003AE0 (14 KiB): D/IRAM[0m
[0;32mI (243) heap_init: At 3FFE4350 len 0001BCB0 (111 KiB): D/IRAM[0m
[0;32mI (249) heap_init: At 4008CC78 len 00013388 (76 KiB): IRAM[0m
[0;32mI (255) spi_flash: detected chip: generic[0m
[0;32mI (258) spi_flash: flash io: dio[0m
[0;33mW (260) spi_flash: Detected size(4096k) larger than the size in the binary image header(2048k). Using the size in the binary image header.[0m
[0;32mI (274) main_task: Started on CPU0[0m
[0;32mI (284) main_task: Calling app_main()[0m
[0;32mI (284) SPI: Initializing bus SPI2...[0m
[0;32mI (284) SPI: Adding SPI Device on GPIO5...[0m
[0;32mI (284) SPI: Configuring Temperature Sensor...[0m
[0;32mI (284) SPI: Transaction Size: 16 bits[0m
[0;32mI (294) SPI: Transaction Size: 48 bits[0m
[1;31mE (294) spi_master: check_trans_valid(1101): invalid dev handle[0m
ESP_ERROR_CHECK failed: esp_err_t 0x102 (ESP_ERR_INVALID_ARG) at 0x400d56c5
file: "./main/spi_helper.c" line 75
func: SPI_Transact
expression: spi_ret

abort() was called at PC 0x40087bdb on core 0


Backtrace: 0x40087c81:0x3ffb4240 0x40087c49:0x3ffb4260 0x400876a5:0x3ffb4280 0x40087bdb:0x3ffb42f0 0x400d56c5:0x3ffb4320 0x400d5511:0x3ffb4370 0x400d383e:0x3ffb43a0 0x400dc4b5:0x3ffb43d0




ELF file SHA256: 39d0efb50

Rebooting...
ets Jun  8 2016 00:22:57

rst:0xc (SW_CPU_RESET),boot:0x13 (SPI_FAST_FLASH_BOOT)
configsip: 0, SPIWP:0xee
clk_drv:0x00,q_drv:0x00,d_drv:0x00,cs0_drv:0x00,hd_drv:0x00,wp_drv:0x00
mode:DIO, clock div:2
load:0x3fff0040,len:6376
load:0x40078000,len:15900
ho 0 tail 12 room 4
load:0x40080400,len:3920
entry 0x40080644
[0;32mI (29) boot: ESP-IDF v6.1-dev-1323-gf6aaf22278-dirty 2nd stage bootloader[0m
[0;32mI (29) boot: compile time Dec 29 2025 16:42:56[0m
[0;32mI (29) boot: Multicore bootloader[0m
[0;32mI (33) boot: chip revision: v1.0[0m
[0;32mI (35) boot.esp32: SPI Speed      : 40MHz[0m
[0;32mI (39) boot.esp32: SPI Mode       : DIO[0m
[0;32mI (43) boot.esp32: SPI Flash Size : 2MB[0m
[0;32mI (46) boot: Enabling RNG early entropy source...[0m
[0;32mI (51) boot: Partition Table:[0m
[0;32mI (53) boot: ## Label            Usage          Type ST Offset   Length[0m
[0;32mI (60) boot:  0 nvs              WiFi data        01 02 00009000 00006000[0m
[0;32mI (66) boot:  1 phy_init         RF data          01 01 0000f000 00001000[0m
[0;32mI (73) boot:  2 factory          factory app      00 00 00010000 00100000[0m
[0;32mI (79) boot: End of partition table[0m
[0;32mI (83) esp_image: segment 0: paddr=00010020 vaddr=3f400020 size=0a4d4h ( 42196) map[0m
[0;32mI (105) esp_image: segment 1: paddr=0001a4fc vaddr=3ffb0000 size=02790h ( 10128) load[0m
[0;32mI (109) esp_image: segment 2: paddr=0001cc94 vaddr=40080000 size=03384h ( 13188) load[0m
[0;32mI (115) esp_image: segment 3: paddr=00020020 vaddr=400d0020 size=0e6b0h ( 59056) map[0m
[0;32mI (137) esp_image: segment 4: paddr=0002e6d8 vaddr=40083384 size=098f4h ( 39156) load[0m
[0;32mI (154) esp_image: segment 5: paddr=00037fd4 vaddr=50000000 size=00028h (    40) load[0m
[0;32mI (160) boot: Loaded app from partition at offset 0x10000[0m
[0;32mI (161) boot: Disabling RNG early entropy source...[0m
[0;32mI (172) cpu_start: Multicore app[0m
[0;32mI (180) cpu_start: GPIO 3 and 1 are used as console UART I/O pins[0m
[0;32mI (180) cpu_start: Pro cpu start user code[0m
[0;32mI (180) cpu_start: cpu freq: 160000000 Hz[0m
[0;32mI (182) app_init: Application information:[0m
[0;32mI (186) app_init: Project name:     maestro[0m
[0;32mI (190) app_init: App version:      b5848ea-dirty[0m
[0;32mI (194) app_init: Compile time:     Dec 30 2025 12:08:10[0m
[0;32mI (199) app_init: ELF file SHA256:  39d0efb50...[0m
[0;32mI (204) app_init: ESP-IDF:          v6.1-dev-1323-gf6aaf22278-dirty[0m
[0;32mI (210) efuse_init: Min chip rev:     v0.0[0m
[0;32mI (213) efuse_init: Max chip rev:     v3.99 [0m
[0;32mI (217) efuse_init: Chip rev:         v1.0[0m
[0;32mI (222) heap_init: Initializing. RAM available for dynamic allocation:[0m
[0;32mI (228) heap_init: At 3FFAE6E0 len 00001920 (6 KiB): DRAM[0m
[0;32mI (233) heap_init: At 3FFB30B8 len 0002CF48 (179 KiB): DRAM[0m
[0;32mI (238) heap_init: At 3FFE0440 len 00003AE0 (14 KiB): D/IRAM[0m
[0;32mI (243) heap_init: At 3FFE4350 len 0001BCB0 (111 KiB): D/IRAM[0m
[0;32mI (249) heap_init: At 4008CC78 len 00013388 (76 KiB): IRAM[0m
[0;32mI (255) spi_flash: detected chip: generic[0m
[0;32mI (258) spi_flash: flash io: dio[0m
[0;33mW (261) spi_flash: Detected size(4096k) larger than the size in the binary image header(2048k). Using the size in the binary image header.[0m
[0;32mI (274) main_task: Started on CPU0[0m
[0;32mI (284) main_task: Calling app_main()[0m
[0;32mI (284) SPI: Initializing bus SPI2...[0m
[0;32mI (284) SPI: Adding SPI Device on GPIO5...[0m
[0;32mI (284) SPI: Configuring Temperature Sensor...[0m
[0;32mI (284) SPI: Transaction Size: 16 bits[0m
[0;32mI (294) SPI: Transaction Size: 48 bits[0m
[1;31mE (294) spi_master: check_trans_valid(1101): invalid dev handle[0m
ESP_ERROR_CHECK failed: esp_err_t 0x102 (ESP_ERR_INVALID_ARG) at 0x400d56c5
file: "./main/spi_helper.c" line 75
func: SPI_Transact
expression: spi_ret

abort() was called at PC 0x40087bdb on core 0


Backtrace: 0x40087c81:0x3ffb4240 0x40087c49:0x3ffb4260 0x400876a5:0x3ffb4280 0x40087bdb:0x3ffb42f0 0x400d56c5:0x3ffb4320 0x400d5511:0x3ffb4370 0x400d383e:0x3ffb43a0 0x400dc4b5:0x3ffb43d0




ELF file SHA256: 39d0efb50

Rebooting...
ets Jun  8 2016 00:22:57

rst:0xc (SW_CPU_RESET),boot:0x13 (SPI_FAST_FLASH_BOOT)
configsip: 0, SPIWP:0xee
clk_drv:0x00,q_drv:0x00,d_drv:0x00,cs0_drv:0x00,hd_drv:0x00,wp_drv:0x00
mode:DIO, clock div:2
load:0x3fff0040,len:6376
load:0x40078000,len:15900
ho 0 tail 12 room 4
load:0x40080400,len:3920
entry 0x40080644
[0;32mI (29) boot: ESP-IDF v6.1-dev-1323-gf6aaf22278-dirty 2nd stage bootloader[0m
[0;32mI (29) boot: compile time Dec 29 2025 16:42:56[0m
[0;32mI (29) boot: Multicore bootloader[0m
[0;32mI (33) boot: chip revision: v1.0[0m
[0;32mI (35) boot.esp32: SPI Speed      : 40MHz[0m
[0;32mI (39) boot.esp32: SPI Mode       : DIO[0m
[0;32mI (43) boot.esp32: SPI Flash Size : 2MB[0m
[0;32mI (46) boot: Enabling RNG early entropy source...[0m
[0;32mI (51) boot: Partition Table:[0m
[0;32mI (53) boot: ## Label            Usage          Type ST Offset   Length[0m
[0;32mI (60) boot:  0 nvs              WiFi data        01 02 00009000 00006000[0m
[0;32mI (66) boot:  1 phy_init         RF data          01 01 0000f000 00001000[0m
[0;32mI (73) boot:  2 factory          factory app      00 00 00010000 00100000[0m
[0;32mI (79) boot: End of partition table[0m
[0;32mI (83) esp_image: segment 0: paddr=00010020 vaddr=3f400020 size=0a4d4h ( 42196) map[0m
[0;32mI (105) esp_image: segment 1: paddr=0001a4fc vaddr=3ffb0000 size=02790h ( 10128) load[0m
[0;32mI (109) esp_image: segment 2: paddr=0001cc94 vaddr=40080000 size=03384h ( 13188) load[0m
[0;32mI (115) esp_image: segment 3: paddr=00020020 vaddr=400d0020 size=0e6b0h ( 59056) map[0m
[0;32mI (137) esp_image: segment 4: paddr=0002e6d8 vaddr=40083384 size=098f4h ( 39156) load[0m
[0;32mI (154) esp_image: segment 5: paddr=00037fd4 vaddr=50000000 size=00028h (    40) load[0m
[0;32mI (160) boot: Loaded app from partition at offset 0x10000[0m
[0;32mI (161) boot: Disabling RNG early entropy source...[0m
[0;32mI (172) cpu_start: Multicore app[0m
[0;32mI (180) cpu_start: GPIO 3 and 1 are used as console UART I/O pins[0m
[0;32mI (180) cpu_start: Pro cpu start user code[0m
[0;32mI (180) cpu_start: cpu freq: 160000000 Hz[0m
[0;32mI (182) app_init: Application information:[0m
[0;32mI (186) app_init: Project name:     maestro[0m
[0;32mI (190) app_init: App version:      b5848ea-dirty[0m
[0;32mI (194) app_init: Compile time:     Dec 30 2025 12:08:10[0m
[0;32mI (199) app_init: ELF file SHA256:  39d0efb50...[0m
[0;32mI (204) app_init: ESP-IDF:          v6.1-dev-1323-gf6aaf22278-dirty[0m
[0;32mI (210) efuse_init: Min chip rev:     v0.0[0m
[0;32mI (213) efuse_init: Max chip rev:     v3.99 [0m
[0;32mI (217) efuse_init: Chip rev:         v1.0[0m
[0;32mI (222) heap_init: Initializing. RAM available for dynamic allocation:[0m
[0;32mI (228) heap_init: At 3FFAE6E0 len 00001920 (6 KiB): DRAM[0m
[0;32mI (233) heap_init: At 3FFB30B8 len 0002CF48 (179 KiB): DRAM[0m
[0;32mI (238) heap_init: At 3FFE0440 len 00003AE0 (14 KiB): D/IRAM[0m
[0;32mI (243) heap_init: At 3FFE4350 len 0001BCB0 (111 KiB): D/IRAM[0m
[0;32mI (249) heap_init: At 4008CC78 len 00013388 (76 KiB): IRAM[0m
[0;32mI (255) spi_flash: detected chip: generic[0m
[0;32mI (258) spi_flash: flash io: dio[0m
[0;33mW (261) spi_flash: Detected size(4096k) larger than the size in the binary image header(2048k). Using the size in the binary image header.[0m
[0;32mI (274) main_task: Started on CPU0[0m
[0;32mI (284) main_task: Calling app_main()[0m
[0;32mI (284) SPI: Initializing bus SPI2...[0m
[0;32mI (284) SPI: Adding SPI Device on GPIO5...[0m
[0;32mI (284) SPI: Configuring Temperature Sensor...[0m
[0;32mI (284) SPI: Transaction Size: 16 bits[0m
[0;32mI (294) SPI: Transaction Size: 48 bits[0m
[1;31mE (294) spi_master: check_trans_valid(1101): invalid dev handle[0m
ESP_ERROR_CHECK failed: esp_err_t 0x102 (ESP_ERR_INVALID_ARG) at 0x400d56c5
file: "./main/spi_helper.c" line 75
func: SPI_Transact
expression: spi_ret

abort() was called at PC 0x40087bdb on core 0


Backtrace: 0x40087c81:0x3ffb4240 0x40087c49:0x3ffb4260 0x400876a5:0x3ffb4280 0x40087bdb:0x3ffb42f0 0x400d56c5:0x3ffb4320 0x400d5511:0x3ffb4370 0x400d383e:0x3ffb43a0 0x400dc4b5:0x3ffb43d0




ELF file SHA256: 39d0efb50

Rebooting...
ets Jun  8 2016 00:22:57

rst:0xc (SW_CPU_RESET),boot:0x13 (SPI_FAST_FLASH_BOOT)
configsip: 0, SPIWP:0xee
clk_drv:0x00,q_drv:0x00,d_drv:0x00,cs0_drv:0x00,hd_drv:0x00,wp_drv:0x00
mode:DIO, clock div:2
load:0x3fff0040,len:6376
load:0x40078000,len:15900
ho 0 tail 12 room 4
load:0x40080400,len:3920
entry 0x40080644
[0;32mI (29) boot: ESP-IDF v6.1-dev-1323-gf6aaf22278-dirty 2nd stage bootloader[0m
[0;32mI (29) boot: compile time Dec 29 2025 16:42:56[0m
[0;32mI (29) boot: Multicore bootloader[0m
[0;32mI (33) boot: chip revision: v1.0[0m
[0;32mI (35) boot.esp32: SPI Speed      : 40MHz[0m
[0;32mI (39) boot.esp32: SPI Mode       : DIO[0m
[0;32mI (43) boot.esp32: SPI Flash Size : 2MB[0m
[0;32mI (46) boot: Enabling RNG early entropy source...[0m
[0;32mI (51) boot: Partition Table:[0m
[0;32mI (53) boot: ## Label            Usage          Type ST Offset   Length[0m
[0;32mI (60) boot:  0 nvs              WiFi data        01 02 00009000 00006000[0m
[0;32mI (66) boot:  1 phy_init         RF data          01 01 0000f000 00001000[0m
[0;32mI (73) boot:  2 factory          factory app      00 00 00010000 00100000[0m
[0;32mI (79) boot: End of partition table[0m
[0;32mI (83) esp_image: segment 0: paddr=00010020 vaddr=3f400020 size=0a4d4h ( 42196) map[0m
[0;32mI (105) esp_image: segment 1: paddr=0001a4fc vaddr=3ffb0000 size=02790h ( 10128) load[0m
[0;32mI (109) esp_image: segment 2: paddr=0001cc94 vaddr=40080000 size=03384h ( 13188) load[0m
[0;32mI (115) esp_image: segment 3: paddr=00020020 vaddr=400d0020 size=0e6b0h ( 59056) map[0m
[0;32mI (137) esp_image: segment 4: paddr=0002e6d8 vaddr=40083384 size=098f4h ( 39156) load[0m
[0;32mI (154) esp_image: segment 5: paddr=00037fd4 vaddr=50000000 size=00028h (    40) load[0m
[0;32mI (160) boot: Loaded app from partition at offset 0x10000[0m
[0;32mI (161) boot: Disabling RNG early entropy source...[0m
[0;32mI (172) cpu_start: Multicore app[0m
[0;32mI (180) cpu_start: GPIO 3 and 1 are used as console UART I/O pins[0m
[0;32mI (180) cpu_start: Pro cpu start user code[0m
[0;32mI (180) cpu_start: cpu freq: 160000000 Hz[0m
[0;32mI (182) app_init: Application information:[0m
[0;32mI (186) app_init: Project name:     maestro[0m
[0;32mI (190) app_init: App version:      b5848ea-dirty[0m
[0;32mI (194) app_init: Compile time:     Dec 30 2025 12:08:10[0m
[0;32mI (199) app_init: ELF file SHA256:  39d0efb50...[0m
[0;32mI (204) app_init: ESP-IDF:          v6.1-dev-1323-gf6aaf22278-dirty[0m
[0;32mI (210) efuse_init: Min chip rev:     v0.0[0m
[0;32mI (213) efuse_init: Max chip rev:     v3.99 [0m
[0;32mI (217) efuse_init: Chip rev:         v1.0[0m
[0;32mI (222) heap_init: Initializing. RAM available for dynamic allocation:[0m
[0;32mI (228) heap_init: At 3FFAE6E0 len 00001920 (6 KiB): DRAM[0m
[0;32mI (233) heap_init: At 3FFB30B8 len 0002CF48 (179 KiB): DRAM[0m
[0;32mI (238) heap_init: At 3FFE0440 len 00003AE0 (14 KiB): D/IRAM[0m
[0;32mI (243) heap_init: At 3FFE4350 len 0001BCB0 (111 KiB): D/IRAM[0m
[0;32mI (249) heap_init: At 4008CC78 len 00013388 (76 KiB): IRAM[0m
[0;32mI (255) spi_flash: detected chip: generic[0m
[0;32mI (258) spi_flash: flash io: dio[0m
[0;33mW (261) spi_flash: Detected size(4096k) larger than the size in the binary image header(2048k). Using the size in the binary image header.[0m
[0;32mI (274) main_task: Started on CPU0[0m
[0;32mI (284) main_task: Calling app_main()[0m
[0;32mI (284) SPI: Initializing bus SPI2...[0m
[0;32mI (284) SPI: Adding SPI Device on GPIO5...[0m
[0;32mI (284) SPI: Configuring Temperature Sensor...[0m
[0;32mI (284) SPI: Transaction Size: 16 bits[0m
[0;32mI (294) SPI: Transaction Size: 48 bits[0m
[1;31mE (294) spi_master: check_trans_valid(1101): invalid dev handle[0m
ESP_ERROR_CHECK failed: esp_err_t 0x102 (ESP_ERR_INVALID_ARG) at 0x400d56c5
file: "./main/spi_helper.c" line 75
func: SPI_Transact
expression: spi_ret

abort() was called at PC 0x40087bdb on core 0


Backtrace: 0x40087c81:0x3ffb4240 0x40087c49:0x3ffb4260 0x400876a5:0x3ffb4280 0x40087bdb:0x3ffb42f0 0x400d56c5:0x3ffb4320 0x400d5511:0x3ffb4370 0x400d383e:0x3ffb43a0 0x400dc4b5:0x3ffb43d0




ELF file SHA256: 39d0efb50

Rebooting...
ets Jun  8 2016 00:22:57

rst:0xc (SW_CPU_RESET),boot:0x13 (SPI_FAST_FLASH_BOOT)
configsip: 0, SPIWP:0xee
clk_drv:0x00,q_drv:0x00,d_drv:0x00,cs0_drv:0x00,hd_drv:0x00,wp_drv:0x00
mode:DIO, clock div:2
load:0x3fff0040,len:6376
load:0x40078000,len:15900
ho 0 tail 12 room 4
load:0x40080400,len:3920
entry 0x40080644
[0;32mI (29) boot: ESP-IDF v6.1-dev-1323-gf6aaf22278-dirty 2nd stage bootloader[0m
[0;32mI (29) boot: compile time Dec 29 2025 16:42:56[0m
[0;32mI (29) boot: Multicore bootloader[0m
[0;32mI (33) boot: chip revision: v1.0[0m
[0;32mI (35) boot.esp32: SPI Speed      : 40MHz[0m
[0;32mI (39) boot.esp32: SPI Mode       : DIO[0m
[0;32mI (43) boot.esp32: SPI Flash Size : 2MB[0m
[0;32mI (46) boot: Enabling RNG early entropy source...[0m
[0;32mI (51) boot: Partition Table:[0m
[0;32mI (53) boot: ## Label            Usage          Type ST Offset   Length[0m
[0;32mI (60) boot:  0 nvs              WiFi data        01 02 00009000 00006000[0m
[0;32mI (66) boot:  1 phy_init         RF data          01 01 0000f000 00001000[0m
[0;32mI (73) boot:  2 factory          factory app      00 00 00010000 00100000[0m
[0;32mI (79) boot: End of partition table[0m
[0;32mI (83) esp_image: segment 0: paddr=00010020 vaddr=3f400020 size=0a4d4h ( 42196) map[0m
[0;32mI (105) esp_image: segment 1: paddr=0001a4fc vaddr=3ffb0000 size=02790h ( 10128) load[0m
[0;32mI (109) esp_image: segment 2: paddr=0001cc94 vaddr=40080000 size=03384h ( 13188) load[0m
[0;32mI (115) esp_image: segment 3: paddr=00020020 vaddr=400d0020 size=0e6b0h ( 59056) map[0m
[0;32mI (137) esp_image: segment 4: paddr=0002e6d8 vaddr=40083384 size=098f4h ( 39156) load[0m
[0;32mI (154) esp_image: segment 5: paddr=00037fd4 vaddr=50000000 size=00028h (    40) load[0m
[0;32mI (160) boot: Loaded app from partition at offset 0x10000[0m
[0;32mI (161) boot: Disabling RNG early entropy source...[0m
[0;32mI (172) cpu_start: Multicore app[0m
[0;32mI (180) cpu_start: GPIO 3 and 1 are used as console UART I/O pins[0m
[0;32mI (180) cpu_start: Pro cpu start user code[0m
[0;32mI (180) cpu_start: cpu freq: 160000000 Hz[0m
[0;32mI (182) app_init: Application information:[0m
[0;32mI (186) app_init: Project name:     maestro[0m
[0;32mI (190) app_init: App version:      b5848ea-dirty[0m
[0;32mI (194) app_init: Compile time:     Dec 30 2025 12:08:10[0m
[0;32mI (199) app_init: ELF file SHA256:  39d0efb50...[0m
[0;32mI (204) app_init: ESP-IDF:          v6.1-dev-1323-gf6aaf22278-dirty[0m
[0;32mI (210) efuse_init: Min chip rev:     v0.0[0m
[0;32mI (213) efuse_init: Max chip rev:     v3.99 [0m
[0;32mI (217) efuse_init: Chip rev:         v1.0[0m
[0;32mI (222) heap_init: Initializing. RAM available for dynamic allocation:[0m
[0;32mI (228) heap_init: At 3FFAE6E0 len 00001920 (6 KiB): DRAM[0m
[0;32mI (233) heap_init: At 3FFB30B8 len 0002CF48 (179 KiB): DRAM[0m
[0;32mI (238) heap_init: At 3FFE0440 len 00003AE0 (14 KiB): D/IRAM[0m
[0;32mI (243) heap_init: At 3FFE4350 len 0001BCB0 (111 KiB): D/IRAM[0m
[0;32mI (249) heap_init: At 4008CC78 len 00013388 (76 KiB): IRAM[0m
[0;32mI (255) spi_flash: detected chip: generic[0m
[0;32mI (258) spi_flash: flash io: dio[0m
[0;33mW (261) spi_flash: Detected size(4096k) larger than the size in the binary image header(2048k). Using the size in the binary image header.[0m
[0;32mI (274) main_task: Started on CPU0[0m
[0;32mI (284) main_task: Calling app_main()[0m
[0;32mI (284) SPI: Initializing bus SPI2...[0m
[0;32mI (284) SPI: Adding SPI Device on GPIO5...[0m
[0;32mI (284) SPI: Configuring Temperature Sensor...[0m
[0;32mI (284) SPI: Transaction Size: 16 bits[0m
[0;32mI (294) SPI: Transaction Size: 48 bits[0m
[1;31mE (294) spi_master: check_trans_valid(1101): invalid dev handle[0m
ESP_ERROR_CHECK failed: esp_err_t 0x102 (ESP_ERR_INVALID_ARG) at 0x400d56c5
file: "./main/spi_helper.c" line 75
func: SPI_Transact
expression: spi_ret

abort() was called at PC 0x40087bdb on core 0


Backtrace: 0x40087c81:0x3ffb4240 0x40087c49:0x3ffb4260 0x400876a5:0x3ffb4280 0x40087bdb:0x3ffb42f0 0x400d56c5:0x3ffb4320 0x400d5511:0x3ffb4370 0x400d383e:0x3ffb43a0 0x400dc4b5:0x3ffb43d0




ELF file SHA256: 39d0efb50

Rebooting...
ets Jun  8 2016 00:22:57

rst:0xc (SW_CPU_RESET),boot:0x13 (SPI_FAST_FLASH_BOOT)
configsip: 0, SPIWP:0xee
clk_drv:0x00,q_drv:0x00,d_drv:0x00,cs0_drv:0x00,hd_drv:0x00,wp_drv:0x00
mode:DIO, clock div:2
load:0x3fff0040,len:6376
load:0x40078000,len:15900
ho 0 tail 12 room 4
load:0x40080400,len:3920
entry 0x40080644
[0;32mI (29) boot: ESP-IDF v6.1-dev-1323-gf6aaf22278-dirty 2nd stage bootloader[0m
[0;32mI (29) boot: compile time Dec 29 2025 16:42:56[0m
[0;32mI (29) boot: Multicore bootloader[0m
[0;32mI (33) boot: chip revision: v1.0[0m
[0;32mI (35) boot.esp32: SPI Speed      : 40MHz[0m
[0;32mI (39) boot.esp32: SPI Mode       : DIO[0m
[0;32mI (43) boot.esp32: SPI Flash Size : 2MB[0m
[0;32mI (46) boot: Enabling RNG early entropy source...[0m
[0;32mI (51) boot: Partition Table:[0m
[0;32mI (53) boot: ## Label            Usage          Type ST Offset   Length[0m
[0;32mI (60) boot:  0 nvs              WiFi data        01 02 00009000 00006000[0m
[0;32mI (66) boot:  1 phy_init         RF data          01 01 0000f000 00001000[0m
[0;32mI (73) boot:  2 factory          factory app      00 00 00010000 00100000[0m
[0;32mI (79) boot: End of partition table[0m
[0;32mI (83) esp_image: segment 0: paddr=00010020 vaddr=3f400020 size=0a4d4h ( 42196) map[0m
[0;32mI (105) esp_image: segment 1: paddr=0001a4fc vaddr=3ffb0000 size=02790h ( 10128) load[0m
[0;32mI (109) esp_image: segment 2: paddr=0001cc94 vaddr=40080000 size=03384h ( 13188) load[0m
[0;32mI (115) esp_image: segment 3: paddr=00020020 vaddr=400d0020 size=0e6b0h ( 59056) map[0m
[0;32mI (137) esp_image: segment 4: paddr=0002e6d8 vaddr=40083384 size=098f4h ( 39156) load[0m
[0;32mI (154) esp_image: segment 5: paddr=00037fd4 vaddr=50000000 size=00028h (    40) load[0m
[0;32mI (160) boot: Loaded app from partition at offset 0x10000[0m
[0;32mI (161) boot: Disabling RNG early entropy source...[0m
[0;32mI (172) cpu_start: Multicore app[0m
[0;32mI (180) cpu_start: GPIO 3 and 1 are used as console UART I/O pins[0m
[0;32mI (180) cpu_start: Pro cpu start user code[0m
[0;32mI (180) cpu_start: cpu freq: 160000000 Hz[0m
[0;32mI (182) app_init: Application information:[0m
[0;32mI (186) app_init: Project name:     maestro[0m
[0;32mI (190) app_init: App version:      b5848ea-dirty[0m
[0;32mI (194) app_init: Compile time:     Dec 30 2025 12:08:10[0m
[0;32mI (199) app_init: ELF file SHA256:  39d0efb50...[0m
[0;32mI (204) app_init: ESP-IDF:          v6.1-dev-1323-gf6aaf22278-dirty[0m
[0;32mI (210) efuse_init: Min chip rev:     v0.0[0m
[0;32mI (213) efuse_init: Max chip rev:     v3.99 [0m
[0;32mI (217) efuse_init: Chip rev:         v1.0[0m
[0;32mI (221) heap_init: Initializing. RAM available for dynamic allocation:[0m
[0;32mI (228) heap_init: At 3FFAE6E0 len 00001920 (6 KiB): DRAM[0m
[0;32mI (233) heap_init: At 3FFB30B8 len 0002CF48 (179 KiB): DRAM[0m
[0;32mI (238) heap_init: At 3FFE0440 len 00003AE0 (14 KiB): D/IRAM[0m
[0;32mI (243) heap_init: At 3FFE4350 len 0001BCB0 (111 KiB): D/IRAM[0m
[0;32mI (249) heap_init: At 4008CC78 len 00013388 (76 KiB): IRAM[0m
[0;32mI (255) spi_flash: detected chip: generic[0m
[0;32mI (258) spi_flash: flash io: dio[0m
[0;33mW (261) spi_flash: Detected size(4096k) larger than the size in the binary image header(2048k). Using the size in the binary image header.[0m
[0;32mI (274) main_task: Started on CPU0[0m
[0;32mI (284) main_task: Calling app_main()[0m
[0;32mI (284) SPI: Initializing bus SPI2...[0m
[0;32mI (284) SPI: Adding SPI Device on GPIO5...[0m
[0;32mI (284) SPI: Configuring Temperature Sensor...[0m
[0;32mI (284) SPI: Transaction Size: 16 bits[0m
[0;32mI (294) SPI: Transaction Size: 48 bits[0m
[1;31mE (294) spi_master: check_trans_valid(1101): invalid dev handle[0m
ESP_ERROR_CHECK failed: esp_err_t 0x102 (ESP_ERR_INVALID_ARG) at 0x400d56c5
file: "./main/spi_helper.c" line 75
func: SPI_Transact
expression: spi_ret

abort() was called at PC 0x40087bdb on core 0


Backtrace: 0x40087c81:0x3ffb4240 0x40087c49:0x3ffb4260 0x400876a5:0x3ffb4280 0x40087bdb:0x3ffb42f0 0x400d56c5:0x3ffb4320 0x400d5511:0x3ffb4370 0x400d383e:0x3ffb43a0 0x400dc4b5:0x3ffb43d0




ELF file SHA256: 39d0efb50

Rebooting...
ets Jun  8 2016 00:22:57

rst:0xc (SW_CPU_RESET),boot:0x13 (SPI_FAST_FLASH_BOOT)
configsip: 0, SPIWP:0xee
clk_drv:0x00,q_drv:0x00,d_drv:0x00,cs0_drv:0x00,hd_drv:0x00,wp_drv:0x00
mode:DIO, clock div:2
load:0x3fff0040,len:6376
load:0x40078000,len:15900
ho 0 tail 12 room 4
load:0x40080400,len:3920
entry 0x40080644
[0;32mI (29) boot: ESP-IDF v6.1-dev-1323-gf6aaf22278-dirty 2nd stage bootloader[0m
[0;32mI (29) boot: compile time Dec 29 2025 16:42:56[0m
[0;32mI (29) boot: Multicore bootloader[0m
[0;32mI (33) boot: chip revision: v1.0[0m
[0;32mI (35) boot.esp32: SPI Speed      : 40MHz[0m
[0;32mI (39) boot.esp32: SPI Mode       : DIO[0m
[0;32mI (43) boot.esp32: SPI Flash Size : 2MB[0m
[0;32mI (46) boot: Enabling RNG early entropy source...[0m
[0;32mI (51) boot: Partition Table:[0m
[0;32mI (53) boot: ## Label            Usage          Type ST Offset   Length[0m
[0;32mI (60) boot:  0 nvs              WiFi data        01 02 00009000 00006000[0m
[0;32mI (66) boot:  1 phy_init         RF data          01 01 0000f000 00001000[0m
[0;32mI (73) boot:  2 factory          factory app      00 00 00010000 00100000[0m
[0;32mI (79) boot: End of partition table[0m
[0;32mI (83) esp_image: segment 0: paddr=00010020 vaddr=3f400020 size=0a4d4h ( 42196) map[0m
[0;32mI (105) esp_image: segment 1: paddr=0001a4fc vaddr=3ffb0000 size=02790h ( 10128) load[0m
[0;32mI (109) esp_image: segment 2: paddr=0001cc94 vaddr=40080000 size=03384h ( 13188) load[0m
[0;32mI (115) esp_image: segment 3: paddr=00020020 vaddr=400d0020 size=0e6b0h ( 59056) map[0m
[0;32mI (137) esp_image: segment 4: paddr=0002e6d8 vaddr=40083384 size=098f4h ( 39156) load[0m
[0;32mI (154) esp_image: segment 5: paddr=00037fd4 vaddr=50000000 size=00028h (    40) load[0m
[0;32mI (160) boot: Loaded app from partition at offset 0x10000[0m
[0;32mI (161) boot: Disabling RNG early entropy source...[0m
[0;32mI (172) cpu_start: Multicore app[0m
[0;32mI (180) cpu_start: GPIO 3 and 1 are used as console UART I/O pins[0m
[0;32mI (180) cpu_start: Pro cpu start user code[0m
[0;32mI (180) cpu_start: cpu freq: 160000000 Hz[0m
[0;32mI (182) app_init: Application information:[0m
[0;32mI (186) app_init: Project name:     maestro[0m
[0;32mI (190) app_init: App version:      b5848ea-dirty[0m
[0;32mI (194) app_init: Compile time:     Dec 30 2025 12:08:10[0m
[0;32mI (199) app_init: ELF file SHA256:  39d0efb50...[0m
[0;32mI (204) app_init: ESP-IDF:          v6.1-dev-1323-gf6aaf22278-dirty[0m
[0;32mI (210) efuse_init: Min chip rev:     v0.0[0m
[0;32mI (213) efuse_init: Max chip rev:     v3.99 [0m
[0;32mI (217) efuse_init: Chip rev:         v1.0[0m
[0;32mI (221) heap_init: Initializing. RAM available for dynamic allocation:[0m
[0;32mI (228) heap_init: At 3FFAE6E0 len 00001920 (6 KiB): DRAM[0m
[0;32mI (233) heap_init: At 3FFB30B8 len 0002CF48 (179 KiB): DRAM[0m
[0;32mI (238) heap_init: At 3FFE0440 len 00003AE0 (14 KiB): D/IRAM[0m
[0;32mI (243) heap_init: At 3FFE4350 len 0001BCB0 (111 KiB): D/IRAM[0m
[0;32mI (249) heap_init: At 4008CC78 len 00013388 (76 KiB): IRAM[0m
[0;32mI (255) spi_flash: detected chip: generic[0m
[0;32mI (258) spi_flash: flash io: dio[0m
[0;33mW (261) spi_flash: Detected size(4096k) larger than the size in the binary image header(2048k). Using the size in the binary image header.[0m
[0;32mI (274) main_task: Started on CPU0[0m
[0;32mI (284) main_task: Calling app_main()[0m
[0;32mI (284) SPI: Initializing bus SPI2...[0m
[0;32mI (284) SPI: Adding SPI Device on GPIO5...[0m
[0;32mI (284) SPI: Configuring Temperature Sensor...[0m
[0;32mI (284) SPI: Transaction Size: 16 bits[0m
[0;32mI (294) SPI: Transaction Size: 48 bits[0m
[1;31mE (294) spi_master: check_trans_valid(1101): invalid dev handle[0m
ESP_ERROR_CHECK failed: esp_err_t 0x102 (ESP_ERR_INVALID_ARG) at 0x400d56c5
file: "./main/spi_helper.c" line 75
func: SPI_Transact
expression: spi_ret

abort() was called at PC 0x40087bdb on core 0


Backtrace: 0x40087c81:0x3ffb4240 0x40087c49:0x3ffb4260 0x400876a5:0x3ffb4280 0x40087bdb:0x3ffb42f0 0x400d56c5:0x3ffb4320 0x400d5511:0x3ffb4370 0x400d383e:0x3ffb43a0 0x400dc4b5:0x3ffb43d0




ELF file SHA256: 39d0efb50

Rebooting...
ets Jun  8 2016 00:22:57

rst:0xc (SW_CPU_RESET),boot:0x13 (SPI_FAST_FLASH_BOOT)
configsip: 0, SPIWP:0xee
clk_drv:0x00,q_drv:0x00,d_drv:0x00,cs0_drv:0x00,hd_drv:0x00,wp_drv:0x00
mode:DIO, clock div:2
load:0x3fff0040,len:6376
load:0x40078000,len:15900
ho 0 tail 12 room 4
load:0x40080400,len:3920
entry 0x40080644
[0;32mI (29) boot: ESP-IDF v6.1-dev-1323-gf6aaf22278-dirty 2nd stage bootloader[0m
[0;32mI (29) boot: compile time Dec 29 2025 16:42:56[0m
[0;32mI (29) boot: Multicore bootloader[0m
[0;32mI (33) boot: chip revision: v1.0[0m
[0;32mI (35) boot.esp32: SPI Speed      : 40MHz[0m
[0;32mI (39) boot.esp32: SPI Mode       : DIO[0m
[0;32mI (43) boot.esp32: SPI Flash Size : 2MB[0m
[0;32mI (46) boot: Enabling RNG early entropy source...[0m
[0;32mI (51) boot: Partition Table:[0m
[0;32mI (53) boot: ## Label            Usage          Type ST Offset   Length[0m
[0;32mI (60) boot:  0 nvs              WiFi data        01 02 00009000 00006000[0m
[0;32mI (66) boot:  1 phy_init         RF data          01 01 0000f000 00001000[0m
[0;32mI (73) boot:  2 factory          factory app      00 00 00010000 00100000[0m
[0;32mI (79) boot: End of partition table[0m
[0;32mI (83) esp_image: segment 0: paddr=00010020 vaddr=3f400020 size=0a4d4h ( 42196) map[0m
[0;32mI (105) esp_image: segment 1: paddr=0001a4fc vaddr=3ffb0000 size=02790h ( 10128) load[0m
[0;32mI (109) esp_image: segment 2: paddr=0001cc94 vaddr=40080000 size=03384h ( 13188) load[0m
[0;32mI (115) esp_image: segment 3: paddr=00020020 vaddr=400d0020 size=0e6b0h ( 59056) map[0m
[0;32mI (137) esp_image: segment 4: paddr=0002e6d8 vaddr=40083384 size=098f4h ( 39156) load[0m
[0;32mI (154) esp_image: segment 5: paddr=00037fd4 vaddr=50000000 size=00028h (    40) load[0m
[0;32mI (160) boot: Loaded app from partition at offset 0x10000[0m
[0;32mI (161) boot: Disabling RNG early entropy source...[0m
[0;32mI (172) cpu_start: Multicore app[0m
[0;32mI (180) cpu_start: GPIO 3 and 1 are used as console UART I/O pins[0m
[0;32mI (180) cpu_start: Pro cpu start user code[0m
[0;32mI (180) cpu_start: cpu freq: 160000000 Hz[0m
[0;32mI (182) app_init: Application information:[0m
[0;32mI (186) app_init: Project name:     maestro[0m
[0;32mI (190) app_init: App version:      b5848ea-dirty[0m
[0;32mI (194) app_init: Compile time:     Dec 30 2025 12:08:10[0m
[0;32mI (199) app_init: ELF file SHA256:  39d0efb50...[0m
[0;32mI (204) app_init: ESP-IDF:          v6.1-dev-1323-gf6aaf22278-dirty[0m
[0;32mI (210) efuse_init: Min chip rev:     v0.0[0m
[0;32mI (213) efuse_init: Max chip rev:     v3.99 [0m
[0;32mI (217) efuse_init: Chip rev:         v1.0[0m
[0;32mI (222) heap_init: Initializing. RAM available for dynamic allocation:[0m
[0;32mI (228) heap_init: At 3FFAE6E0 len 00001920 (6 KiB): DRAM[0m
[0;32mI (233) heap_init: At 3FFB30B8 len 0002CF48 (179 KiB): DRAM[0m
[0;32mI (238) heap_init: At 3FFE0440 len 00003AE0 (14 KiB): D/IRAM[0m
[0;32mI (243) heap_init: At 3FFE4350 len 0001BCB0 (111 KiB): D/IRAM[0m
[0;32mI (249) heap_init: At 4008CC78 len 00013388 (76 KiB): IRAM[0m
[0;32mI (255) spi_flash: detected chip: generic[0m
[0;32mI (258) spi_flash: flash io: dio[0m
[0;33mW (261) spi_flash: Detected size(4096k) larger than the size in the binary image header(2048k). Using the size in the binary image header.[0m
[0;32mI (274) main_task: Started on CPU0[0m
[0;32mI (284) main_task: Calling app_main()[0m
[0;32mI (284) SPI: Initializing bus SPI2...[0m
[0;32mI (284) SPI: Adding SPI Device on GPIO5...[0m
[0;32mI (284) SPI: Configuring Temperature Sensor...[0m
[0;32mI (284) SPI: Transaction Size: 16 bits[0m
[0;32mI (294) SPI: Transaction Size: 48 bits[0m
[1;31mE (294) spi_master: check_trans_valid(1101): invalid dev handle[0m
ESP_ERROR_CHECK failed: esp_err_t 0x102 (ESP_ERR_INVALID_ARG) at 0x400d56c5
file: "./main/spi_helper.c" line 75
func: SPI_Transact
expression: spi_ret

abort() was called at PC 0x40087bdb on core 0


Backtrace: 0x40087c81:0x3ffb4240 0x40087c49:0x3ffb4260 0x400876a5:0x3ffb4280 0x40087bdb:0x3ffb42f0 0x400d56c5:0x3ffb4320 0x400d5511:0x3ffb4370 0x400d383e:0x3ffb43a0 0x400dc4b5:0x3ffb43d0




ELF file SHA256: 39d0efb50

Rebooting...
ets Jun  8 2016 00:22:57

rst:0xc (SW_CPU_RESET),boot:0x13 (SPI_FAST_FLASH_BOOT)
configsip: 0, SPIWP:0xee
clk_drv:0x00,q_drv:0x00,d_drv:0x00,cs0_drv:0x00,hd_drv:0x00,wp_drv:0x00
mode:DIO, clock div:2
load:0x3fff0040,len:6376
load:0x40078000,len:15900
ho 0 tail 12 room 4
load:0x40080400,len:3920
entry 0x40080644
[0;32mI (29) boot: ESP-IDF v6.1-dev-1323-gf6aaf22278-dirty 2nd stage bootloader[0m
[0;32mI (29) boot: compile time Dec 29 2025 16:42:56[0m
[0;32mI (29) boot: Multicore bootloader[0m
[0;32mI (33) boot: chip revision: v1.0[0m
[0;32mI (35) boot.esp32: SPI Speed      : 40MHz[0m
[0;32mI (39) boot.esp32: SPI Mode       : DIO[0m
[0;32mI (43) boot.esp32: SPI Flash Size : 2MB[0m
[0;32mI (46) boot: Enabling RNG early entropy source...[0m
[0;32mI (51) boot: Partition Table:[0m
[0;32mI (53) boot: ## Label            Usage          Type ST Offset   Length[0m
[0;32mI (60) boot:  0 nvs              WiFi data        01 02 00009000 00006000[0m
[0;32mI (66) boot:  1 phy_init         RF data          01 01 0000f000 00001000[0m
[0;32mI (73) boot:  2 factory          factory app      00 00 00010000 00100000[0m
[0;32mI (79) boot: End of partition table[0m
[0;32mI (83) esp_image: segment 0: paddr=00010020 vaddr=3f400020 size=0a4d4h ( 42196) map[0m
[0;32mI (105) esp_image: segment 1: paddr=0001a4fc vaddr=3ffb0000 size=02790h ( 10128) load[0m
[0;32mI (109) esp_image: segment 2: paddr=0001cc94 vaddr=40080000 size=03384h ( 13188) load[0m
[0;32mI (115) esp_image: segment 3: paddr=00020020 vaddr=400d0020 size=0e6b0h ( 59056) map[0m
[0;32mI (137) esp_image: segment 4: paddr=0002e6d8 vaddr=40083384 size=098f4h ( 39156) load[0m
[0;32mI (154) esp_image: segment 5: paddr=00037fd4 vaddr=50000000 size=00028h (    40) load[0m
[0;32mI (160) boot: Loaded app from partition at offset 0x10000[0m
[0;32mI (161) boot: Disabling RNG early entropy source...[0m
[0;32mI (172) cpu_start: Multicore app[0m
[0;32mI (180) cpu_start: GPIO 3 and 1 are used as console UART I/O pins[0m
[0;32mI (180) cpu_start: Pro cpu start user code[0m
[0;32mI (180) cpu_start: cpu freq: 160000000 Hz[0m
[0;32mI (182) app_init: Application information:[0m
[0;32mI (186) app_init: Project name:     maestro[0m
[0;32mI (190) app_init: App version:      b5848ea-dirty[0m
[0;32mI (194) app_init: Compile time:     Dec 30 2025 12:08:10[0m
[0;32mI (199) app_init: ELF file SHA256:  39d0efb50...[0m
[0;32mI (204) app_init: ESP-IDF:          v6.1-dev-1323-gf6aaf22278-dirty[0m
[0;32mI (210) efuse_init: Min chip rev:     v0.0[0m
[0;32mI (213) efuse_init: Max chip rev:     v3.99 [0m
[0;32mI (217) efuse_init: Chip rev:         v1.0[0m
[0;32mI (222) heap_init: Initializing. RAM available for dynamic allocation:[0m
[0;32mI (228) heap_init: At 3FFAE6E0 len 00001920 (6 KiB): DRAM[0m
[0;32mI (233) heap_init: At 3FFB30B8 len 0002CF48 (179 KiB): DRAM[0m
[0;32mI (238) heap_init: At 3FFE0440 len 00003AE0 (14 KiB): D/IRAM[0m
[0;32mI (243) heap_init: At 3FFE4350 len 0001BCB0 (111 KiB): D/IRAM[0m
[0;32mI (249) heap_init: At 4008CC78 len 00013388 (76 KiB): IRAM[0m
[0;32mI (255) spi_flash: detected chip: generic[0m
[0;32mI (258) spi_flash: flash io: dio[0m
[0;33mW (261) spi_flash: Detected size(4096k) larger than the size in the binary image header(2048k). Using the size in the binary image header.[0m
[0;32mI (274) main_task: Started on CPU0[0m
[0;32mI (284) main_task: Calling app_main()[0m
[0;32mI (284) SPI: Initializing bus SPI2...[0m
[0;32mI (284) SPI: Adding SPI Device on GPIO5...[0m
[0;32mI (284) SPI: Configuring Temperature Sensor...[0m
[0;32mI (284) SPI: Transaction Size: 16 bits[0m
[0;32mI (294) SPI: Transaction Size: 48 bits[0m
[1;31mE (294) spi_master: check_trans_valid(1101): invalid dev handle[0m
ESP_ERROR_CHECK failed: esp_err_t 0x102 (ESP_ERR_INVALID_ARG) at 0x400d56c5
file: "./main/spi_helper.c" line 75
func: SPI_Transact
expression: spi_ret

abort() was called at PC 0x40087bdb on core 0


Backtrace: 0x40087c81:0x3ffb4240 0x40087c49:0x3ffb4260 0x400876a5:0x3ffb4280 0x40087bdb:0x3ffb42f0 0x400d56c5:0x3ffb4320 0x400d5511:0x3ffb4370 0x400d383e:0x3ffb43a0 0x400dc4b5:0x3ffb43d0




ELF file SHA256: 39d0efb50

Rebooting...
ets Jun  8 2016 00:22:57

rst:0xc (SW_CPU_RESET),boot:0x13 (SPI_FAST_FLASH_BOOT)
configsip: 0, SPIWP:0xee
clk_drv:0x00,q_drv:0x00,d_drv:0x00,cs0_drv:0x00,hd_drv:0x00,wp_drv:0x00
mode:DIO, clock div:2
load:0x3fff0040,len:6376
load:0x40078000,len:15900
ho 0 tail 12 room 4
load:0x40080400,len:3920
entry 0x40080644
[0;32mI (29) boot: ESP-IDF v6.1-dev-1323-gf6aaf22278-dirty 2nd stage bootloader[0m
[0;32mI (29) boot: compile time Dec 29 2025 16:42:56[0m
[0;32mI (29) boot: Multicore bootloader[0m
[0;32mI (33) boot: chip revision: v1.0[0m
[0;32mI (35) boot.esp32: SPI Speed      : 40MHz[0m
[0;32mI (39) boot.esp32: SPI Mode       : DIO[0m
[0;32mI (43) boot.esp32: SPI Flash Size : 2MB[0m
[0;32mI (46) boot: Enabling RNG early entropy source...[0m
[0;32mI (51) boot: Partition Table:[0m
[0;32mI (53) boot: ## Label            Usage          Type ST Offset   Length[0m
[0;32mI (60) boot:  0 nvs              WiFi data        01 02 00009000 00006000[0m
[0;32mI (66) boot:  1 phy_init         RF data          01 01 0000f000 00001000[0m
[0;32mI (73) boot:  2 factory          factory app      00 00 00010000 00100000[0m
[0;32mI (79) boot: End of partition table[0m
[0;32mI (83) esp_image: segment 0: paddr=00010020 vaddr=3f400020 size=0a4d4h ( 42196) map[0m
[0;32mI (105) esp_image: segment 1: paddr=0001a4fc vaddr=3ffb0000 size=02790h ( 10128) load[0m
[0;32mI (109) esp_image: segment 2: paddr=0001cc94 vaddr=40080000 size=03384h ( 13188) load[0m
[0;32mI (115) esp_image: segment 3: paddr=00020020 vaddr=400d0020 size=0e6b0h ( 59056) map[0m
[0;32mI (137) esp_image: segment 4: paddr=0002e6d8 vaddr=40083384 size=098f4h ( 39156) load[0m
[0;32mI (154) esp_image: segment 5: paddr=00037fd4 vaddr=50000000 size=00028h (    40) load[0m
[0;32mI (160) boot: Loaded app from partition at offset 0x10000[0m
[0;32mI (161) boot: Disabling RNG early entropy source...[0m
[0;32mI (172) cpu_start: Multicore app[0m
[0;32mI (180) cpu_start: GPIO 3 and 1 are used as console UART I/O pins[0m
[0;32mI (180) cpu_start: Pro cpu start user code[0m
[0;32mI (180) cpu_start: cpu freq: 160000000 Hz[0m
[0;32mI (182) app_init: Application information:[0m
[0;32mI (186) app_init: Project name:     maestro[0m
[0;32mI (190) app_init: App version:      b5848ea-dirty[0m
[0;32mI (194) app_init: Compile time:     Dec 30 2025 12:08:10[0m
[0;32mI (199) app_init: ELF file SHA256:  39d0efb50...[0m
[0;32mI (204) app_init: ESP-IDF:          v6.1-dev-1323-gf6aaf22278-dirty[0m
[0;32mI (210) efuse_init: Min chip rev:     v0.0[0m
[0;32mI (213) efuse_init: Max chip rev:     v3.99 [0m
[0;32mI (217) efuse_init: Chip rev:         v1.0[0m
[0;32mI (221) heap_init: Initializing. RAM available for dynamic allocation:[0m
[0;32mI (228) heap_init: At 3FFAE6E0 len 00001920 (6 KiB): DRAM[0m
[0;32mI (233) heap_init: At 3FFB30B8 len 0002CF48 (179 KiB): DRAM[0m
[0;32mI (238) heap_init: At 3FFE0440 len 00003AE0 (14 KiB): D/IRAM[0m
[0;32mI (243) heap_init: At 3FFE4350 len 0001BCB0 (111 KiB): D/IRAM[0m
[0;32mI (249) heap_init: At 4008CC78 len 00013388 (76 KiB): IRAM[0m
[0;32mI (255) spi_flash: detected chip: generic[0m
[0;32mI (258) spi_flash: flash io: dio[0m
[0;33mW (261) spi_flash: Detected size(4096k) larger than the size in the binary image header(2048k). Using the size in the binary image header.[0m
[0;32mI (274) main_task: Started on CPU0[0m
[0;32mI (284) main_task: Calling app_main()[0m
[0;32mI (284) SPI: Initializing bus SPI2...[0m
[0;32mI (284) SPI: Adding SPI Device on GPIO5...[0m
[0;32mI (284) SPI: Configuring Temperature Sensor...[0m
[0;32mI (284) SPI: Transaction Size: 16 bits[0m
[0;32mI (294) SPI: Transaction Size: 48 bits[0m
[1;31mE (294) spi_master: check_trans_valid(1101): invalid dev handle[0m
ESP_ERROR_CHECK failed: esp_err_t 0x102 (ESP_ERR_INVALID_ARG) at 0x400d56c5
file: "./main/spi_helper.c" line 75
func: SPI_Transact
expression: spi_ret

abort() was called at PC 0x40087bdb on core 0


Backtrace: 0x40087c81:0x3ffb4240 0x40087c49:0x3ffb4260 0x400876a5:0x3ffb4280 0x40087bdb:0x3ffb42f0 0x400d56c5:0x3ffb4320 0x400d5511:0x3ffb4370 0x400d383e:0x3ffb43a0 0x400dc4b5:0x3ffb43d0




ELF file SHA256: 39d0efb50

Rebooting...
ets Jun  8 2016 00:22:57

rst:0xc (SW_CPU_RESET),boot:0x13 (SPI_FAST_FLASH_BOOT)
configsip: 0, SPIWP:0xee
clk_drv:0x00,q_drv:0x00,d_drv:0x00,cs0_drv:0x00,hd_drv:0x00,wp_drv:0x00
mode:DIO, clock div:2
load:0x3fff0040,len:6376
load:0x40078000,len:15900
ho 0 tail 12 room 4
load:0x40080400,len:3920
entry 0x40080644
[0;32mI (29) boot: ESP-IDF v6.1-dev-1323-gf6aaf22278-dirty 2nd stage bootloader[0m
[0;32mI (29) boot: compile time Dec 29 2025 16:42:56[0m
[0;32mI (29) boot: Multicore bootloader[0m
[0;32mI (33) boot: chip revision: v1.0[0m
[0;32mI (35) boot.esp32: SPI Speed      : 40MHz[0m
[0;32mI (39) boot.esp32: SPI Mode       : DIO[0m
[0;32mI (43) boot.esp32: SPI Flash Size : 2MB[0m
[0;32mI (46) boot: Enabling RNG early entropy source...[0m
[0;32mI (51) boot: Partition Table:[0m
[0;32mI (53) boot: ## Label            Usage          Type ST Offset   Length[0m
[0;32mI (60) boot:  0 nvs              WiFi data        01 02 00009000 00006000[0m
[0;32mI (66) boot:  1 phy_init         RF data          01 01 0000f000 00001000[0m
[0;32mI (73) boot:  2 factory          factory app      00 00 00010000 00100000[0m
[0;32mI (79) boot: End of partition table[0m
[0;32mI (83) esp_image: segment 0: paddr=00010020 vaddr=3f400020 size=0a4d4h ( 42196) map[0m
[0;32mI (105) esp_image: segment 1: paddr=0001a4fc vaddr=3ffb0000 size=02790h ( 10128) load[0m
[0;32mI (109) esp_image: segment 2: paddr=0001cc94 vaddr=40080000 size=03384h ( 13188) load[0m
[0;32mI (115) esp_image: segment 3: paddr=00020020 vaddr=400d0020 size=0e6b0h ( 59056) map[0m
[0;32mI (137) esp_image: segment 4: paddr=0002e6d8 vaddr=40083384 size=098f4h ( 39156) load[0m
[0;32mI (154) esp_image: segment 5: paddr=00037fd4 vaddr=50000000 size=00028h (    40) load[0m
[0;32mI (160) boot: Loaded app from partition at offset 0x10000[0m
[0;32mI (161) boot: Disabling RNG early entropy source...[0m
[0;32mI (172) cpu_start: Multicore app[0m
[0;32mI (180) cpu_start: GPIO 3 and 1 are used as console UART I/O pins[0m
[0;32mI (180) cpu_start: Pro cpu start user code[0m
[0;32mI (180) cpu_start: cpu freq: 160000000 Hz[0m
[0;32mI (182) app_init: Application information:[0m
[0;32mI (186) app_init: Project name:     maestro[0m
[0;32mI (190) app_init: App version:      b5848ea-dirty[0m
[0;32mI (194) app_init: Compile time:     Dec 30 2025 12:08:10[0m
[0;32mI (199) app_init: ELF file SHA256:  39d0efb50...[0m
[0;32mI (204) app_init: ESP-IDF:          v6.1-dev-1323-gf6aaf22278-dirty[0m
[0;32mI (210) efuse_init: Min chip rev:     v0.0[0m
[0;32mI (213) efuse_init: Max chip rev:     v3.99 [0m
[0;32mI (217) efuse_init: Chip rev:         v1.0[0m
[0;32mI (222) heap_init: Initializing. RAM available for dynamic allocation:[0m
[0;32mI (228) heap_init: At 3FFAE6E0 len 00001920 (6 KiB): DRAM[0m
[0;32mI (233) heap_init: At 3FFB30B8 len 0002CF48 (179 KiB): DRAM[0m
[0;32mI (238) heap_init: At 3FFE0440 len 00003AE0 (14 KiB): D/IRAM[0m
[0;32mI (243) heap_init: At 3FFE4350 len 0001BCB0 (111 KiB): D/IRAM[0m
[0;32mI (249) heap_init: At 4008CC78 len 00013388 (76 KiB): IRAM[0m
[0;32mI (255) spi_flash: detected chip: generic[0m
[0;32mI (258) spi_flash: flash io: dio[0m
[0;33mW (261) spi_flash: Detected size(4096k) larger than the size in the binary image header(2048k). Using the size in the binary image header.[0m
[0;32mI (274) main_task: Started on CPU0[0m
[0;32mI (284) main_task: Calling app_main()[0m
[0;32mI (284) SPI: Initializing bus SPI2...[0m
[0;32mI (284) SPI: Adding SPI Device on GPIO5...[0m
[0;32mI (284) SPI: Configuring Temperature Sensor...[0m
[0;32mI (284) SPI: Transaction Size: 16 bits[0m
[0;32mI (294) SPI: Transaction Size: 48 bits[0m
[1;31mE (294) spi_master: check_trans_valid(1101): invalid dev handle[0m
ESP_ERROR_CHECK failed: esp_err_t 0x102 (ESP_ERR_INVALID_ARG) at 0x400d56c5
file: "./main/spi_helper.c" line 75
func: SPI_Transact
expression: spi_ret

abort() was called at PC 0x40087bdb on core 0


Backtrace: 0x40087c81:0x3ffb4240 0x40087c49:0x3ffb4260 0x400876a5:0x3ffb4280 0x40087bdb:0x3ffb42f0 0x400d56c5:0x3ffb4320 0x400d5511:0x3ffb4370 0x400d383e:0x3ffb43a0 0x400dc4b5:0x3ffb43d0




ELF file SHA256: 39d0efb50

Rebooting...
ets Jun  8 2016 00:22:57

rst:0xc (SW_CPU_RESET),boot:0x13 (SPI_FAST_FLASH_BOOT)
configsip: 0, SPIWP:0xee
clk_drv:0x00,q_drv:0x00,d_drv:0x00,cs0_drv:0x00,hd_drv:0x00,wp_drv:0x00
mode:DIO, clock div:2
load:0x3fff0040,len:6376
load:0x40078000,len:15900
ho 0 tail 12 room 4
load:0x40080400,len:3920
entry 0x40080644
[0;32mI (29) boot: ESP-IDF v6.1-dev-1323-gf6aaf22278-dirty 2nd stage bootloader[0m
[0;32mI (29) boot: compile time Dec 29 2025 16:42:56[0m
[0;32mI (29) boot: Multicore bootloader[0m
[0;32mI (33) boot: chip revision: v1.0[0m
[0;32mI (35) boot.esp32: SPI Speed      : 40MHz[0m
[0;32mI (39) boot.esp32: SPI Mode       : DIO[0m
[0;32mI (43) boot.esp32: SPI Flash Size : 2MB[0m
[0;32mI (46) boot: Enabling RNG early entropy source...[0m
[0;32mI (51) boot: Partition Table:[0m
[0;32mI (53) boot: ## Label            Usage          Type ST Offset   Length[0m
[0;32mI (60) boot:  0 nvs              WiFi data        01 02 00009000 00006000[0m
[0;32mI (66) boot:  1 phy_init         RF data          01 01 0000f000 00001000[0m
[0;32mI (73) boot:  2 factory          factory app      00 00 00010000 00100000[0m
[0;32mI (79) boot: End of partition table[0m
[0;32mI (83) esp_image: segment 0: paddr=00010020 vaddr=3f400020 size=0a4d4h ( 42196) map[0m
[0;32mI (105) esp_image: segment 1: paddr=0001a4fc vaddr=3ffb0000 size=02790h ( 10128) load[0m
[0;32mI (109) esp_image: segment 2: paddr=0001cc94 vaddr=40080000 size=03384h ( 13188) load[0m
[0;32mI (115) esp_image: segment 3: paddr=00020020 vaddr=400d0020 size=0e6b0h ( 59056) map[0m
[0;32mI (137) esp_image: segment 4: paddr=0002e6d8 vaddr=40083384 size=098f4h ( 39156) load[0m
[0;32mI (154) esp_image: segment 5: paddr=00037fd4 vaddr=50000000 size=00028h (    40) load[0m
[0;32mI (160) boot: Loaded app from partition at offset 0x10000[0m
[0;32mI (161) boot: Disabling RNG early entropy source...[0m
[0;32mI (172) cpu_start: Multicore app[0m
[0;32mI (180) cpu_start: GPIO 3 and 1 are used as console UART I/O pins[0m
[0;32mI (180) cpu_start: Pro cpu start user code[0m
[0;32mI (180) cpu_start: cpu freq: 160000000 Hz[0m
[0;32mI (182) app_init: Application information:[0m
[0;32mI (186) app_init: Project name:     maestro[0m
[0;32mI (190) app_init: App version:      b5848ea-dirty[0m
[0;32mI (194) app_init: Compile time:     Dec 30 2025 12:08:10[0m
[0;32mI (199) app_init: ELF file SHA256:  39d0efb50...[0m
[0;32mI (204) app_init: ESP-IDF:          v6.1-dev-1323-gf6aaf22278-dirty[0m
[0;32mI (210) efuse_init: Min chip rev:     v0.0[0m
[0;32mI (213) efuse_init: Max chip rev:     v3.99 [0m
[0;32mI (217) efuse_init: Chip rev:         v1.0[0m
[0;32mI (221) heap_init: Initializing. RAM available for dynamic allocation:[0m
[0;32mI (228) heap_init: At 3FFAE6E0 len 00001920 (6 KiB): DRAM[0m
[0;32mI (233) heap_init: At 3FFB30B8 len 0002CF48 (179 KiB): DRAM[0m
[0;32mI (238) heap_init: At 3FFE0440 len 00003AE0 (14 KiB): D/IRAM[0m
[0;32mI (243) heap_init: At 3FFE4350 len 0001BCB0 (111 KiB): D/IRAM[0m
[0;32mI (249) heap_init: At 4008CC78 len 00013388 (76 KiB): IRAM[0m
[0;32mI (255) spi_flash: detected chip: generic[0m
[0;32mI (258) spi_flash: flash io: dio[0m
[0;33mW (261) spi_flash: Detected size(4096k) larger than the size in the binary image header(2048k). Using the size in the binary image header.[0m
[0;32mI (274) main_task: Started on CPU0[0m
[0;32mI (284) main_task: Calling app_main()[0m
[0;32mI (284) SPI: Initializing bus SPI2...[0m
[0;32mI (284) SPI: Adding SPI Device on GPIO5...[0m
[0;32mI (284) SPI: Configuring Temperature Sensor...[0m
[0;32mI (284) SPI: Transaction Size: 16 bits[0m
[0;32mI (294) SPI: Transaction Size: 48 bits[0m
[1;31mE (294) spi_master: check_trans_valid(1101): invalid dev handle[0m
ESP_ERROR_CHECK failed: esp_err_t 0x102 (ESP_ERR_INVALID_ARG) at 0x400d56c5
file: "./main/spi_helper.c" line 75
func: SPI_Transact
expression: spi_ret

abort() was called at PC 0x40087bdb on core 0


Backtrace: 0x40087c81:0x3ffb4240 0x40087c49:0x3ffb4260 0x400876a5:0x3ffb4280 0x40087bdb:0x3ffb42f0 0x400d56c5:0x3ffb4320 0x400d5511:0x3ffb4370 0x400d383e:0x3ffb43a0 0x400dc4b5:0x3ffb43d0




ELF file SHA256: 39d0efb50

Rebooting...
ets Jun  8 2016 00:22:57

rst:0xc (SW_CPU_RESET),boot:0x13 (SPI_FAST_FLASH_BOOT)
configsip: 0, SPIWP:0xee
clk_drv:0x00,q_drv:0x00,d_drv:0x00,cs0_drv:0x00,hd_drv:0x00,wp_drv:0x00
mode:DIO, clock div:2
load:0x3fff0040,len:6376
load:0x40078000,len:15900
ho 0 tail 12 room 4
load:0x40080400,len:3920
entry 0x40080644
[0;32mI (29) boot: ESP-IDF v6.1-dev-1323-gf6aaf22278-dirty 2nd stage bootloader[0m
[0;32mI (29) boot: compile time Dec 29 2025 16:42:56[0m
[0;32mI (29) boot: Multicore bootloader[0m
[0;32mI (33) boot: chip revision: v1.0[0m
[0;32mI (35) boot.esp32: SPI Speed      : 40MHz[0m
[0;32mI (39) boot.esp32: SPI Mode       : DIO[0m
[0;32mI (43) boot.esp32: SPI Flash Size : 2MB[0m
[0;32mI (46) boot: Enabling RNG early entropy source...[0m
[0;32mI (51) boot: Partition Table:[0m
[0;32mI (53) boot: ## Label            Usage          Type ST Offset   Length[0m
[0;32mI (60) boot:  0 nvs              WiFi data        01 02 00009000 00006000[0m
[0;32mI (66) boot:  1 phy_init         RF data          01 01 0000f000 00001000[0m
[0;32mI (73) boot:  2 factory          factory app      00 00 00010000 00100000[0m
[0;32mI (79) boot: End of partition table[0m
[0;32mI (83) esp_image: segment 0: paddr=00010020 vaddr=3f400020 size=0a4d4h ( 42196) map[0m
[0;32mI (105) esp_image: segment 1: paddr=0001a4fc vaddr=3ffb0000 size=02790h ( 10128) load[0m
[0;32mI (109) esp_image: segment 2: paddr=0001cc94 vaddr=40080000 size=03384h ( 13188) load[0m
[0;32mI (115) esp_image: segment 3: paddr=00020020 vaddr=400d0020 size=0e6b0h ( 59056) map[0m
[0;32mI (137) esp_image: segment 4: paddr=0002e6d8 vaddr=40083384 size=098f4h ( 39156) load[0m
[0;32mI (154) esp_image: segment 5: paddr=00037fd4 vaddr=50000000 size=00028h (    40) load[0m
[0;32mI (160) boot: Loaded app from partition at offset 0x10000[0m
[0;32mI (161) boot: Disabling RNG early entropy source...[0m
[0;32mI (172) cpu_start: Multicore app[0m
[0;32mI (180) cpu_start: GPIO 3 and 1 are used as console UART I/O pins[0m
[0;32mI (180) cpu_start: Pro cpu start user code[0m
[0;32mI (180) cpu_start: cpu freq: 160000000 Hz[0m
[0;32mI (182) app_init: Application information:[0m
[0;32mI (186) app_init: Project name:     maestro[0m
[0;32mI (190) app_init: App version:      b5848ea-dirty[0m
[0;32mI (194) app_init: Compile time:     Dec 30 2025 12:08:10[0m
[0;32mI (199) app_init: ELF file SHA256:  39d0efb50...[0m
[0;32mI (204) app_init: ESP-IDF:          v6.1-dev-1323-gf6aaf22278-dirty[0m
[0;32mI (210) efuse_init: Min chip rev:     v0.0[0m
[0;32mI (213) efuse_init: Max chip rev:     v3.99 [0m
[0;32mI (217) efuse_init: Chip rev:         v1.0[0m
[0;32mI (222) heap_init: Initializing. RAM available for dynamic allocation:[0m
[0;32mI (228) heap_init: At 3FFAE6E0 len 00001920 (6 KiB): DRAM[0m
[0;32mI (233) heap_init: At 3FFB30B8 len 0002CF48 (179 KiB): DRAM[0m
[0;32mI (238) heap_init: At 3FFE0440 len 00003AE0 (14 KiB): D/IRAM[0m
[0;32mI (243) heap_init: At 3FFE4350 len 0001BCB0 (111 KiB): D/IRAM[0m
[0;32mI (249) heap_init: At 4008CC78 len 00013388 (76 KiB): IRAM[0m
[0;32mI (255) spi_flash: detected chip: generic[0m
[0;32mI (258) spi_flash: flash io: dio[0m
[0;33mW (261) spi_flash: Detected size(4096k) larger than the size in the binary image header(2048k). Using the size in the binary image header.[0m
[0;32mI (274) main_task: Started on CPU0[0m
[0;32mI (284) main_task: Calling app_main()[0m
[0;32mI (284) SPI: Initializing bus SPI2...[0m
[0;32mI (284) SPI: Adding SPI Device on GPIO5...[0m
[0;32mI (284) SPI: Configuring Temperature Sensor...[0m
[0;32mI (284) SPI: Transaction Size: 16 bits[0m
[0;32mI (294) SPI: Transaction Size: 48 bits[0m
[1;31mE (294) spi_master: check_trans_valid(1101): invalid dev handle[0m
ESP_ERROR_CHECK failed: esp_err_t 0x102 (ESP_ERR_INVALID_ARG) at 0x400d56c5
file: "./main/spi_helper.c" line 75
func: SPI_Transact
expression: spi_ret

abort() was called at PC 0x40087bdb on core 0


Backtrace: 0x40087c81:0x3ffb4240 0x40087c49:0x3ffb4260 0x400876a5:0x3ffb4280 0x40087bdb:0x3ffb42f0 0x400d56c5:0x3ffb4320 0x400d5511:0x3ffb4370 0x400d383e:0x3ffb43a0 0x400dc4b5:0x3ffb43d0




ELF file SHA256: 39d0efb50

Rebooting...
ets Jun  8 2016 00:22:57

rst:0xc (SW_CPU_RESET),boot:0x13 (SPI_FAST_FLASH_BOOT)
configsip: 0, SPIWP:0xee
clk_drv:0x00,q_drv:0x00,d_drv:0x00,cs0_drv:0x00,hd_drv:0x00,wp_drv:0x00
mode:DIO, clock div:2
load:0x3fff0040,len:6376
load:0x40078000,len:15900
ho 0 tail 12 room 4
load:0x40080400,len:3920
entry 0x40080644
[0;32mI (29) boot: ESP-IDF v6.1-dev-1323-gf6aaf22278-dirty 2nd stage bootloader[0m
[0;32mI (29) boot: compile time Dec 29 2025 16:42:56[0m
[0;32mI (29) boot: Multicore bootloader[0m
[0;32mI (33) boot: chip revision: v1.0[0m
[0;32mI (35) boot.esp32: SPI Speed      : 40MHz[0m
[0;32mI (39) boot.esp32: SPI Mode       : DIO[0m
[0;32mI (43) boot.esp32: SPI Flash Size : 2MB[0m
[0;32mI (46) boot: Enabling RNG early entropy source...[0m
[0;32mI (51) boot: Partition Table:[0m
[0;32mI (53) boot: ## Label            Usage          Type ST Offset   Length[0m
[0;32mI (60) boot:  0 nvs              WiFi data        01 02 00009000 00006000[0m
[0;32mI (66) boot:  1 phy_init         RF data          01 01 0000f000 00001000[0m
[0;32mI (73) boot:  2 factory          factory app      00 00 00010000 00100000[0m
[0;32mI (79) boot: End of partition table[0m
[0;32mI (83) esp_image: segment 0: paddr=00010020 vaddr=3f400020 size=0a4d4h ( 42196) map[0m
[0;32mI (105) esp_image: segment 1: paddr=0001a4fc vaddr=3ffb0000 size=02790h ( 10128) load[0m
[0;32mI (109) esp_image: segment 2: paddr=0001cc94 vaddr=40080000 size=03384h ( 13188) load[0m
[0;32mI (115) esp_image: segment 3: paddr=00020020 vaddr=400d0020 size=0e6b0h ( 59056) map[0m
[0;32mI (137) esp_image: segment 4: paddr=0002e6d8 vaddr=40083384 size=098f4h ( 39156) load[0m
[0;32mI (154) esp_image: segment 5: paddr=00037fd4 vaddr=50000000 size=00028h (    40) load[0m
[0;32mI (160) boot: Loaded app from partition at offset 0x10000[0m
[0;32mI (161) boot: Disabling RNG early entropy source...[0m
[0;32mI (172) cpu_start: Multicore app[0m
[0;32mI (180) cpu_start: GPIO 3 and 1 are used as console UART I/O pins[0m
[0;32mI (180) cpu_start: Pro cpu start user code[0m
[0;32mI (180) cpu_start: cpu freq: 160000000 Hz[0m
[0;32mI (182) app_init: Application information:[0m
[0;32mI (186) app_init: Project name:     maestro[0m
[0;32mI (190) app_init: App version:      b5848ea-dirty[0m
[0;32mI (194) app_init: Compile time:     Dec 30 2025 12:08:10[0m
[0;32mI (199) app_init: ELF file SHA256:  39d0efb50...[0m
[0;32mI (204) app_init: ESP-IDF:          v6.1-dev-1323-gf6aaf22278-dirty[0m
[0;32mI (210) efuse_init: Min chip rev:     v0.0[0m
[0;32mI (213) efuse_init: Max chip rev:     v3.99 [0m
[0;32mI (217) efuse_init: Chip rev:         v1.0[0m
[0;32mI (221) heap_init: Initializing. RAM available for dynamic allocation:[0m
[0;32mI (228) heap_init: At 3FFAE6E0 len 00001920 (6 KiB): DRAM[0m
[0;32mI (233) heap_init: At 3FFB30B8 len 0002CF48 (179 KiB): DRAM[0m
[0;32mI (238) heap_init: At 3FFE0440 len 00003AE0 (14 KiB): D/IRAM[0m
[0;32mI (243) heap_init: At 3FFE4350 len 0001BCB0 (111 KiB): D/IRAM[0m
[0;32mI (249) heap_init: At 4008CC78 len 00013388 (76 KiB): IRAM[0m
[0;32mI (255) spi_flash: detected chip: generic[0m
[0;32mI (258) spi_flash: flash io: dio[0m
[0;33mW (261) spi_flash: Detected size(4096k) larger than the size in the binary image header(2048k). Using the size in the binary image header.[0m
[0;32mI (274) main_task: Started on CPU0[0m
[0;32mI (284) main_task: Calling app_main()[0m
[0;32mI (284) SPI: Initializing bus SPI2...[0m
[0;32mI (284) SPI: Adding SPI Device on GPIO5...[0m
[0;32mI (284) SPI: Configuring Temperature Sensor...[0m
[0;32mI (284) SPI: Transaction Size: 16 bits[0m
[0;32mI (294) SPI: Transaction Size: 48 bits[0m
[1;31mE (294) spi_master: check_trans_valid(1101): invalid dev handle[0m
ESP_ERROR_CHECK failed: esp_err_t 0x102 (ESP_ERR_INVALID_ARG) at 0x400d56c5
file: "./main/spi_helper.c" line 75
func: SPI_Transact
expression: spi_ret

abort() was called at PC 0x40087bdb on core 0


Backtrace: 0x40087c81:0x3ffb4240 0x40087c49:0x3ffb4260 0x400876a5:0x3ffb4280 0x40087bdb:0x3ffb42f0 0x400d56c5:0x3ffb4320 0x400d5511:0x3ffb4370 0x400d383e:0x3ffb43a0 0x400dc4b5:0x3ffb43d0




ELF file SHA256: 39d0efb50

Rebooting...
ets Jun  8 2016 00:22:57

rst:0xc (SW_CPU_RESET),boot:0x13 (SPI_FAST_FLASH_BOOT)
configsip: 0, SPIWP:0xee
clk_drv:0x00,q_drv:0x00,d_drv:0x00,cs0_drv:0x00,hd_drv:0x00,wp_drv:0x00
mode:DIO, clock div:2
load:0x3fff0040,len:6376
load:0x40078000,len:15900
ho 0 tail 12 room 4
load:0x40080400,len:3920
entry 0x40080644
[0;32mI (29) boot: ESP-IDF v6.1-dev-1323-gf6aaf22278-dirty 2nd stage bootloader[0m
[0;32mI (29) boot: compile time Dec 29 2025 16:42:56[0m
[0;32mI (29) boot: Multicore bootloader[0m
[0;32mI (33) boot: chip revision: v1.0[0m
[0;32mI (35) boot.esp32: SPI Speed      : 40MHz[0m
[0;32mI (39) boot.esp32: SPI Mode       : DIO[0m
[0;32mI (43) boot.esp32: SPI Flash Size : 2MB[0m
[0;32mI (46) boot: Enabling RNG early entropy source...[0m
[0;32mI (51) boot: Partition Table:[0m
[0;32mI (53) boot: ## Label            Usage          Type ST Offset   Length[0m
[0;32mI (60) boot:  0 nvs              WiFi data        01 02 00009000 00006000[0m
[0;32mI (66) boot:  1 phy_init         RF data          01 01 0000f000 00001000[0m
[0;32mI (73) boot:  2 factory          factory app      00 00 00010000 00100000[0m
[0;32mI (79) boot: End of partition table[0m
[0;32mI (83) esp_image: segment 0: paddr=00010020 vaddr=3f400020 size=0a4d4h ( 42196) map[0m
[0;32mI (105) esp_image: segment 1: paddr=0001a4fc vaddr=3ffb0000 size=02790h ( 10128) load[0m
[0;32mI (109) esp_image: segment 2: paddr=0001cc94 vaddr=40080000 size=03384h ( 13188) load[0m
[0;32mI (115) esp_image: segment 3: paddr=00020020 vaddr=400d0020 size=0e6b0h ( 59056) map[0m
[0;32mI (137) esp_image: segment 4: paddr=0002e6d8 vaddr=40083384 size=098f4h ( 39156) load[0m
[0;32mI (154) esp_image: segment 5: paddr=00037fd4 vaddr=50000000 size=00028h (    40) load[0m
[0;32mI (160) boot: Loaded app from partition at offset 0x10000[0m
[0;32mI (161) boot: Disabling RNG early entropy source...[0m
[0;32mI (172) cpu_start: Multicore app[0m
[0;32mI (180) cpu_start: GPIO 3 and 1 are used as console UART I/O pins[0m
[0;32mI (180) cpu_start: Pro cpu start user code[0m
[0;32mI (180) cpu_start: cpu freq: 160000000 Hz[0m
[0;32mI (182) app_init: Application information:[0m
[0;32mI (186) app_init: Project name:     maestro[0m
[0;32mI (190) app_init: App version:      b5848ea-dirty[0m
[0;32mI (194) app_init: Compile time:     Dec 30 2025 12:08:10[0m
[0;32mI (199) app_init: ELF file SHA256:  39d0efb50...[0m
[0;32mI (204) app_init: ESP-IDF:          v6.1-dev-1323-gf6aaf22278-dirty[0m
[0;32mI (210) efuse_init: Min chip rev:     v0.0[0m
[0;32mI (213) efuse_init: Max chip rev:     v3.99 [0m
[0;32mI (217) efuse_init: Chip rev:         v1.0[0m
[0;32mI (222) heap_init: Initializing. RAM available for dynamic allocation:[0m
[0;32mI (228) heap_init: At 3FFAE6E0 len 00001920 (6 KiB): DRAM[0m
[0;32mI (233) heap_init: At 3FFB30B8 len 0002CF48 (179 KiB): DRAM[0m
[0;32mI (238) heap_init: At 3FFE0440 len 00003AE0 (14 KiB): D/IRAM[0m
[0;32mI (243) heap_init: At 3FFE4350 len 0001BCB0 (111 KiB): D/IRAM[0m
[0;32mI (249) heap_init: At 4008CC78 len 00013388 (76 KiB): IRAM[0m
[0;32mI (255) spi_flash: detected chip: generic[0m
[0;32mI (258) spi_flash: flash io: dio[0m
[0;33mW (261) spi_flash: Detected size(4096k) larger than the size in the binary image header(2048k). Using the size in the binary image header.[0m
[0;32mI (274) main_task: Started on CPU0[0m
[0;32mI (284) main_task: Calling app_main()[0m
[0;32mI (284) SPI: Initializing bus SPI2...[0m
[0;32mI (284) SPI: Adding SPI Device on GPIO5...[0m
[0;32mI (284) SPI: Configuring Temperature Sensor...[0m
[0;32mI (284) SPI: Transaction Size: 16 bits[0m
[0;32mI (294) SPI: Transaction Size: 48 bits[0m
[1;31mE (294) spi_master: check_trans_valid(1101): invalid dev handle[0m
ESP_ERROR_CHECK failed: esp_err_t 0x102 (ESP_ERR_INVALID_ARG) at 0x400d56c5
file: "./main/spi_helper.c" line 75
func: SPI_Transact
expression: spi_ret

abort() was called at PC 0x40087bdb on core 0


Backtrace: 0x40087c81:0x3ffb4240 0x40087c49:0x3ffb4260 0x400876a5:0x3ffb4280 0x40087bdb:0x3ffb42f0 0x400d56c5:0x3ffb4320 0x400d5511:0x3ffb4370 0x400d383e:0x3ffb43a0 0x400dc4b5:0x3ffb43d0




ELF file SHA256: 39d0efb50

Rebooting...
ets Jun  8 2016 00:22:57

rst:0xc (SW_CPU_RESET),boot:0x13 (SPI_FAST_FLASH_BOOT)
configsip: 0, SPIWP:0xee
clk_drv:0x00,q_drv:0x00,d_drv:0x00,cs0_drv:0x00,hd_drv:0x00,wp_drv:0x00
mode:DIO, clock div:2
load:0x3fff0040,len:6376
load:0x40078000,len:15900
ho 0 tail 12 room 4
load:0x40080400,len:3920
entry 0x40080644
[0;32mI (29) boot: ESP-IDF v6.1-dev-1323-gf6aaf22278-dirty 2nd stage bootloader[0m
[0;32mI (29) boot: compile time Dec 29 2025 16:42:56[0m
[0;32mI (29) boot: Multicore bootloader[0m
[0;32mI (33) boot: chip revision: v1.0[0m
[0;32mI (35) boot.esp32: SPI Speed      : 40MHz[0m
[0;32mI (39) boot.esp32: SPI Mode       : DIO[0m
[0;32mI (43) boot.esp32: SPI Flash Size : 2MB[0m
[0;32mI (46) boot: Enabling RNG early entropy source...[0m
[0;32mI (51) boot: Partition Table:[0m
[0;32mI (53) boot: ## Label            Usage          Type ST Offset   Length[0m
[0;32mI (60) boot:  0 nvs              WiFi data        01 02 00009000 00006000[0m
[0;32mI (66) boot:  1 phy_init         RF data          01 01 0000f000 00001000[0m
[0;32mI (73) boot:  2 factory          factory app      00 00 00010000 00100000[0m
[0;32mI (79) boot: End of partition table[0m
[0;32mI (83) esp_image: segment 0: paddr=00010020 vaddr=3f400020 size=0a4d4h ( 42196) map[0m
[0;32mI (105) esp_image: segment 1: paddr=0001a4fc vaddr=3ffb0000 size=02790h ( 10128) load[0m
[0;32mI (109) esp_image: segment 2: paddr=0001cc94 vaddr=40080000 size=03384h ( 13188) load[0m
[0;32mI (115) esp_image: segment 3: paddr=00020020 vaddr=400d0020 size=0e6b0h ( 59056) map[0m
[0;32mI (137) esp_image: segment 4: paddr=0002e6d8 vaddr=40083384 size=098f4h ( 39156) load[0m
[0;32mI (154) esp_image: segment 5: paddr=00037fd4 vaddr=50000000 size=00028h (    40) load[0m
[0;32mI (160) boot: Loaded app from partition at offset 0x10000[0m
[0;32mI (161) boot: Disabling RNG early entropy source...[0m
[0;32mI (172) cpu_start: Multicore app[0m
[0;32mI (180) cpu_start: GPIO 3 and 1 are used as console UART I/O pins[0m
[0;32mI (180) cpu_start: Pro cpu start user code[0m
[0;32mI (180) cpu_start: cpu freq: 160000000 Hz[0m
[0;32mI (182) app_init: Application information:[0m
[0;32mI (186) app_init: Project name:     maestro[0m
[0;32mI (190) app_init: App version:      b5848ea-dirty[0m
[0;32mI (194) app_init: Compile time:     Dec 30 2025 12:08:10[0m
[0;32mI (199) app_init: ELF file SHA256:  39d0efb50...[0m
[0;32mI (204) app_init: ESP-IDF:          v6.1-dev-1323-gf6aaf22278-dirty[0m
[0;32mI (210) efuse_init: Min chip rev:     v0.0[0m
[0;32mI (213) efuse_init: Max chip rev:     v3.99 [0m
[0;32mI (217) efuse_init: Chip rev:         v1.0[0m
[0;32mI (222) heap_init: Initializing. RAM available for dynamic allocation:[0m
[0;32mI (228) heap_init: At 3FFAE6E0 len 00001920 (6 KiB): DRAM[0m
[0;32mI (233) heap_init: At 3FFB30B8 len 0002CF48 (179 KiB): DRAM[0m
[0;32mI (238) heap_init: At 3FFE0440 len 00003AE0 (14 KiB): D/IRAM[0m
[0;32mI (243) heap_init: At 3FFE4350 len 0001BCB0 (111 KiB): D/IRAM[0m
[0;32mI (249) heap_init: At 4008CC78 len 00013388 (76 KiB): IRAM[0m
[0;32mI (255) spi_flash: detected chip: generic[0m
[0;32mI (258) spi_flash: flash io: dio[0m
[0;33mW (261) spi_flash: Detected size(4096k) larger than the size in the binary image header(2048k). Using the size in the binary image header.[0m
[0;32mI (274) main_task: Started on CPU0[0m
[0;32mI (284) main_task: Calling app_main()[0m
[0;32mI (284) SPI: Initializing bus SPI2...[0m
[0;32mI (284) SPI: Adding SPI Device on GPIO5...[0m
[0;32mI (284) SPI: Configuring Temperature Sensor...[0m
[0;32mI (284) SPI: Transaction Size: 16 bits[0m
[0;32mI (294) SPI: Transaction Size: 48 bits[0m
[1;31mE (294) spi_master: check_trans_valid(1101): invalid dev handle[0m
ESP_ERROR_CHECK failed: esp_err_t 0x102 (ESP_ERR_INVALID_ARG) at 0x400d56c5
file: "./main/spi_helper.c" line 75
func: SPI_Transact
expression: spi_ret

abort() was called at PC 0x40087bdb on core 0


Backtrace: 0x40087c81:0x3ffb4240 0x40087c49:0x3ffb4260 0x400876a5:0x3ffb4280 0x40087bdb:0x3ffb42f0 0x400d56c5:0x3ffb4320 0x400d5511:0x3ffb4370 0x400d383e:0x3ffb43a0 0x400dc4b5:0x3ffb43d0




ELF file SHA256: 39d0efb50

Rebooting...
ets Jun  8 2016 00:22:57

rst:0xc (SW_CPU_RESET),boot:0x13 (SPI_FAST_FLASH_BOOT)
configsip: 0, SPIWP:0xee
clk_drv:0x00,q_drv:0x00,d_drv:0x00,cs0_drv:0x00,hd_drv:0x00,wp_drv:0x00
mode:DIO, clock div:2
load:0x3fff0040,len:6376
load:0x40078000,len:15900
ho 0 tail 12 room 4
load:0x40080400,len:3920
entry 0x40080644
[0;32mI (29) boot: ESP-IDF v6.1-dev-1323-gf6aaf22278-dirty 2nd stage bootloader[0m
[0;32mI (29) boot: compile time Dec 29 2025 16:42:56[0m
[0;32mI (29) boot: Multicore bootloader[0m
[0;32mI (33) boot: chip revision: v1.0[0m
[0;32mI (35) boot.esp32: SPI Speed      : 40MHz[0m
[0;32mI (39) boot.esp32: SPI Mode       : DIO[0m
[0;32mI (43) boot.esp32: SPI Flash Size : 2MB[0m
[0;32mI (46) boot: Enabling RNG early entropy source...[0m
[0;32mI (51) boot: Partition Table:[0m
[0;32mI (53) boot: ## Label            Usage          Type ST Offset   Length[0m
[0;32mI (60) boot:  0 nvs              WiFi data        01 02 00009000 00006000[0m
[0;32mI (66) boot:  1 phy_init         RF data          01 01 0000f000 00001000[0m
[0;32mI (73) boot:  2 factory          factory app      00 00 00010000 00100000[0m
[0;32mI (79) boot: End of partition table[0m
[0;32mI (83) esp_image: segment 0: paddr=00010020 vaddr=3f400020 size=0a4d4h ( 42196) map[0m
[0;32mI (105) esp_image: segment 1: paddr=0001a4fc vaddr=3ffb0000 size=02790h ( 10128) load[0m
[0;32mI (109) esp_image: segment 2: paddr=0001cc94 vaddr=40080000 size=03384h ( 13188) load[0m
[0;32mI (115) esp_image: segment 3: paddr=00020020 vaddr=400d0020 size=0e6b0h ( 59056) map[0m
[0;32mI (137) esp_image: segment 4: paddr=0002e6d8 vaddr=40083384 size=098f4h ( 39156) load[0m
[0;32mI (154) esp_image: segment 5: paddr=00037fd4 vaddr=50000000 size=00028h (    40) load[0m
[0;32mI (160) boot: Loaded app from partition at offset 0x10000[0m
[0;32mI (161) boot: Disabling RNG early entropy source...[0m
[0;32mI (172) cpu_start: Multicore app[0m
[0;32mI (180) cpu_start: GPIO 3 and 1 are used as console UART I/O pins[0m
[0;32mI (180) cpu_start: Pro cpu start user code[0m
[0;32mI (180) cpu_start: cpu freq: 160000000 Hz[0m
[0;32mI (182) app_init: Application information:[0m
[0;32mI (186) app_init: Project name:     maestro[0m
[0;32mI (190) app_init: App version:      b5848ea-dirty[0m
[0;32mI (194) app_init: Compile time:     Dec 30 2025 12:08:10[0m
[0;32mI (199) app_init: ELF file SHA256:  39d0efb50...[0m
[0;32mI (204) app_init: ESP-IDF:          v6.1-dev-1323-gf6aaf22278-dirty[0m
[0;32mI (210) efuse_init: Min chip rev:     v0.0[0m
[0;32mI (213) efuse_init: Max chip rev:     v3.99 [0m
[0;32mI (217) efuse_init: Chip rev:         v1.0[0m
[0;32mI (222) heap_init: Initializing. RAM available for dynamic allocation:[0m
[0;32mI (228) heap_init: At 3FFAE6E0 len 00001920 (6 KiB): DRAM[0m
[0;32mI (233) heap_init: At 3FFB30B8 len 0002CF48 (179 KiB): DRAM[0m
[0;32mI (238) heap_init: At 3FFE0440 len 00003AE0 (14 KiB): D/IRAM[0m
[0;32mI (243) heap_init: At 3FFE4350 len 0001BCB0 (111 KiB): D/IRAM[0m
[0;32mI (249) heap_init: At 4008CC78 len 00013388 (76 KiB): IRAM[0m
[0;32mI (255) spi_flash: detected chip: generic[0m
[0;32mI (258) spi_flash: flash io: dio[0m
[0;33mW (261) spi_flash: Detected size(4096k) larger than the size in the binary image header(2048k). Using the size in the binary image header.[0m
[0;32mI (274) main_task: Started on CPU0[0m
[0;32mI (284) main_task: Calling app_main()[0m
[0;32mI (284) SPI: Initializing bus SPI2...[0m
[0;32mI (284) SPI: Adding SPI Device on GPIO5...[0m
[0;32mI (284) SPI: Configuring Temperature Sensor...[0m
[0;32mI (284) SPI: Transaction Size: 16 bits[0m
[0;32mI (294) SPI: Transaction Size: 48 bits[0m
[1;31mE (294) spi_master: check_trans_valid(1101): invalid dev handle[0m
ESP_ERROR_CHECK failed: esp_err_t 0x102 (ESP_ERR_INVALID_ARG) at 0x400d56c5
file: "./main/spi_helper.c" line 75
func: SPI_Transact
expression: spi_ret

abort() was called at PC 0x40087bdb on core 0


Backtrace: 0x40087c81:0x3ffb4240 0x40087c49:0x3ffb4260 0x400876a5:0x3ffb4280 0x40087bdb:0x3ffb42f0 0x400d56c5:0x3ffb4320 0x400d5511:0x3ffb4370 0x400d383e:0x3ffb43a0 0x400dc4b5:0x3ffb43d0




ELF file SHA256: 39d0efb50

Rebooting...
ets Jun  8 2016 00:22:57

rst:0xc (SW_CPU_RESET),boot:0x13 (SPI_FAST_FLASH_BOOT)
configsip: 0, SPIWP:0xee
clk_drv:0x00,q_drv:0x00,d_drv:0x00,cs0_drv:0x00,hd_drv:0x00,wp_drv:0x00
mode:DIO, clock div:2
load:0x3fff0040,len:6376
load:0x40078000,len:15900
ho 0 tail 12 room 4
load:0x40080400,len:3920
entry 0x40080644
[0;32mI (29) boot: ESP-IDF v6.1-dev-1323-gf6aaf22278-dirty 2nd stage bootloader[0m
[0;32mI (29) boot: compile time Dec 29 2025 16:42:56[0m
[0;32mI (29) boot: Multicore bootloader[0m
[0;32mI (33) boot: chip revision: v1.0[0m
[0;32mI (35) boot.esp32: SPI Speed      : 40MHz[0m
[0;32mI (39) boot.esp32: SPI Mode       : DIO[0m
[0;32mI (43) boot.esp32: SPI Flash Size : 2MB[0m
[0;32mI (46) boot: Enabling RNG early entropy source...[0m
[0;32mI (51) boot: Partition Table:[0m
[0;32mI (53) boot: ## Label            Usage          Type ST Offset   Length[0m
[0;32mI (60) boot:  0 nvs              WiFi data        01 02 00009000 00006000[0m
[0;32mI (66) boot:  1 phy_init         RF data          01 01 0000f000 00001000[0m
[0;32mI (73) boot:  2 factory          factory app      00 00 00010000 00100000[0m
[0;32mI (79) boot: End of partition table[0m
[0;32mI (83) esp_image: segment 0: paddr=00010020 vaddr=3f400020 size=0a4d4h ( 42196) map[0m
[0;32mI (105) esp_image: segment 1: paddr=0001a4fc vaddr=3ffb0000 size=02790h ( 10128) load[0m
[0;32mI (109) esp_image: segment 2: paddr=0001cc94 vaddr=40080000 size=03384h ( 13188) load[0m
[0;32mI (115) esp_image: segment 3: paddr=00020020 vaddr=400d0020 size=0e6b0h ( 59056) map[0m
[0;32mI (137) esp_image: segment 4: paddr=0002e6d8 vaddr=40083384 size=098f4h ( 39156) load[0m
[0;32mI (154) esp_image: segment 5: paddr=00037fd4 vaddr=50000000 size=00028h (    40) load[0m
[0;32mI (160) boot: Loaded app from partition at offset 0x10000[0m
[0;32mI (161) boot: Disabling RNG early entropy source...[0m
[0;32mI (172) cpu_start: Multicore app[0m
[0;32mI (180) cpu_start: GPIO 3 and 1 are used as console UART I/O pins[0m
[0;32mI (180) cpu_start: Pro cpu start user code[0m
[0;32mI (180) cpu_start: cpu freq: 160000000 Hz[0m
[0;32mI (182) app_init: Application information:[0m
[0;32mI (186) app_init: Project name:     maestro[0m
[0;32mI (190) app_init: App version:      b5848ea-dirty[0m
[0;32mI (194) app_init: Compile time:     Dec 30 2025 12:08:10[0m
[0;32mI (199) app_init: ELF file SHA256:  39d0efb50...[0m
[0;32mI (204) app_init: ESP-IDF:          v6.1-dev-1323-gf6aaf22278-dirty[0m
[0;32mI (210) efuse_init: Min chip rev:     v0.0[0m
[0;32mI (213) efuse_init: Max chip rev:     v3.99 [0m
[0;32mI (217) efuse_init: Chip rev:         v1.0[0m
[0;32mI (222) heap_init: Initializing. RAM available for dynamic allocation:[0m
[0;32mI (228) heap_init: At 3FFAE6E0 len 00001920 (6 KiB): DRAM[0m
[0;32mI (233) heap_init: At 3FFB30B8 len 0002CF48 (179 KiB): DRAM[0m
[0;32mI (238) heap_init: At 3FFE0440 len 00003AE0 (14 KiB): D/IRAM[0m
[0;32mI (243) heap_init: At 3FFE4350 len 0001BCB0 (111 KiB): D/IRAM[0m
[0;32mI (249) heap_init: At 4008CC78 len 00013388 (76 KiB): IRAM[0m
[0;32mI (255) spi_flash: detected chip: generic[0m
[0;32mI (258) spi_flash: flash io: dio[0m
[0;33mW (261) spi_flash: Detected size(4096k) larger than the size in the binary image header(2048k). Using the size in the binary image header.[0m
[0;32mI (274) main_task: Started on CPU0[0m
[0;32mI (284) main_task: Calling app_main()[0m
[0;32mI (284) SPI: Initializing bus SPI2...[0m
[0;32mI (284) SPI: Adding SPI Device on GPIO5...[0m
[0;32mI (284) SPI: Configuring Temperature Sensor...[0m
[0;32mI (284) SPI: Transaction Size: 16 bits[0m
[0;32mI (294) SPI: Transaction Size: 48 bits[0m
[1;31mE (294) spi_master: check_trans_valid(1101): invalid dev handle[0m
ESP_ERROR_CHECK failed: esp_err_t 0x102 (ESP_ERR_INVALID_ARG) at 0x400d56c5
file: "./main/spi_helper.c" line 75
func: SPI_Transact
expression: spi_ret

abort() was called at PC 0x40087bdb on core 0


Backtrace: 0x40087c81:0x3ffb4240 0x40087c49:0x3ffb4260 0x400876a5:0x3ffb4280 0x40087bdb:0x3ffb42f0 0x400d56c5:0x3ffb4320 0x400d5511:0x3ffb4370 0x400d383e:0x3ffb43a0 0x400dc4b5:0x3ffb43d0




ELF file SHA256: 39d0efb50

Rebooting...
ets Jun  8 2016 00:22:57

rst:0xc (SW_CPU_RESET),boot:0x13 (SPI_FAST_FLASH_BOOT)
configsip: 0, SPIWP:0xee
clk_drv:0x00,q_drv:0x00,d_drv:0x00,cs0_drv:0x00,hd_drv:0x00,wp_drv:0x00
mode:DIO, clock div:2
load:0x3fff0040,len:6376
load:0x40078000,len:15900
ho 0 tail 12 room 4
load:0x40080400,len:3920
entry 0x40080644
[0;32mI (29) boot: ESP-IDF v6.1-dev-1323-gf6aaf22278-dirty 2nd stage bootloader[0m
[0;32mI (29) boot: compile time Dec 29 2025 16:42:56[0m
[0;32mI (29) boot: Multicore bootloader[0m
[0;32mI (33) boot: chip revision: v1.0[0m
[0;32mI (35) boot.esp32: SPI Speed      : 40MHz[0m
[0;32mI (39) boot.esp32: SPI Mode       : DIO[0m
[0;32mI (43) boot.esp32: SPI Flash Size : 2MB[0m
[0;32mI (46) boot: Enabling RNG early entropy source...[0m
[0;32mI (51) boot: Partition Table:[0m
[0;32mI (53) boot: ## Label            Usage          Type ST Offset   Length[0m
[0;32mI (60) boot:  0 nvs              WiFi data        01 02 00009000 00006000[0m
[0;32mI (66) boot:  1 phy_init         RF data          01 01 0000f000 00001000[0m
[0;32mI (73) boot:  2 factory          factory app      00 00 00010000 00100000[0m
[0;32mI (79) boot: End of partition table[0m
[0;32mI (83) esp_image: segment 0: paddr=00010020 vaddr=3f400020 size=0a4d4h ( 42196) map[0m
[0;32mI (105) esp_image: segment 1: paddr=0001a4fc vaddr=3ffb0000 size=02790h ( 10128) load[0m
[0;32mI (109) esp_image: segment 2: paddr=0001cc94 vaddr=40080000 size=03384h ( 13188) load[0m
[0;32mI (115) esp_image: segment 3: paddr=00020020 vaddr=400d0020 size=0e6b0h ( 59056) map[0m
[0;32mI (137) esp_image: segment 4: paddr=0002e6d8 vaddr=40083384 size=098f4h ( 39156) load[0m
[0;32mI (154) esp_image: segment 5: paddr=00037fd4 vaddr=50000000 size=00028h (    40) load[0m
[0;32mI (160) boot: Loaded app from partition at offset 0x10000[0m
[0;32mI (161) boot: Disabling RNG early entropy source...[0m
[0;32mI (172) cpu_start: Multicore app[0m
[0;32mI (180) cpu_start: GPIO 3 and 1 are used as console UART I/O pins[0m
[0;32mI (180) cpu_start: Pro cpu start user code[0m
[0;32mI (180) cpu_start: cpu freq: 160000000 Hz[0m
[0;32mI (182) app_init: Application information:[0m
[0;32mI (186) app_init: Project name:     maestro[0m
[0;32mI (190) app_init: App version:      b5848ea-dirty[0m
[0;32mI (194) app_init: Compile time:     Dec 30 2025 12:08:10[0m
[0;32mI (199) app_init: ELF file SHA256:  39d0efb50...[0m
[0;32mI (204) app_init: ESP-IDF:          v6.1-dev-1323-gf6aaf22278-dirty[0m
[0;32mI (210) efuse_init: Min chip rev:     v0.0[0m
[0;32mI (213) efuse_init: Max chip rev:     v3.99 [0m
[0;32mI (217) efuse_init: Chip rev:         v1.0[0m
[0;32mI (222) heap_init: Initializing. RAM available for dynamic allocation:[0m
[0;32mI (228) heap_init: At 3FFAE6E0 len 00001920 (6 KiB): DRAM[0m
[0;32mI (233) heap_init: At 3FFB30B8 len 0002CF48 (179 KiB): DRAM[0m
[0;32mI (238) heap_init: At 3FFE0440 len 00003AE0 (14 KiB): D/IRAM[0m
[0;32mI (243) heap_init: At 3FFE4350 len 0001BCB0 (111 KiB): D/IRAM[0m
[0;32mI (249) heap_init: At 4008CC78 len 00013388 (76 KiB): IRAM[0m
[0;32mI (255) spi_flash: detected chip: generic[0m
[0;32mI (258) spi_flash: flash io: dio[0m
[0;33mW (261) spi_flash: Detected size(4096k) larger than the size in the binary image header(2048k). Using the size in the binary image header.[0m
[0;32mI (274) main_task: Started on CPU0[0m
[0;32mI (284) main_task: Calling app_main()[0m
[0;32mI (284) SPI: Initializing bus SPI2...[0m
[0;32mI (284) SPI: Adding SPI Device on GPIO5...[0m
[0;32mI (284) SPI: Configuring Temperature Sensor...[0m
[0;32mI (284) SPI: Transaction Size: 16 bits[0m
[0;32mI (294) SPI: Transaction Size: 48 bits[0m
[1;31mE (294) spi_master: check_trans_valid(1101): invalid dev handle[0m
ESP_ERROR_CHECK failed: esp_err_t 0x102 (ESP_ERR_INVALID_ARG) at 0x400d56c5
file: "./main/spi_helper.c" line 75
func: SPI_Transact
expression: spi_ret

abort() was called at PC 0x40087bdb on core 0


Backtrace: 0x40087c81:0x3ffb4240 0x40087c49:0x3ffb4260 0x400876a5:0x3ffb4280 0x40087bdb:0x3ffb42f0 0x400d56c5:0x3ffb4320 0x400d5511:0x3ffb4370 0x400d383e:0x3ffb43a0 0x400dc4b5:0x3ffb43d0




ELF file SHA256: 39d0efb50

Rebooting...
ets Jun  8 2016 00:22:57

rst:0xc (SW_CPU_RESET),boot:0x13 (SPI_FAST_FLASH_BOOT)
configsip: 0, SPIWP:0xee
clk_drv:0x00,q_drv:0x00,d_drv:0x00,cs0_drv:0x00,hd_drv:0x00,wp_drv:0x00
mode:DIO, clock div:2
load:0x3fff0040,len:6376
load:0x40078000,len:15900
ho 0 tail 12 room 4
load:0x40080400,len:3920
entry 0x40080644
[0;32mI (29) boot: ESP-IDF v6.1-dev-1323-gf6aaf22278-dirty 2nd stage bootloader[0m
[0;32mI (29) boot: compile time Dec 29 2025 16:42:56[0m
[0;32mI (29) boot: Multicore bootloader[0m
[0;32mI (33) boot: chip revision: v1.0[0m
[0;32mI (35) boot.esp32: SPI Speed      : 40MHz[0m
[0;32mI (39) boot.esp32: SPI Mode       : DIO[0m
[0;32mI (43) boot.esp32: SPI Flash Size : 2MB[0m
[0;32mI (46) boot: Enabling RNG early entropy source...[0m
[0;32mI (51) boot: Partition Table:[0m
[0;32mI (53) boot: ## Label            Usage          Type ST Offset   Length[0m
[0;32mI (60) boot:  0 nvs              WiFi data        01 02 00009000 00006000[0m
[0;32mI (66) boot:  1 phy_init         RF data          01 01 0000f000 00001000[0m
[0;32mI (73) boot:  2 factory          factory app      00 00 00010000 00100000[0m
[0;32mI (79) boot: End of partition table[0m
[0;32mI (83) esp_image: segment 0: paddr=00010020 vaddr=3f400020 size=0a4d4h ( 42196) map[0m
[0;32mI (105) esp_image: segment 1: paddr=0001a4fc vaddr=3ffb0000 size=02790h ( 10128) load[0m
[0;32mI (109) esp_image: segment 2: paddr=0001cc94 vaddr=40080000 size=03384h ( 13188) load[0m
[0;32mI (115) esp_image: segment 3: paddr=00020020 vaddr=400d0020 size=0e6b0h ( 59056) map[0m
[0;32mI (137) esp_image: segment 4: paddr=0002e6d8 vaddr=40083384 size=098f4h ( 39156) load[0m
[0;32mI (154) esp_image: segment 5: paddr=00037fd4 vaddr=50000000 size=00028h (    40) load[0m
[0;32mI (160) boot: Loaded app from partition at offset 0x10000[0m
[0;32mI (161) boot: Disabling RNG early entropy source...[0m
[0;32mI (172) cpu_start: Multicore app[0m
[0;32mI (180) cpu_start: GPIO 3 and 1 are used as console UART I/O pins[0m
[0;32mI (180) cpu_start: Pro cpu start user code[0m
[0;32mI (180) cpu_start: cpu freq: 160000000 Hz[0m
[0;32mI (182) app_init: Application information:[0m
[0;32mI (186) app_init: Project name:     maestro[0m
[0;32mI (190) app_init: App version:      b5848ea-dirty[0m
[0;32mI (194) app_init: Compile time:     Dec 30 2025 12:08:10[0m
[0;32mI (199) app_init: ELF file SHA256:  39d0efb50...[0m
[0;32mI (204) app_init: ESP-IDF:          v6.1-dev-1323-gf6aaf22278-dirty[0m
[0;32mI (210) efuse_init: Min chip rev:     v0.0[0m
[0;32mI (213) efuse_init: Max chip rev:     v3.99 [0m
[0;32mI (217) efuse_init: Chip rev:         v1.0[0m
[0;32mI (222) heap_init: Initializing. RAM available for dynamic allocation:[0m
[0;32mI (228) heap_init: At 3FFAE6E0 len 00001920 (6 KiB): DRAM[0m
[0;32mI (233) heap_init: At 3FFB30B8 len 0002CF48 (179 KiB): DRAM[0m
[0;32mI (238) heap_init: At 3FFE0440 len 00003AE0 (14 KiB): D/IRAM[0m
[0;32mI (243) heap_init: At 3FFE4350 len 0001BCB0 (111 KiB): D/IRAM[0m
[0;32mI (249) heap_init: At 4008CC78 len 00013388 (76 KiB): IRAM[0m
[0;32mI (255) spi_flash: detected chip: generic[0m
[0;32mI (258) spi_flash: flash io: dio[0m
[0;33mW (261) spi_flash: Detected size(4096k) larger than the size in the binary image header(2048k). Using the size in the binary image header.[0m
[0;32mI (274) main_task: Started on CPU0[0m
[0;32mI (284) main_task: Calling app_main()[0m
[0;32mI (284) SPI: Initializing bus SPI2...[0m
[0;32mI (284) SPI: Adding SPI Device on GPIO5...[0m
[0;32mI (284) SPI: Configuring Temperature Sensor...[0m
[0;32mI (284) SPI: Transaction Size: 16 bits[0m
[0;32mI (294) SPI: Transaction Size: 48 bits[0m
[1;31mE (294) spi_master: check_trans_valid(1101): invalid dev handle[0m
ESP_ERROR_CHECK failed: esp_err_t 0x102 (ESP_ERR_INVALID_ARG) at 0x400d56c5
file: "./main/spi_helper.c" line 75
func: SPI_Transact
expression: spi_ret

abort() was called at PC 0x40087bdb on core 0


Backtrace: 0x40087c81:0x3ffb4240 0x40087c49:0x3ffb4260 0x400876a5:0x3ffb4280 0x40087bdb:0x3ffb42f0 0x400d56c5:0x3ffb4320 0x400d5511:0x3ffb4370 0x400d383e:0x3ffb43a0 0x400dc4b5:0x3ffb43d0




ELF file SHA256: 39d0efb50

Rebooting...
ets Jun  8 2016 00:22:57

rst:0xc (SW_CPU_RESET),boot:0x13 (SPI_FAST_FLASH_BOOT)
configsip: 0, SPIWP:0xee
clk_drv:0x00,q_drv:0x00,d_drv:0x00,cs0_drv:0x00,hd_drv:0x00,wp_drv:0x00
mode:DIO, clock div:2
load:0x3fff0040,len:6376
load:0x40078000,len:15900
ho 0 tail 12 room 4
load:0x40080400,len:3920
entry 0x40080644
[0;32mI (29) boot: ESP-IDF v6.1-dev-1323-gf6aaf22278-dirty 2nd stage bootloader[0m
[0;32mI (29) boot: compile time Dec 29 2025 16:42:56[0m
[0;32mI (29) boot: Multicore bootloader[0m
[0;32mI (33) boot: chip revision: v1.0[0m
[0;32mI (35) boot.esp32: SPI Speed      : 40MHz[0m
[0;32mI (39) boot.esp32: SPI Mode       : DIO[0m
[0;32mI (43) boot.esp32: SPI Flash Size : 2MB[0m
[0;32mI (46) boot: Enabling RNG early entropy source...[0m
[0;32mI (51) boot: Partition Table:[0m
[0;32mI (53) boot: ## Label            Usage          Type ST Offset   Length[0m
[0;32mI (60) boot:  0 nvs              WiFi data        01 02 00009000 00006000[0m
[0;32mI (66) boot:  1 phy_init         RF data          01 01 0000f000 00001000[0m
[0;32mI (73) boot:  2 factory          factory app      00 00 00010000 00100000[0m
[0;32mI (79) boot: End of partition table[0m
[0;32mI (83) esp_image: segment 0: paddr=00010020 vaddr=3f400020 size=0a4d4h ( 42196) map[0m
[0;32mI (105) esp_image: segment 1: paddr=0001a4fc vaddr=3ffb0000 size=02790h ( 10128) load[0m
[0;32mI (109) esp_image: segment 2: paddr=0001cc94 vaddr=40080000 size=03384h ( 13188) load[0m
[0;32mI (115) esp_image: segment 3: paddr=00020020 vaddr=400d0020 size=0e6b0h ( 59056) map[0m
[0;32mI (137) esp_image: segment 4: paddr=0002e6d8 vaddr=40083384 size=098f4h ( 39156) load[0m
[0;32mI (154) esp_image: segment 5: paddr=00037fd4 vaddr=50000000 size=00028h (    40) load[0m
[0;32mI (160) boot: Loaded app from partition at offset 0x10000[0m
[0;32mI (161) boot: Disabling RNG early entropy source...[0m
[0;32mI (172) cpu_start: Multicore app[0m
[0;32mI (180) cpu_start: GPIO 3 and 1 are used as console UART I/O pins[0m
[0;32mI (180) cpu_start: Pro cpu start user code[0m
[0;32mI (180) cpu_start: cpu freq: 160000000 Hz[0m
[0;32mI (182) app_init: Application information:[0m
[0;32mI (186) app_init: Project name:     maestro[0m
[0;32mI (190) app_init: App version:      b5848ea-dirty[0m
[0;32mI (194) app_init: Compile time:     Dec 30 2025 12:08:10[0m
[0;32mI (199) app_init: ELF file SHA256:  39d0efb50...[0m
[0;32mI (204) app_init: ESP-IDF:          v6.1-dev-1323-gf6aaf22278-dirty[0m
[0;32mI (210) efuse_init: Min chip rev:     v0.0[0m
[0;32mI (213) efuse_init: Max chip rev:     v3.99 [0m
[0;32mI (217) efuse_init: Chip rev:         v1.0[0m
[0;32mI (222) heap_init: Initializing. RAM available for dynamic allocation:[0m
[0;32mI (228) heap_init: At 3FFAE6E0 len 00001920 (6 KiB): DRAM[0m
[0;32mI (233) heap_init: At 3FFB30B8 len 0002CF48 (179 KiB): DRAM[0m
[0;32mI (238) heap_init: At 3FFE0440 len 00003AE0 (14 KiB): D/IRAM[0m
[0;32mI (243) heap_init: At 3FFE4350 len 0001BCB0 (111 KiB): D/IRAM[0m
[0;32mI (249) heap_init: At 4008CC78 len 00013388 (76 KiB): IRAM[0m
[0;32mI (255) spi_flash: detected chip: generic[0m
[0;32mI (258) spi_flash: flash io: dio[0m
[0;33mW (261) spi_flash: Detected size(4096k) larger than the size in the binary image header(2048k). Using the size in the binary image header.[0m
[0;32mI (274) main_task: Started on CPU0[0m
[0;32mI (284) main_task: Calling app_main()[0m
[0;32mI (284) SPI: Initializing bus SPI2...[0m
[0;32mI (284) SPI: Adding SPI Device on GPIO5...[0m
[0;32mI (284) SPI: Configuring Temperature Sensor...[0m
[0;32mI (284) SPI: Transaction Size: 16 bits[0m
[0;32mI (294) SPI: Transaction Size: 48 bits[0m
[1;31mE (294) spi_master: check_trans_valid(1101): invalid dev handle[0m
ESP_ERROR_CHECK failed: esp_err_t 0x102 (ESP_ERR_INVALID_ARG) at 0x400d56c5
file: "./main/spi_helper.c" line 75
func: SPI_Transact
expression: spi_ret

abort() was called at PC 0x40087bdb on core 0


Backtrace: 0x40087c81:0x3ffb4240 0x40087c49:0x3ffb4260 0x400876a5:0x3ffb4280 0x40087bdb:0x3ffb42f0 0x400d56c5:0x3ffb4320 0x400d5511:0x3ffb4370 0x400d383e:0x3ffb43a0 0x400dc4b5:0x3ffb43d0




ELF file SHA256: 39d0efb50

Rebooting...
ets Jun  8 2016 00:22:57

rst:0xc (SW_CPU_RESET),boot:0x13 (SPI_FAST_FLASH_BOOT)
configsip: 0, SPIWP:0xee
clk_drv:0x00,q_drv:0x00,d_drv:0x00,cs0_drv:0x00,hd_drv:0x00,wp_drv:0x00
mode:DIO, clock div:2
load:0x3fff0040,len:6376
load:0x40078000,len:15900
ho 0 tail 12 room 4
load:0x40080400,len:3920
entry 0x40080644
[0;32mI (29) boot: ESP-IDF v6.1-dev-1323-gf6aaf22278-dirty 2nd stage bootloader[0m
[0;32mI (29) boot: compile time Dec 29 2025 16:42:56[0m
[0;32mI (29) boot: Multicore bootloader[0m
[0;32mI (33) boot: chip revision: v1.0[0m
[0;32mI (35) boot.esp32: SPI Speed      : 40MHz[0m
[0;32mI (39) boot.esp32: SPI Mode       : DIO[0m
[0;32mI (43) boot.esp32: SPI Flash Size : 2MB[0m
[0;32mI (46) boot: Enabling RNG early entropy source...[0m
[0;32mI (51) boot: Partition Table:[0m
[0;32mI (53) boot: ## Label            Usage          Type ST Offset   Length[0m
[0;32mI (60) boot:  0 nvs              WiFi data        01 02 00009000 00006000[0m
[0;32mI (66) boot:  1 phy_init         RF data          01 01 0000f000 00001000[0m
[0;32mI (73) boot:  2 factory          factory app      00 00 00010000 00100000[0m
[0;32mI (79) boot: End of partition table[0m
[0;32mI (83) esp_image: segment 0: paddr=00010020 vaddr=3f400020 size=0a4d4h ( 42196) map[0m
[0;32mI (105) esp_image: segment 1: paddr=0001a4fc vaddr=3ffb0000 size=02790h ( 10128) load[0m
[0;32mI (109) esp_image: segment 2: paddr=0001cc94 vaddr=40080000 size=03384h ( 13188) load[0m
[0;32mI (115) esp_image: segment 3: paddr=00020020 vaddr=400d0020 size=0e6b0h ( 59056) map[0m
[0;32mI (137) esp_image: segment 4: paddr=0002e6d8 vaddr=40083384 size=098f4h ( 39156) load[0m
[0;32mI (154) esp_image: segment 5: paddr=00037fd4 vaddr=50000000 size=00028h (    40) load[0m
[0;32mI (160) boot: Loaded app from partition at offset 0x10000[0m
[0;32mI (161) boot: Disabling RNG early entropy source...[0m
[0;32mI (172) cpu_start: Multicore app[0m
[0;32mI (180) cpu_start: GPIO 3 and 1 are used as console UART I/O pins[0m
[0;32mI (180) cpu_start: Pro cpu start user code[0m
[0;32mI (180) cpu_start: cpu freq: 160000000 Hz[0m
[0;32mI (182) app_init: Application information:[0m
[0;32mI (186) app_init: Project name:     maestro[0m
[0;32mI (190) app_init: App version:      b5848ea-dirty[0m
[0;32mI (194) app_init: Compile time:     Dec 30 2025 12:08:10[0m
[0;32mI (199) app_init: ELF file SHA256:  39d0efb50...[0m
[0;32mI (204) app_init: ESP-IDF:          v6.1-dev-1323-gf6aaf22278-dirty[0m
[0;32mI (210) efuse_init: Min chip rev:     v0.0[0m
[0;32mI (213) efuse_init: Max chip rev:     v3.99 [0m
[0;32mI (217) efuse_init: Chip rev:         v1.0[0m
[0;32mI (222) heap_init: Initializing. RAM available for dynamic allocation:[0m
[0;32mI (228) heap_init: At 3FFAE6E0 len 00001920 (6 KiB): DRAM[0m
[0;32mI (233) heap_init: At 3FFB30B8 len 0002CF48 (179 KiB): DRAM[0m
[0;32mI (238) heap_init: At 3FFE0440 len 00003AE0 (14 KiB): D/IRAM[0m
[0;32mI (243) heap_init: At 3FFE4350 len 0001BCB0 (111 KiB): D/IRAM[0m
[0;32mI (249) heap_init: At 4008CC78 len 00013388 (76 KiB): IRAM[0m
[0;32mI (255) spi_flash: detected chip: generic[0m
[0;32mI (258) spi_flash: flash io: dio[0m
[0;33mW (261) spi_flash: Detected size(4096k) larger than the size in the binary image header(2048k). Using the size in the binary image header.[0m
[0;32mI (274) main_task: Started on CPU0[0m
[0;32mI (284) main_task: Calling app_main()[0m
[0;32mI (284) SPI: Initializing bus SPI2...[0m
[0;32mI (284) SPI: Adding SPI Device on GPIO5...[0m
[0;32mI (284) SPI: Configuring Temperature Sensor...[0m
[0;32mI (284) SPI: Transaction Size: 16 bits[0m
[0;32mI (294) SPI: Transaction Size: 48 bits[0m
[1;31mE (294) spi_master: check_trans_valid(1101): invalid dev handle[0m
ESP_ERROR_CHECK failed: esp_err_t 0x102 (ESP_ERR_INVALID_ARG) at 0x400d56c5
file: "./main/spi_helper.c" line 75
func: SPI_Transact
expression: spi_ret

abort() was called at PC 0x40087bdb on core 0


Backtrace: 0x40087c81:0x3ffb4240 0x40087c49:0x3ffb4260 0x400876a5:0x3ffb4280 0x40087bdb:0x3ffb42f0 0x400d56c5:0x3ffb4320 0x400d5511:0x3ffb4370 0x400d383e:0x3ffb43a0 0x400dc4b5:0x3ffb43d0




ELF file SHA256: 39d0efb50

Rebooting...
ets Jun  8 2016 00:22:57

rst:0xc (SW_CPU_RESET),boot:0x13 (SPI_FAST_FLASH_BOOT)
configsip: 0, SPIWP:0xee
clk_drv:0x00,q_drv:0x00,d_drv:0x00,cs0_drv:0x00,hd_drv:0x00,wp_drv:0x00
mode:DIO, clock div:2
load:0x3fff0040,len:6376
load:0x40078000,len:15900
ho 0 tail 12 room 4
load:0x40080400,len:3920
entry 0x40080644
[0;32mI (29) boot: ESP-IDF v6.1-dev-1323-gf6aaf22278-dirty 2nd stage bootloader[0m
[0;32mI (29) boot: compile time Dec 29 2025 16:42:56[0m
[0;32mI (29) boot: Multicore bootloader[0m
[0;32mI (33) boot: chip revision: v1.0[0m
[0;32mI (35) boot.esp32: SPI Speed      : 40MHz[0m
[0;32mI (39) boot.esp32: SPI Mode       : DIO[0m
[0;32mI (43) boot.esp32: SPI Flash Size : 2MB[0m
[0;32mI (46) boot: Enabling RNG early entropy source...[0m
[0;32mI (51) boot: Partition Table:[0m
[0;32mI (53) boot: ## Label            Usage          Type ST Offset   Length[0m
[0;32mI (60) boot:  0 nvs              WiFi data        01 02 00009000 00006000[0m
[0;32mI (66) boot:  1 phy_init         RF data          01 01 0000f000 00001000[0m
[0;32mI (73) boot:  2 factory          factory app      00 00 00010000 00100000[0m
[0;32mI (79) boot: End of partition table[0m
[0;32mI (83) esp_image: segment 0: paddr=00010020 vaddr=3f400020 size=0a4d4h ( 42196) map[0m
[0;32mI (105) esp_image: segment 1: paddr=0001a4fc vaddr=3ffb0000 size=02790h ( 10128) load[0m
[0;32mI (109) esp_image: segment 2: paddr=0001cc94 vaddr=40080000 size=03384h ( 13188) load[0m
[0;32mI (115) esp_image: segment 3: paddr=00020020 vaddr=400d0020 size=0e6b0h ( 59056) map[0m
[0;32mI (137) esp_image: segment 4: paddr=0002e6d8 vaddr=40083384 size=098f4h ( 39156) load[0m
[0;32mI (154) esp_image: segment 5: paddr=00037fd4 vaddr=50000000 size=00028h (    40) load[0m
[0;32mI (160) boot: Loaded app from partition at offset 0x10000[0m
[0;32mI (161) boot: Disabling RNG early entropy source...[0m
[0;32mI (172) cpu_start: Multicore app[0m
[0;32mI (180) cpu_start: GPIO 3 and 1 are used as console UART I/O pins[0m
[0;32mI (180) cpu_start: Pro cpu start user code[0m
[0;32mI (180) cpu_start: cpu freq: 160000000 Hz[0m
[0;32mI (182) app_init: Application information:[0m
[0;32mI (186) app_init: Project name:     maestro[0m
[0;32mI (190) app_init: App version:      b5848ea-dirty[0m
[0;32mI (194) app_init: Compile time:     Dec 30 2025 12:08:10[0m
[0;32mI (199) app_init: ELF file SHA256:  39d0efb50...[0m
[0;32mI (204) app_init: ESP-IDF:          v6.1-dev-1323-gf6aaf22278-dirty[0m
[0;32mI (210) efuse_init: Min chip rev:     v0.0[0m
[0;32mI (213) efuse_init: Max chip rev:     v3.99 [0m
[0;32mI (217) efuse_init: Chip rev:         v1.0[0m
[0;32mI (222) heap_init: Initializing. RAM available for dynamic allocation:[0m
[0;32mI (228) heap_init: At 3FFAE6E0 len 00001920 (6 KiB): DRAM[0m
[0;32mI (233) heap_init: At 3FFB30B8 len 0002CF48 (179 KiB): DRAM[0m
[0;32mI (238) heap_init: At 3FFE0440 len 00003AE0 (14 KiB): D/IRAM[0m
[0;32mI (243) heap_init: At 3FFE4350 len 0001BCB0 (111 KiB): D/IRAM[0m
[0;32mI (249) heap_init: At 4008CC78 len 00013388 (76 KiB): IRAM[0m
[0;32mI (255) spi_flash: detected chip: generic[0m
[0;32mI (258) spi_flash: flash io: dio[0m
[0;33mW (261) spi_flash: Detected size(4096k) larger than the size in the binary image header(2048k). Using the size in the binary image header.[0m
[0;32mI (274) main_task: Started on CPU0[0m
[0;32mI (284) main_task: Calling app_main()[0m
[0;32mI (284) SPI: Initializing bus SPI2...[0m
[0;32mI (284) SPI: Adding SPI Device on GPIO5...[0m
[0;32mI (284) SPI: Configuring Temperature Sensor...[0m
[0;32mI (284) SPI: Transaction Size: 16 bits[0m
[0;32mI (294) SPI: Transaction Size: 48 bits[0m
[1;31mE (294) spi_master: check_trans_valid(1101): invalid dev handle[0m
ESP_ERROR_CHECK failed: esp_err_t 0x102 (ESP_ERR_INVALID_ARG) at 0x400d56c5
file: "./main/spi_helper.c" line 75
func: SPI_Transact
expression: spi_ret

abort() was called at PC 0x40087bdb on core 0


Backtrace: 0x40087c81:0x3ffb4240 0x40087c49:0x3ffb4260 0x400876a5:0x3ffb4280 0x40087bdb:0x3ffb42f0 0x400d56c5:0x3ffb4320 0x400d5511:0x3ffb4370 0x400d383e:0x3ffb43a0 0x400dc4b5:0x3ffb43d0




ELF file SHA256: 39d0efb50

Rebooting...
ets Jun  8 2016 00:22:57

rst:0xc (SW_CPU_RESET),boot:0x13 (SPI_FAST_FLASH_BOOT)
configsip: 0, SPIWP:0xee
clk_drv:0x00,q_drv:0x00,d_drv:0x00,cs0_drv:0x00,hd_drv:0x00,wp_drv:0x00
mode:DIO, clock div:2
load:0x3fff0040,len:6376
load:0x40078000,len:15900
ho 0 tail 12 room 4
load:0x40080400,len:3920
entry 0x40080644
[0;32mI (29) boot: ESP-IDF v6.1-dev-1323-gf6aaf22278-dirty 2nd stage bootloader[0m
[0;32mI (29) boot: compile time Dec 29 2025 16:42:56[0m
[0;32mI (29) boot: Multicore bootloader[0m
[0;32mI (33) boot: chip revision: v1.0[0m
[0;32mI (35) boot.esp32: SPI Speed      : 40MHz[0m
[0;32mI (39) boot.esp32: SPI Mode       : DIO[0m
[0;32mI (43) boot.esp32: SPI Flash Size : 2MB[0m
[0;32mI (46) boot: Enabling RNG early entropy source...[0m
[0;32mI (51) boot: Partition Table:[0m
[0;32mI (53) boot: ## Label            Usage          Type ST Offset   Length[0m
[0;32mI (60) boot:  0 nvs              WiFi data        01 02 00009000 00006000[0m
[0;32mI (66) boot:  1 phy_init         RF data          01 01 0000f000 00001000[0m
[0;32mI (73) boot:  2 factory          factory app      00 00 00010000 00100000[0m
[0;32mI (79) boot: End of partition table[0m
[0;32mI (83) esp_image: segment 0: paddr=00010020 vaddr=3f400020 size=0a4d4h ( 42196) map[0m
[0;32mI (105) esp_image: segment 1: paddr=0001a4fc vaddr=3ffb0000 size=02790h ( 10128) load[0m
[0;32mI (109) esp_image: segment 2: paddr=0001cc94 vaddr=40080000 size=03384h ( 13188) load[0m
[0;32mI (115) esp_image: segment 3: paddr=00020020 vaddr=400d0020 size=0e6b0h ( 59056) map[0m
[0;32mI (137) esp_image: segment 4: paddr=0002e6d8 vaddr=40083384 size=098f4h ( 39156) load[0m
[0;32mI (154) esp_image: segment 5: paddr=00037fd4 vaddr=50000000 size=00028h (    40) load[0m
[0;32mI (160) boot: Loaded app from partition at offset 0x10000[0m
[0;32mI (161) boot: Disabling RNG early entropy source...[0m
[0;32mI (172) cpu_start: Multicore app[0m
[0;32mI (180) cpu_start: GPIO 3 and 1 are used as console UART I/O pins[0m
[0;32mI (180) cpu_start: Pro cpu start user code[0m
[0;32mI (180) cpu_start: cpu freq: 160000000 Hz[0m
[0;32mI (182) app_init: Application information:[0m
[0;32mI (186) app_init: Project name:     maestro[0m
[0;32mI (190) app_init: App version:      b5848ea-dirty[0m
[0;32mI (194) app_init: Compile time:     Dec 30 2025 12:08:10[0m
[0;32mI (199) app_init: ELF file SHA256:  39d0efb50...[0m
[0;32mI (204) app_init: ESP-IDF:          v6.1-dev-1323-gf6aaf22278-dirty[0m
[0;32mI (210) efuse_init: Min chip rev:     v0.0[0m
[0;32mI (213) efuse_init: Max chip rev:     v3.99 [0m
