Command: /home/levi/.espressif/python_env/idf6.1_py3.10_env/bin/python /home/levi/esp-idf/tools/idf_monitor.py -p /dev/ttyUSB0 -b 115200 --toolchain-prefix xtensa-esp32-elf- --target esp32 --revision 0 /home/levi/CLionProjects/maestro/build/maestro.elf /home/levi/CLionProjects/maestro/build/bootloader/bootloader.elf -m '/home/levi/.espressif/python_env/idf6.1_py3.10_env/bin/python' '/home/levi/esp-idf/tools/idf.py'
ets Jun  8 2016 00:22:57

rst:0x1 (POWERON_RESET),boot:0x17 (SPI_FAST_FLASH_BOOT)
configsip: 0, SPIWP:0xee
clk_drv:0x00,q_drv:0x00,d_drv:0x00,cs0_drv:0x00,hd_drv:0x00,wp_drv:0x00
mode:DIO, clock div:2
load:0x3fff0040,len:6376
load:0x40078000,len:15900
ho 0 tail 12 room 4
load:0x40080400,len:3920
entry 0x40080644
[0;32mI (29) boot: ESP-IDF v6.1-dev-1323-gf6aaf22278-dirty 2nd stage bootloader[0m
[0;32mI (29) boot: compile time Dec 29 2025 16:42:56[0m
[0;32mI (29) boot: Multicore bootloader[0m
[0;32mI (32) boot: chip revision: v1.0[0m
[0;32mI (35) boot.esp32: SPI Speed      : 40MHz[0m
[0;32mI (39) boot.esp32: SPI Mode       : DIO[0m
[0;32mI (42) boot.esp32: SPI Flash Size : 2MB[0m
[0;32mI (46) boot: Enabling RNG early entropy source...[0m
[0;32mI (51) boot: Partition Table:[0m
[0;32mI (53) boot: ## Label            Usage          Type ST Offset   Length[0m
[0;32mI (60) boot:  0 nvs              WiFi data        01 02 00009000 00006000[0m
[0;32mI (66) boot:  1 phy_init         RF data          01 01 0000f000 00001000[0m
[0;32mI (73) boot:  2 factory          factory app      00 00 00010000 00100000[0m
[0;32mI (79) boot: End of partition table[0m
[0;32mI (82) esp_image: segment 0: paddr=00010020 vaddr=3f400020 size=14b58h ( 84824) map[0m
[0;32mI (120) esp_image: segment 1: paddr=00024b80 vaddr=3ffb0000 size=04268h ( 17000) load[0m
[0;32mI (127) esp_image: segment 2: paddr=00028df0 vaddr=40080000 size=07228h ( 29224) load[0m
[0;32mI (139) esp_image: segment 3: paddr=00030020 vaddr=400d0020 size=670b8h (422072) map[0m
[0;32mI (290) esp_image: segment 4: paddr=000970e0 vaddr=40087228 size=0f82ch ( 63532) load[0m
[0;32mI (316) esp_image: segment 5: paddr=000a6914 vaddr=50000000 size=00028h (    40) load[0m
[0;32mI (327) boot: Loaded app from partition at offset 0x10000[0m
[0;32mI (327) boot: Disabling RNG early entropy source...[0m
[0;32mI (338) cpu_start: Multicore app[0m
[0;32mI (346) cpu_start: GPIO 3 and 1 are used as console UART I/O pins[0m
[0;32mI (346) cpu_start: Pro cpu start user code[0m
[0;32mI (346) cpu_start: cpu freq: 160000000 Hz[0m
[0;32mI (348) app_init: Application information:[0m
[0;32mI (352) app_init: Project name:     maestro[0m
[0;32mI (356) app_init: App version:      bbb86fa-dirty[0m
[0;32mI (360) app_init: Compile time:     Dec 30 2025 17:37:43[0m
[0;32mI (365) app_init: ELF file SHA256:  251a73040...[0m
[0;32mI (370) app_init: ESP-IDF:          v6.1-dev-1323-gf6aaf22278-dirty[0m
[0;32mI (376) efuse_init: Min chip rev:     v0.0[0m
[0;32mI (380) efuse_init: Max chip rev:     v3.99 [0m
[0;32mI (384) efuse_init: Chip rev:         v1.0[0m
[0;32mI (388) heap_init: Initializing. RAM available for dynamic allocation:[0m
[0;32mI (394) heap_init: At 3FFAE6E0 len 00001920 (6 KiB): DRAM[0m
[0;32mI (399) heap_init: At 3FFB7C10 len 000283F0 (160 KiB): DRAM[0m
[0;32mI (404) heap_init: At 3FFE0440 len 00003AE0 (14 KiB): D/IRAM[0m
[0;32mI (409) heap_init: At 3FFE4350 len 0001BCB0 (111 KiB): D/IRAM[0m
[0;32mI (415) heap_init: At 40096A54 len 000095AC (37 KiB): IRAM[0m
[0;32mI (422) spi_flash: detected chip: generic[0m
[0;32mI (424) spi_flash: flash io: dio[0m
[0;33mW (427) spi_flash: Detected size(4096k) larger than the size in the binary image header(2048k). Using the size in the binary image header.[0m
[0;32mI (441) main_task: Started on CPU0[0m
[0;32mI (451) main_task: Calling app_main()[0m
[0;32mI (451) SPI: Initializing bus SPI2...[0m
[0;32mI (451) SPI: Adding SPI Device on GPIO4...[0m
[0;32mI (451) SPI: Configuring Temperature Sensor...[0m
[0;32mI (451) SPI: Transaction Size: 16 bits[0m
[0;32mI (461) WIFI: Configuring WiFi...[0m
[0;33mW (461) wifi:wifi osi_nvs_open fail ret=4353[0m

[0;33mW (461) wifi_init: Failed to unregister Rx callbacks[0m
[1;31mE (471) wifi_init: Failed to deinit Wi-Fi driver (0x3001)[0m
[1;31mE (471) wifi_init: Failed to deinit Wi-Fi (0x3001)[0m
ESP_ERROR_CHECK failed: esp_err_t 0x1101 (ESP_ERR_NVS_NOT_INITIALIZED) at 0x400d811b
file: "./main/wifi_helper.c" line 23
func: WifiConfig
expression: wifi_ret

abort() was called at PC 0x4008b343 on core 0


Backtrace: 0x4008b3e9:0x3ffb9d30 0x4008b3b1:0x3ffb9d50 0x4008adf5:0x3ffb9d70 0x4008b343:0x3ffb9de0 0x400d811b:0x3ffb9e10 0x400d7eba:0x3ffb9ed0 0x400d3d82:0x3ffb9f00 0x4013328a:0x3ffb9f30




ELF file SHA256: 251a73040

Rebooting...
ets Jun  8 2016 00:22:57

rst:0xc (SW_CPU_RESET),boot:0x17 (SPI_FAST_FLASH_BOOT)
configsip: 0, SPIWP:0xee
clk_drv:0x00,q_drv:0x00,d_drv:0x00,cs0_drv:0x00,hd_drv:0x00,wp_drv:0x00
mode:DIO, clock div:2
load:0x3fff0040,len:6376
load:0x40078000,len:15900
ho 0 tail 12 room 4
load:0x40080400,len:3920
entry 0x40080644
[0;32mI (29) boot: ESP-IDF v6.1-dev-1323-gf6aaf22278-dirty 2nd stage bootloader[0m
[0;32mI (29) boot: compile time Dec 29 2025 16:42:56[0m
[0;32mI (29) boot: Multicore bootloader[0m
[0;32mI (33) boot: chip revision: v1.0[0m
[0;32mI (35) boot.esp32: SPI Speed      : 40MHz[0m
[0;32mI (39) boot.esp32: SPI Mode       : DIO[0m
[0;32mI (43) boot.esp32: SPI Flash Size : 2MB[0m
[0;32mI (46) boot: Enabling RNG early entropy source...[0m
[0;32mI (51) boot: Partition Table:[0m
[0;32mI (53) boot: ## Label            Usage          Type ST Offset   Length[0m
[0;32mI (60) boot:  0 nvs              WiFi data        01 02 00009000 00006000[0m
[0;32mI (66) boot:  1 phy_init         RF data          01 01 0000f000 00001000[0m
[0;32mI (73) boot:  2 factory          factory app      00 00 00010000 00100000[0m
[0;32mI (79) boot: End of partition table[0m
[0;32mI (83) esp_image: segment 0: paddr=00010020 vaddr=3f400020 size=14b58h ( 84824) map[0m
[0;32mI (120) esp_image: segment 1: paddr=00024b80 vaddr=3ffb0000 size=04268h ( 17000) load[0m
[0;32mI (127) esp_image: segment 2: paddr=00028df0 vaddr=40080000 size=07228h ( 29224) load[0m
[0;32mI (139) esp_image: segment 3: paddr=00030020 vaddr=400d0020 size=670b8h (422072) map[0m
[0;32mI (290) esp_image: segment 4: paddr=000970e0 vaddr=40087228 size=0f82ch ( 63532) load[0m
[0;32mI (316) esp_image: segment 5: paddr=000a6914 vaddr=50000000 size=00028h (    40) load[0m
[0;32mI (327) boot: Loaded app from partition at offset 0x10000[0m
[0;32mI (328) boot: Disabling RNG early entropy source...[0m
[0;32mI (338) cpu_start: Multicore app[0m
[0;32mI (346) cpu_start: GPIO 3 and 1 are used as console UART I/O pins[0m
[0;32mI (346) cpu_start: Pro cpu start user code[0m
[0;32mI (347) cpu_start: cpu freq: 160000000 Hz[0m
[0;32mI (348) app_init: Application information:[0m
[0;32mI (352) app_init: Project name:     maestro[0m
[0;32mI (356) app_init: App version:      bbb86fa-dirty[0m
[0;32mI (361) app_init: Compile time:     Dec 30 2025 17:37:43[0m
[0;32mI (366) app_init: ELF file SHA256:  251a73040...[0m
[0;32mI (370) app_init: ESP-IDF:          v6.1-dev-1323-gf6aaf22278-dirty[0m
[0;32mI (376) efuse_init: Min chip rev:     v0.0[0m
[0;32mI (380) efuse_init: Max chip rev:     v3.99 [0m
[0;32mI (384) efuse_init: Chip rev:         v1.0[0m
[0;32mI (388) heap_init: Initializing. RAM available for dynamic allocation:[0m
[0;32mI (394) heap_init: At 3FFAE6E0 len 00001920 (6 KiB): DRAM[0m
[0;32mI (399) heap_init: At 3FFB7C10 len 000283F0 (160 KiB): DRAM[0m
[0;32mI (404) heap_init: At 3FFE0440 len 00003AE0 (14 KiB): D/IRAM[0m
[0;32mI (410) heap_init: At 3FFE4350 len 0001BCB0 (111 KiB): D/IRAM[0m
[0;32mI (415) heap_init: At 40096A54 len 000095AC (37 KiB): IRAM[0m
[0;32mI (422) spi_flash: detected chip: generic[0m
[0;32mI (424) spi_flash: flash io: dio[0m
[0;33mW (427) spi_flash: Detected size(4096k) larger than the size in the binary image header(2048k). Using the size in the binary image header.[0m
[0;32mI (441) main_task: Started on CPU0[0m
[0;32mI (451) main_task: Calling app_main()[0m
[0;32mI (451) SPI: Initializing bus SPI2...[0m
[0;32mI (451) SPI: Adding SPI Device on GPIO4...[0m
[0;32mI (451) SPI: Configuring Temperature Sensor...[0m
[0;32mI (451) SPI: Transaction Size: 16 bits[0m
[0;32mI (461) WIFI: Configuring WiFi...[0m
[0;33mW (461) wifi:wifi osi_nvs_open fail ret=4353[0m

[0;33mW (461) wifi_init: Failed to unregister Rx callbacks[0m
[1;31mE (471) wifi_init: Failed to deinit Wi-Fi driver (0x3001)[0m
[1;31mE (471) wifi_init: Failed to deinit Wi-Fi (0x3001)[0m
ESP_ERROR_CHECK failed: esp_err_t 0x1101 (ESP_ERR_NVS_NOT_INITIALIZED) at 0x400d811b
file: "./main/wifi_helper.c" line 23
func: WifiConfig
expression: wifi_ret

abort() was called at PC 0x4008b343 on core 0


Backtrace: 0x4008b3e9:0x3ffb9d30 0x4008b3b1:0x3ffb9d50 0x4008adf5:0x3ffb9d70 0x4008b343:0x3ffb9de0 0x400d811b:0x3ffb9e10 0x400d7eba:0x3ffb9ed0 0x400d3d82:0x3ffb9f00 0x4013328a:0x3ffb9f30




ELF file SHA256: 251a73040

Rebooting...
ets Jun  8 2016 00:22:57

rst:0xc (SW_CPU_RESET),boot:0x17 (SPI_FAST_FLASH_BOOT)
configsip: 0, SPIWP:0xee
clk_drv:0x00,q_drv:0x00,d_drv:0x00,cs0_drv:0x00,hd_drv:0x00,wp_drv:0x00
mode:DIO, clock div:2
load:0x3fff0040,len:6376
load:0x40078000,len:15900
ho 0 tail 12 room 4
load:0x40080400,len:3920
entry 0x40080644
[0;32mI (29) boot: ESP-IDF v6.1-dev-1323-gf6aaf22278-dirty 2nd stage bootloader[0m
[0;32mI (29) boot: compile time Dec 29 2025 16:42:56[0m
[0;32mI (29) boot: Multicore bootloader[0m
[0;32mI (33) boot: chip revision: v1.0[0m
[0;32mI (35) boot.esp32: SPI Speed      : 40MHz[0m
[0;32mI (39) boot.esp32: SPI Mode       : DIO[0m
[0;32mI (43) boot.esp32: SPI Flash Size : 2MB[0m
[0;32mI (46) boot: Enabling RNG early entropy source...[0m
[0;32mI (51) boot: Partition Table:[0m
[0;32mI (53) boot: ## Label            Usage          Type ST Offset   Length[0m
[0;32mI (60) boot:  0 nvs              WiFi data        01 02 00009000 00006000[0m
[0;32mI (66) boot:  1 phy_init         RF data          01 01 0000f000 00001000[0m
[0;32mI (73) boot:  2 factory          factory app      00 00 00010000 00100000[0m
[0;32mI (79) boot: End of partition table[0m
[0;32mI (83) esp_image: segment 0: paddr=00010020 vaddr=3f400020 size=14b58h ( 84824) map[0m
[0;32mI (120) esp_image: segment 1: paddr=00024b80 vaddr=3ffb0000 size=04268h ( 17000) load[0m
[0;32mI (127) esp_image: segment 2: paddr=00028df0 vaddr=40080000 size=07228h ( 29224) load[0m
[0;32mI (139) esp_image: segment 3: paddr=00030020 vaddr=400d0020 size=670b8h (422072) map[0m
[0;32mI (290) esp_image: segment 4: paddr=000970e0 vaddr=40087228 size=0f82ch ( 63532) load[0m
[0;32mI (316) esp_image: segment 5: paddr=000a6914 vaddr=50000000 size=00028h (    40) load[0m
[0;32mI (327) boot: Loaded app from partition at offset 0x10000[0m
[0;32mI (328) boot: Disabling RNG early entropy source...[0m
[0;32mI (338) cpu_start: Multicore app[0m
[0;32mI (346) cpu_start: GPIO 3 and 1 are used as console UART I/O pins[0m
[0;32mI (346) cpu_start: Pro cpu start user code[0m
[0;32mI (347) cpu_start: cpu freq: 160000000 Hz[0m
[0;32mI (348) app_init: Application information:[0m
[0;32mI (352) app_init: Project name:     maestro[0m
[0;32mI (356) app_init: App version:      bbb86fa-dirty[0m
[0;32mI (361) app_init: Compile time:     Dec 30 2025 17:37:43[0m
[0;32mI (366) app_init: ELF file SHA256:  251a73040...[0m
[0;32mI (370) app_init: ESP-IDF:          v6.1-dev-1323-gf6aaf22278-dirty[0m
[0;32mI (376) efuse_init: Min chip rev:     v0.0[0m
[0;32mI (380) efuse_init: Max chip rev:     v3.99 [0m
[0;32mI (384) efuse_init: Chip rev:         v1.0[0m
[0;32mI (388) heap_init: Initializing. RAM available for dynamic allocation:[0m
[0;32mI (394) heap_init: At 3FFAE6E0 len 00001920 (6 KiB): DRAM[0m
[0;32mI (399) heap_init: At 3FFB7C10 len 000283F0 (160 KiB): DRAM[0m
[0;32mI (404) heap_init: At 3FFE0440 len 00003AE0 (14 KiB): D/IRAM[0m
[0;32mI (410) heap_init: At 3FFE4350 len 0001BCB0 (111 KiB): D/IRAM[0m
[0;32mI (415) heap_init: At 40096A54 len 000095AC (37 KiB): IRAM[0m
[0;32mI (422) spi_flash: detected chip: generic[0m
[0;32mI (424) spi_flash: flash io: dio[0m
[0;33mW (427) spi_flash: Detected size(4096k) larger than the size in the binary image header(2048k). Using the size in the binary image header.[0m
[0;32mI (441) main_task: Started on CPU0[0m
[0;32mI (451) main_task: Calling app_main()[0m
[0;32mI (451) SPI: Initializing bus SPI2...[0m
[0;32mI (451) SPI: Adding SPI Device on GPIO4...[0m
[0;32mI (451) SPI: Configuring Temperature Sensor...[0m
[0;32mI (451) SPI: Transaction Size: 16 bits[0m
[0;32mI (461) WIFI: Configuring WiFi...[0m
[0;33mW (461) wifi:wifi osi_nvs_open fail ret=4353[0m

[0;33mW (461) wifi_init: Failed to unregister Rx callbacks[0m
[1;31mE (471) wifi_init: Failed to deinit Wi-Fi driver (0x3001)[0m
[1;31mE (471) wifi_init: Failed to deinit Wi-Fi (0x3001)[0m
ESP_ERROR_CHECK failed: esp_err_t 0x1101 (ESP_ERR_NVS_NOT_INITIALIZED) at 0x400d811b
file: "./main/wifi_helper.c" line 23
func: WifiConfig
expression: wifi_ret

abort() was called at PC 0x4008b343 on core 0


Backtrace: 0x4008b3e9:0x3ffb9d30 0x4008b3b1:0x3ffb9d50 0x4008adf5:0x3ffb9d70 0x4008b343:0x3ffb9de0 0x400d811b:0x3ffb9e10 0x400d7eba:0x3ffb9ed0 0x400d3d82:0x3ffb9f00 0x4013328a:0x3ffb9f30




ELF file SHA256: 251a73040

Rebooting...
ets Jun  8 2016 00:22:57

rst:0xc (SW_CPU_RESET),boot:0x17 (SPI_FAST_FLASH_BOOT)
configsip: 0, SPIWP:0xee
clk_drv:0x00,q_drv:0x00,d_drv:0x00,cs0_drv:0x00,hd_drv:0x00,wp_drv:0x00
mode:DIO, clock div:2
load:0x3fff0040,len:6376
load:0x40078000,len:15900
ho 0 tail 12 room 4
load:0x40080400,len:3920
entry 0x40080644
[0;32mI (29) boot: ESP-IDF v6.1-dev-1323-gf6aaf22278-dirty 2nd stage bootloader[0m
[0;32mI (29) boot: compile time Dec 29 2025 16:42:56[0m
[0;32mI (29) boot: Multicore bootloader[0m
[0;32mI (33) boot: chip revision: v1.0[0m
[0;32mI (35) boot.esp32: SPI Speed      : 40MHz[0m
[0;32mI (39) boot.esp32: SPI Mode       : DIO[0m
[0;32mI (43) boot.esp32: SPI Flash Size : 2MB[0m
[0;32mI (46) boot: Enabling RNG early entropy source...[0m
[0;32mI (51) boot: Partition Table:[0m
[0;32mI (53) boot: ## Label            Usage          Type ST Offset   Length[0m
[0;32mI (60) boot:  0 nvs              WiFi data        01 02 00009000 00006000[0m
[0;32mI (66) boot:  1 phy_init         RF data          01 01 0000f000 00001000[0m
[0;32mI (73) boot:  2 factory          factory app      00 00 00010000 00100000[0m
[0;32mI (79) boot: End of partition table[0m
[0;32mI (83) esp_image: segment 0: paddr=00010020 vaddr=3f400020 size=14b58h ( 84824) map[0m
[0;32mI (120) esp_image: segment 1: paddr=00024b80 vaddr=3ffb0000 size=04268h ( 17000) load[0m
[0;32mI (127) esp_image: segment 2: paddr=00028df0 vaddr=40080000 size=07228h ( 29224) load[0m
[0;32mI (139) esp_image: segment 3: paddr=00030020 vaddr=400d0020 size=670b8h (422072) map[0m
[0;32mI (290) esp_image: segment 4: paddr=000970e0 vaddr=40087228 size=0f82ch ( 63532) load[0m
[0;32mI (316) esp_image: segment 5: paddr=000a6914 vaddr=50000000 size=00028h (    40) load[0m
[0;32mI (327) boot: Loaded app from partition at offset 0x10000[0m
[0;32mI (328) boot: Disabling RNG early entropy source...[0m
[0;32mI (338) cpu_start: Multicore app[0m
[0;32mI (346) cpu_start: GPIO 3 and 1 are used as console UART I/O pins[0m
[0;32mI (346) cpu_start: Pro cpu start user code[0m
[0;32mI (347) cpu_start: cpu freq: 160000000 Hz[0m
[0;32mI (348) app_init: Application information:[0m
[0;32mI (352) app_init: Project name:     maestro[0m
[0;32mI (356) app_init: App version:      bbb86fa-dirty[0m
[0;32mI (361) app_init: Compile time:     Dec 30 2025 17:37:43[0m
[0;32mI (366) app_init: ELF file SHA256:  251a73040...[0m
[0;32mI (370) app_init: ESP-IDF:          v6.1-dev-1323-gf6aaf22278-dirty[0m
[0;32mI (376) efuse_init: Min chip rev:     v0.0[0m
[0;32mI (380) efuse_init: Max chip rev:     v3.99 [0m
[0;32mI (384) efuse_init: Chip rev:         v1.0[0m
[0;32mI (388) heap_init: Initializing. RAM available for dynamic allocation:[0m
[0;32mI (394) heap_init: At 3FFAE6E0 len 00001920 (6 KiB): DRAM[0m
[0;32mI (399) heap_init: At 3FFB7C10 len 000283F0 (160 KiB): DRAM[0m
[0;32mI (404) heap_init: At 3FFE0440 len 00003AE0 (14 KiB): D/IRAM[0m
[0;32mI (410) heap_init: At 3FFE4350 len 0001BCB0 (111 KiB): D/IRAM[0m
[0;32mI (415) heap_init: At 40096A54 len 000095AC (37 KiB): IRAM[0m
[0;32mI (422) spi_flash: detected chip: generic[0m
[0;32mI (424) spi_flash: flash io: dio[0m
[0;33mW (427) spi_flash: Detected size(4096k) larger than the size in the binary image header(2048k). Using the size in the binary image header.[0m
[0;32mI (441) main_task: Started on CPU0[0m
[0;32mI (451) main_task: Calling app_main()[0m
[0;32mI (451) SPI: Initializing bus SPI2...[0m
[0;32mI (451) SPI: Adding SPI Device on GPIO4...[0m
[0;32mI (451) SPI: Configuring Temperature Sensor...[0m
[0;32mI (451) SPI: Transaction Size: 16 bits[0m
[0;32mI (461) WIFI: Configuring WiFi...[0m
[0;33mW (461) wifi:wifi osi_nvs_open fail ret=4353[0m

[0;33mW (461) wifi_init: Failed to unregister Rx callbacks[0m
[1;31mE (471) wifi_init: Failed to deinit Wi-Fi driver (0x3001)[0m
[1;31mE (471) wifi_init: Failed to deinit Wi-Fi (0x3001)[0m
ESP_ERROR_CHECK failed: esp_err_t 0x1101 (ESP_ERR_NVS_NOT_INITIALIZED) at 0x400d811b
file: "./main/wifi_helper.c" line 23
func: WifiConfig
expression: wifi_ret

abort() was called at PC 0x4008b343 on core 0


Backtrace: 0x4008b3e9:0x3ffb9d30 0x4008b3b1:0x3ffb9d50 0x4008adf5:0x3ffb9d70 0x4008b343:0x3ffb9de0 0x400d811b:0x3ffb9e10 0x400d7eba:0x3ffb9ed0 0x400d3d82:0x3ffb9f00 0x4013328a:0x3ffb9f30




ELF file SHA256: 251a73040

Rebooting...
ets Jun  8 2016 00:22:57

rst:0xc (SW_CPU_RESET),boot:0x17 (SPI_FAST_FLASH_BOOT)
configsip: 0, SPIWP:0xee
clk_drv:0x00,q_drv:0x00,d_drv:0x00,cs0_drv:0x00,hd_drv:0x00,wp_drv:0x00
mode:DIO, clock div:2
load:0x3fff0040,len:6376
load:0x40078000,len:15900
ho 0 tail 12 room 4
load:0x40080400,len:3920
entry 0x40080644
[0;32mI (29) boot: ESP-IDF v6.1-dev-1323-gf6aaf22278-dirty 2nd stage bootloader[0m
[0;32mI (29) boot: compile time Dec 29 2025 16:42:56[0m
[0;32mI (29) boot: Multicore bootloader[0m
[0;32mI (33) boot: chip revision: v1.0[0m
[0;32mI (35) boot.esp32: SPI Speed      : 40MHz[0m
[0;32mI (39) boot.esp32: SPI Mode       : DIO[0m
[0;32mI (43) boot.esp32: SPI Flash Size : 2MB[0m
[0;32mI (46) boot: Enabling RNG early entropy source...[0m
[0;32mI (51) boot: Partition Table:[0m
[0;32mI (53) boot: ## Label            Usage          Type ST Offset   Length[0m
[0;32mI (60) boot:  0 nvs              WiFi data        01 02 00009000 00006000[0m
[0;32mI (66) boot:  1 phy_init         RF data          01 01 0000f000 00001000[0m
[0;32mI (73) boot:  2 factory          factory app      00 00 00010000 00100000[0m
[0;32mI (79) boot: End of partition table[0m
[0;32mI (83) esp_image: segment 0: paddr=00010020 vaddr=3f400020 size=14b58h ( 84824) map[0m
[0;32mI (120) esp_image: segment 1: paddr=00024b80 vaddr=3ffb0000 size=04268h ( 17000) load[0m
[0;32mI (127) esp_image: segment 2: paddr=00028df0 vaddr=40080000 size=07228h ( 29224) load[0m
[0;32mI (139) esp_image: segment 3: paddr=00030020 vaddr=400d0020 size=670b8h (422072) map[0m
[0;32mI (290) esp_image: segment 4: paddr=000970e0 vaddr=40087228 size=0f82ch ( 63532) load[0m
[0;32mI (316) esp_image: segment 5: paddr=000a6914 vaddr=50000000 size=00028h (    40) load[0m
[0;32mI (327) boot: Loaded app from partition at offset 0x10000[0m
[0;32mI (328) boot: Disabling RNG early entropy source...[0m
[0;32mI (338) cpu_start: Multicore app[0m
[0;32mI (346) cpu_start: GPIO 3 and 1 are used as console UART I/O pins[0m
[0;32mI (346) cpu_start: Pro cpu start user code[0m
[0;32mI (347) cpu_start: cpu freq: 160000000 Hz[0m
[0;32mI (348) app_init: Application information:[0m
[0;32mI (352) app_init: Project name:     maestro[0m
[0;32mI (356) app_init: App version:      bbb86fa-dirty[0m
[0;32mI (361) app_init: Compile time:     Dec 30 2025 17:37:43[0m
[0;32mI (366) app_init: ELF file SHA256:  251a73040...[0m
[0;32mI (370) app_init: ESP-IDF:          v6.1-dev-1323-gf6aaf22278-dirty[0m
[0;32mI (376) efuse_init: Min chip rev:     v0.0[0m
[0;32mI (380) efuse_init: Max chip rev:     v3.99 [0m
[0;32mI (384) efuse_init: Chip rev:         v1.0[0m
[0;32mI (388) heap_init: Initializing. RAM available for dynamic allocation:[0m
[0;32mI (394) heap_init: At 3FFAE6E0 len 00001920 (6 KiB): DRAM[0m
[0;32mI (399) heap_init: At 3FFB7C10 len 000283F0 (160 KiB): DRAM[0m
[0;32mI (404) heap_init: At 3FFE0440 len 00003AE0 (14 KiB): D/IRAM[0m
[0;32mI (410) heap_init: At 3FFE4350 len 0001BCB0 (111 KiB): D/IRAM[0m
[0;32mI (415) heap_init: At 40096A54 len 000095AC (37 KiB): IRAM[0m
[0;32mI (422) spi_flash: detected chip: generic[0m
[0;32mI (424) spi_flash: flash io: dio[0m
[0;33mW (427) spi_flash: Detected size(4096k) larger than the size in the binary image header(2048k). Using the size in the binary image header.[0m
[0;32mI (441) main_task: Started on CPU0[0m
[0;32mI (451) main_task: Calling app_main()[0m
[0;32mI (451) SPI: Initializing bus SPI2...[0m
[0;32mI (451) SPI: Adding SPI Device on GPIO4...[0m
[0;32mI (451) SPI: Configuring Temperature Sensor...[0m
[0;32mI (451) SPI: Transaction Size: 16 bits[0m
[0;32mI (461) WIFI: Configuring WiFi...[0m
[0;33mW (461) wifi:wifi osi_nvs_open fail ret=4353[0m

[0;33mW (461) wifi_init: Failed to unregister Rx callbacks[0m
[1;31mE (471) wifi_init: Failed to deinit Wi-Fi driver (0x3001)[0m
[1;31mE (471) wifi_init: Failed to deinit Wi-Fi (0x3001)[0m
ESP_ERROR_CHECK failed: esp_err_t 0x1101 (ESP_ERR_NVS_NOT_INITIALIZED) at 0x400d811b
file: "./main/wifi_helper.c" line 23
func: WifiConfig
expression: wifi_ret

abort() was called at PC 0x4008b343 on core 0


Backtrace: 0x4008b3e9:0x3ffb9d30 0x4008b3b1:0x3ffb9d50 0x4008adf5:0x3ffb9d70 0x4008b343:0x3ffb9de0 0x400d811b:0x3ffb9e10 0x400d7eba:0x3ffb9ed0 0x400d3d82:0x3ffb9f00 0x4013328a:0x3ffb9f30




ELF file SHA256: 251a73040

Rebooting...
ets Jun  8 2016 00:22:57

rst:0xc (SW_CPU_RESET),boot:0x17 (SPI_FAST_FLASH_BOOT)
configsip: 0, SPIWP:0xee
clk_drv:0x00,q_drv:0x00,d_drv:0x00,cs0_drv:0x00,hd_drv:0x00,wp_drv:0x00
mode:DIO, clock div:2
load:0x3fff0040,len:6376
load:0x40078000,len:15900
ho 0 tail 12 room 4
load:0x40080400,len:3920
entry 0x40080644
[0;32mI (29) boot: ESP-IDF v6.1-dev-1323-gf6aaf22278-dirty 2nd stage bootloader[0m
[0;32mI (29) boot: compile time Dec 29 2025 16:42:56[0m
[0;32mI (29) boot: Multicore bootloader[0m
[0;32mI (33) boot: chip revision: v1.0[0m
[0;32mI (35) boot.esp32: SPI Speed      : 40MHz[0m
[0;32mI (39) boot.esp32: SPI Mode       : DIO[0m
[0;32mI (43) boot.esp32: SPI Flash Size : 2MB[0m
[0;32mI (46) boot: Enabling RNG early entropy source...[0m
[0;32mI (51) boot: Partition Table:[0m
[0;32mI (53) boot: ## Label            Usage          Type ST Offset   Length[0m
[0;32mI (60) boot:  0 nvs              WiFi data        01 02 00009000 00006000[0m
[0;32mI (66) boot:  1 phy_init         RF data          01 01 0000f000 00001000[0m
[0;32mI (73) boot:  2 factory          factory app      00 00 00010000 00100000[0m
[0;32mI (79) boot: End of partition table[0m
[0;32mI (83) esp_image: segment 0: paddr=00010020 vaddr=3f400020 size=14b58h ( 84824) map[0m
[0;32mI (120) esp_image: segment 1: paddr=00024b80 vaddr=3ffb0000 size=04268h ( 17000) load[0m
[0;32mI (127) esp_image: segment 2: paddr=00028df0 vaddr=40080000 size=07228h ( 29224) load[0m
[0;32mI (139) esp_image: segment 3: paddr=00030020 vaddr=400d0020 size=670b8h (422072) map[0m
[0;32mI (290) esp_image: segment 4: paddr=000970e0 vaddr=40087228 size=0f82ch ( 63532) load[0m
[0;32mI (316) esp_image: segment 5: paddr=000a6914 vaddr=50000000 size=00028h (    40) load[0m
[0;32mI (327) boot: Loaded app from partition at offset 0x10000[0m
[0;32mI (328) boot: Disabling RNG early entropy source...[0m
[0;32mI (338) cpu_start: Multicore app[0m
[0;32mI (346) cpu_start: GPIO 3 and 1 are used as console UART I/O pins[0m
[0;32mI (346) cpu_start: Pro cpu start user code[0m
[0;32mI (347) cpu_start: cpu freq: 160000000 Hz[0m
[0;32mI (348) app_init: Application information:[0m
[0;32mI (352) app_init: Project name:     maestro[0m
[0;32mI (356) app_init: App version:      bbb86fa-dirty[0m
[0;32mI (361) app_init: Compile time:     Dec 30 2025 17:37:43[0m
[0;32mI (366) app_init: ELF file SHA256:  251a73040...[0m
[0;32mI (370) app_init: ESP-IDF:          v6.1-dev-1323-gf6aaf22278-dirty[0m
[0;32mI (376) efuse_init: Min chip rev:     v0.0[0m
[0;32mI (380) efuse_init: Max chip rev:     v3.99 [0m
[0;32mI (384) efuse_init: Chip rev:         v1.0[0m
[0;32mI (388) heap_init: Initializing. RAM available for dynamic allocation:[0m
[0;32mI (394) heap_init: At 3FFAE6E0 len 00001920 (6 KiB): DRAM[0m
[0;32mI (399) heap_init: At 3FFB7C10 len 000283F0 (160 KiB): DRAM[0m
[0;32mI (404) heap_init: At 3FFE0440 len 00003AE0 (14 KiB): D/IRAM[0m
[0;32mI (410) heap_init: At 3FFE4350 len 0001BCB0 (111 KiB): D/IRAM[0m
[0;32mI (415) heap_init: At 40096A54 len 000095AC (37 KiB): IRAM[0m
[0;32mI (422) spi_flash: detected chip: generic[0m
[0;32mI (424) spi_flash: flash io: dio[0m
[0;33mW (427) spi_flash: Detected size(4096k) larger than the size in the binary image header(2048k). Using the size in the binary image header.[0m
[0;32mI (441) main_task: Started on CPU0[0m
[0;32mI (451) main_task: Calling app_main()[0m
[0;32mI (451) SPI: Initializing bus SPI2...[0m
[0;32mI (451) SPI: Adding SPI Device on GPIO4...[0m
[0;32mI (451) SPI: Configuring Temperature Sensor...[0m
[0;32mI (451) SPI: Transaction Size: 16 bits[0m
[0;32mI (461) WIFI: Configuring WiFi...[0m
[0;33mW (461) wifi:wifi osi_nvs_open fail ret=4353[0m

[0;33mW (461) wifi_init: Failed to unregister Rx callbacks[0m
[1;31mE (471) wifi_init: Failed to deinit Wi-Fi driver (0x3001)[0m
[1;31mE (471) wifi_init: Failed to deinit Wi-Fi (0x3001)[0m
ESP_ERROR_CHECK failed: esp_err_t 0x1101 (ESP_ERR_NVS_NOT_INITIALIZED) at 0x400d811b
file: "./main/wifi_helper.c" line 23
func: WifiConfig
expression: wifi_ret

abort() was called at PC 0x4008b343 on core 0


Backtrace: 0x4008b3e9:0x3ffb9d30 0x4008b3b1:0x3ffb9d50 0x4008adf5:0x3ffb9d70 0x4008b343:0x3ffb9de0 0x400d811b:0x3ffb9e10 0x400d7eba:0x3ffb9ed0 0x400d3d82:0x3ffb9f00 0x4013328a:0x3ffb9f30




ELF file SHA256: 251a73040

Rebooting...
ets Jun  8 2016 00:22:57

rst:0xc (SW_CPU_RESET),boot:0x17 (SPI_FAST_FLASH_BOOT)
configsip: 0, SPIWP:0xee
clk_drv:0x00,q_drv:0x00,d_drv:0x00,cs0_drv:0x00,hd_drv:0x00,wp_drv:0x00
mode:DIO, clock div:2
load:0x3fff0040,len:6376
load:0x40078000,len:15900
ho 0 tail 12 room 4
load:0x40080400,len:3920
entry 0x40080644
[0;32mI (29) boot: ESP-IDF v6.1-dev-1323-gf6aaf22278-dirty 2nd stage bootloader[0m
[0;32mI (29) boot: compile time Dec 29 2025 16:42:56[0m
[0;32mI (29) boot: Multicore bootloader[0m
[0;32mI (33) boot: chip revision: v1.0[0m
[0;32mI (35) boot.esp32: SPI Speed      : 40MHz[0m
[0;32mI (39) boot.esp32: SPI Mode       : DIO[0m
[0;32mI (43) boot.esp32: SPI Flash Size : 2MB[0m
[0;32mI (46) boot: Enabling RNG early entropy source...[0m
[0;32mI (51) boot: Partition Table:[0m
[0;32mI (53) boot: ## Label            Usage          Type ST Offset   Length[0m
[0;32mI (60) boot:  0 nvs              WiFi data        01 02 00009000 00006000[0m
[0;32mI (66) boot:  1 phy_init         RF data          01 01 0000f000 00001000[0m
[0;32mI (73) boot:  2 factory          factory app      00 00 00010000 00100000[0m
[0;32mI (79) boot: End of partition table[0m
[0;32mI (83) esp_image: segment 0: paddr=00010020 vaddr=3f400020 size=14b58h ( 84824) map[0m
[0;32mI (120) esp_image: segment 1: paddr=00024b80 vaddr=3ffb0000 size=04268h ( 17000) load[0m
[0;32mI (127) esp_image: segment 2: paddr=00028df0 vaddr=40080000 size=07228h ( 29224) load[0m
[0;32mI (139) esp_image: segment 3: paddr=00030020 vaddr=400d0020 size=670b8h (422072) map[0m
[0;32mI (290) esp_image: segment 4: paddr=000970e0 vaddr=40087228 size=0f82ch ( 63532) load[0m
[0;32mI (316) esp_image: segment 5: paddr=000a6914 vaddr=50000000 size=00028h (    40) load[0m
[0;32mI (327) boot: Loaded app from partition at offset 0x10000[0m
[0;32mI (328) boot: Disabling RNG early entropy source...[0m
[0;32mI (338) cpu_start: Multicore app[0m
[0;32mI (346) cpu_start: GPIO 3 and 1 are used as console UART I/O pins[0m
[0;32mI (346) cpu_start: Pro cpu start user code[0m
[0;32mI (347) cpu_start: cpu freq: 160000000 Hz[0m
[0;32mI (348) app_init: Application information:[0m
[0;32mI (352) app_init: Project name:     maestro[0m
[0;32mI (356) app_init: App version:      bbb86fa-dirty[0m
[0;32mI (361) app_init: Compile time:     Dec 30 2025 17:37:43[0m
[0;32mI (366) app_init: ELF file SHA256:  251a73040...[0m
[0;32mI (370) app_init: ESP-IDF:          v6.1-dev-1323-gf6aaf22278-dirty[0m
[0;32mI (376) efuse_init: Min chip rev:     v0.0[0m
[0;32mI (380) efuse_init: Max chip rev:     v3.99 [0m
[0;32mI (384) efuse_init: Chip rev:         v1.0[0m
[0;32mI (388) heap_init: Initializing. RAM available for dynamic allocation:[0m
[0;32mI (394) heap_init: At 3FFAE6E0 len 00001920 (6 KiB): DRAM[0m
[0;32mI (399) heap_init: At 3FFB7C10 len 000283F0 (160 KiB): DRAM[0m
[0;32mI (404) heap_init: At 3FFE0440 len 00003AE0 (14 KiB): D/IRAM[0m
[0;32mI (410) heap_init: At 3FFE4350 len 0001BCB0 (111 KiB): D/IRAM[0m
[0;32mI (415) heap_init: At 40096A54 len 000095AC (37 KiB): IRAM[0m
[0;32mI (422) spi_flash: detected chip: generic[0m
[0;32mI (424) spi_flash: flash io: dio[0m
[0;33mW (427) spi_flash: Detected size(4096k) larger than the size in the binary image header(2048k). Using the size in the binary image header.[0m
[0;32mI (441) main_task: Started on CPU0[0m
[0;32mI (451) main_task: Calling app_main()[0m
[0;32mI (451) SPI: Initializing bus SPI2...[0m
[0;32mI (451) SPI: Adding SPI Device on GPIO4...[0m
[0;32mI (451) SPI: Configuring Temperature Sensor...[0m
[0;32mI (451) SPI: Transaction Size: 16 bits[0m
[0;32mI (461) WIFI: Configuring WiFi...[0m
[0;33mW (461) wifi:wifi osi_nvs_open fail ret=4353[0m

[0;33mW (461) wifi_init: Failed to unregister Rx callbacks[0m
[1;31mE (471) wifi_init: Failed to deinit Wi-Fi driver (0x3001)[0m
[1;31mE (471) wifi_init: Failed to deinit Wi-Fi (0x3001)[0m
ESP_ERROR_CHECK failed: esp_err_t 0x1101 (ESP_ERR_NVS_NOT_INITIALIZED) at 0x400d811b
file: "./main/wifi_helper.c" line 23
func: WifiConfig
expression: wifi_ret

abort() was called at PC 0x4008b343 on core 0


Backtrace: 0x4008b3e9:0x3ffb9d30 0x4008b3b1:0x3ffb9d50 0x4008adf5:0x3ffb9d70 0x4008b343:0x3ffb9de0 0x400d811b:0x3ffb9e10 0x400d7eba:0x3ffb9ed0 0x400d3d82:0x3ffb9f00 0x4013328a:0x3ffb9f30




ELF file SHA256: 251a73040

Rebooting...
ets Jun  8 2016 00:22:57

rst:0xc (SW_CPU_RESET),boot:0x17 (SPI_FAST_FLASH_BOOT)
configsip: 0, SPIWP:0xee
clk_drv:0x00,q_drv:0x00,d_drv:0x00,cs0_drv:0x00,hd_drv:0x00,wp_drv:0x00
mode:DIO, clock div:2
load:0x3fff0040,len:6376
load:0x40078000,len:15900
ho 0 tail 12 room 4
load:0x40080400,len:3920
entry 0x40080644
[0;32mI (29) boot: ESP-IDF v6.1-dev-1323-gf6aaf22278-dirty 2nd stage bootloader[0m
[0;32mI (29) boot: compile time Dec 29 2025 16:42:56[0m
[0;32mI (29) boot: Multicore bootloader[0m
[0;32mI (33) boot: chip revision: v1.0[0m
[0;32mI (35) boot.esp32: SPI Speed      : 40MHz[0m
[0;32mI (39) boot.esp32: SPI Mode       : DIO[0m
[0;32mI (43) boot.esp32: SPI Flash Size : 2MB[0m
[0;32mI (46) boot: Enabling RNG early entropy source...[0m
[0;32mI (51) boot: Partition Table:[0m
[0;32mI (53) boot: ## Label            Usage          Type ST Offset   Length[0m
[0;32mI (60) boot:  0 nvs              WiFi data        01 02 00009000 00006000[0m
[0;32mI (66) boot:  1 phy_init         RF data          01 01 0000f000 00001000[0m
[0;32mI (73) boot:  2 factory          factory app      00 00 00010000 00100000[0m
[0;32mI (79) boot: End of partition table[0m
[0;32mI (83) esp_image: segment 0: paddr=00010020 vaddr=3f400020 size=14b58h ( 84824) map[0m
[0;32mI (120) esp_image: segment 1: paddr=00024b80 vaddr=3ffb0000 size=04268h ( 17000) load[0m
[0;32mI (127) esp_image: segment 2: paddr=00028df0 vaddr=40080000 size=07228h ( 29224) load[0m
[0;32mI (139) esp_image: segment 3: paddr=00030020 vaddr=400d0020 size=670b8h (422072) map[0m
[0;32mI (290) esp_image: segment 4: paddr=000970e0 vaddr=40087228 size=0f82ch ( 63532) load[0m
[0;32mI (316) esp_image: segment 5: paddr=000a6914 vaddr=50000000 size=00028h (    40) load[0m
[0;32mI (327) boot: Loaded app from partition at offset 0x10000[0m
[0;32mI (328) boot: Disabling RNG early entropy source...[0m
[0;32mI (338) cpu_start: Multicore app[0m
[0;32mI (346) cpu_start: GPIO 3 and 1 are used as console UART I/O pins[0m
[0;32mI (346) cpu_start: Pro cpu start user code[0m
[0;32mI (347) cpu_start: cpu freq: 160000000 Hz[0m
[0;32mI (348) app_init: Application information:[0m
[0;32mI (352) app_init: Project name:     maestro[0m
[0;32mI (356) app_init: App version:      bbb86fa-dirty[0m
[0;32mI (361) app_init: Compile time:     Dec 30 2025 17:37:43[0m
[0;32mI (366) app_init: ELF file SHA256:  251a73040...[0m
[0;32mI (370) app_init: ESP-IDF:          v6.1-dev-1323-gf6aaf22278-dirty[0m
[0;32mI (376) efuse_init: Min chip rev:     v0.0[0m
[0;32mI (380) efuse_init: Max chip rev:     v3.99 [0m
[0;32mI (384) efuse_init: Chip rev:         v1.0[0m
[0;32mI (388) heap_init: Initializing. RAM available for dynamic allocation:[0m
[0;32mI (394) heap_init: At 3FFAE6E0 len 00001920 (6 KiB): DRAM[0m
[0;32mI (399) heap_init: At 3FFB7C10 len 000283F0 (160 KiB): DRAM[0m
[0;32mI (404) heap_init: At 3FFE0440 len 00003AE0 (14 KiB): D/IRAM[0m
[0;32mI (410) heap_init: At 3FFE4350 len 0001BCB0 (111 KiB): D/IRAM[0m
[0;32mI (415) heap_init: At 40096A54 len 000095AC (37 KiB): IRAM[0m
[0;32mI (422) spi_flash: detected chip: generic[0m
[0;32mI (424) spi_flash: flash io: dio[0m
[0;33mW (427) spi_flash: Detected size(4096k) larger than the size in the binary image header(2048k). Using the size in the binary image header.[0m
[0;32mI (441) main_task: Started on CPU0[0m
[0;32mI (451) main_task: Calling app_main()[0m
[0;32mI (451) SPI: Initializing bus SPI2...[0m
[0;32mI (451) SPI: Adding SPI Device on GPIO4...[0m
[0;32mI (451) SPI: Configuring Temperature Sensor...[0m
[0;32mI (451) SPI: Transaction Size: 16 bits[0m
[0;32mI (461) WIFI: Configuring WiFi...[0m
[0;33mW (461) wifi:wifi osi_nvs_open fail ret=4353[0m

[0;33mW (461) wifi_init: Failed to unregister Rx callbacks[0m
[1;31mE (471) wifi_init: Failed to deinit Wi-Fi driver (0x3001)[0m
[1;31mE (471) wifi_init: Failed to deinit Wi-Fi (0x3001)[0m
ESP_ERROR_CHECK failed: esp_err_t 0x1101 (ESP_ERR_NVS_NOT_INITIALIZED) at 0x400d811b
file: "./main/wifi_helper.c" line 23
func: WifiConfig
expression: wifi_ret

abort() was called at PC 0x4008b343 on core 0


Backtrace: 0x4008b3e9:0x3ffb9d30 0x4008b3b1:0x3ffb9d50 0x4008adf5:0x3ffb9d70 0x4008b343:0x3ffb9de0 0x400d811b:0x3ffb9e10 0x400d7eba:0x3ffb9ed0 0x400d3d82:0x3ffb9f00 0x4013328a:0x3ffb9f30




ELF file SHA256: 251a73040

Rebooting...
ets Jun  8 2016 00:22:57

rst:0xc (SW_CPU_RESET),boot:0x17 (SPI_FAST_FLASH_BOOT)
configsip: 0, SPIWP:0xee
clk_drv:0x00,q_drv:0x00,d_drv:0x00,cs0_drv:0x00,hd_drv:0x00,wp_drv:0x00
mode:DIO, clock div:2
load:0x3fff0040,len:6376
load:0x40078000,len:15900
ho 0 tail 12 room 4
load:0x40080400,len:3920
entry 0x40080644
[0;32mI (29) boot: ESP-IDF v6.1-dev-1323-gf6aaf22278-dirty 2nd stage bootloader[0m
[0;32mI (29) boot: compile time Dec 29 2025 16:42:56[0m
[0;32mI (29) boot: Multicore bootloader[0m
[0;32mI (33) boot: chip revision: v1.0[0m
[0;32mI (35) boot.esp32: SPI Speed      : 40MHz[0m
[0;32mI (39) boot.esp32: SPI Mode       : DIO[0m
[0;32mI (43) boot.esp32: SPI Flash Size : 2MB[0m
[0;32mI (46) boot: Enabling RNG early entropy source...[0m
[0;32mI (51) boot: Partition Table:[0m
[0;32mI (53) boot: ## Label            Usage          Type ST Offset   Length[0m
[0;32mI (60) boot:  0 nvs              WiFi data        01 02 00009000 00006000[0m
[0;32mI (66) boot:  1 phy_init         RF data          01 01 0000f000 00001000[0m
[0;32mI (73) boot:  2 factory          factory app      00 00 00010000 00100000[0m
[0;32mI (79) boot: End of partition table[0m
[0;32mI (83) esp_image: segment 0: paddr=00010020 vaddr=3f400020 size=14b58h ( 84824) map[0m
[0;32mI (120) esp_image: segment 1: paddr=00024b80 vaddr=3ffb0000 size=04268h ( 17000) load[0m
[0;32mI (127) esp_image: segment 2: paddr=00028df0 vaddr=40080000 size=07228h ( 29224) load[0m
[0;32mI (139) esp_image: segment 3: paddr=00030020 vaddr=400d0020 size=670b8h (422072) map[0m
[0;32mI (290) esp_image: segment 4: paddr=000970e0 vaddr=40087228 size=0f82ch ( 63532) load[0m
[0;32mI (316) esp_image: segment 5: paddr=000a6914 vaddr=50000000 size=00028h (    40) load[0m
[0;32mI (327) boot: Loaded app from partition at offset 0x10000[0m
[0;32mI (328) boot: Disabling RNG early entropy source...[0m
[0;32mI (338) cpu_start: Multicore app[0m
[0;32mI (346) cpu_start: GPIO 3 and 1 are used as console UART I/O pins[0m
[0;32mI (346) cpu_start: Pro cpu start user code[0m
[0;32mI (347) cpu_start: cpu freq: 160000000 Hz[0m
[0;32mI (348) app_init: Application information:[0m
[0;32mI (352) app_init: Project name:     maestro[0m
[0;32mI (356) app_init: App version:      bbb86fa-dirty[0m
[0;32mI (361) app_init: Compile time:     Dec 30 2025 17:37:43[0m
[0;32mI (366) app_init: ELF file SHA256:  251a73040...[0m
[0;32mI (370) app_init: ESP-IDF:          v6.1-dev-1323-gf6aaf22278-dirty[0m
[0;32mI (376) efuse_init: Min chip rev:     v0.0[0m
[0;32mI (380) efuse_init: Max chip rev:     v3.99 [0m
[0;32mI (384) efuse_init: Chip rev:         v1.0[0m
[0;32mI (388) heap_init: Initializing. RAM available for dynamic allocation:[0m
[0;32mI (394) heap_init: At 3FFAE6E0 len 00001920 (6 KiB): DRAM[0m
[0;32mI (399) heap_init: At 3FFB7C10 len 000283F0 (160 KiB): DRAM[0m
[0;32mI (404) heap_init: At 3FFE0440 len 00003AE0 (14 KiB): D/IRAM[0m
[0;32mI (410) heap_init: At 3FFE4350 len 0001BCB0 (111 KiB): D/IRAM[0m
[0;32mI (415) heap_init: At 40096A54 len 000095AC (37 KiB): IRAM[0m
[0;32mI (422) spi_flash: detected chip: generic[0m
[0;32mI (424) spi_flash: flash io: dio[0m
[0;33mW (427) spi_flash: Detected size(4096k) larger than the size in the binary image header(2048k). Using the size in the binary image header.[0m
[0;32mI (441) main_task: Started on CPU0[0m
[0;32mI (451) main_task: Calling app_main()[0m
[0;32mI (451) SPI: Initializing bus SPI2...[0m
[0;32mI (451) SPI: Adding SPI Device on GPIO4...[0m
[0;32mI (451) SPI: Configuring Temperature Sensor...[0m
[0;32mI (451) SPI: Transaction Size: 16 bits[0m
[0;32mI (461) WIFI: Configuring WiFi...[0m
[0;33mW (461) wifi:wifi osi_nvs_open fail ret=4353[0m

[0;33mW (461) wifi_init: Failed to unregister Rx callbacks[0m
[1;31mE (471) wifi_init: Failed to deinit Wi-Fi driver (0x3001)[0m
[1;31mE (471) wifi_init: Failed to deinit Wi-Fi (0x3001)[0m
ESP_ERROR_CHECK failed: esp_err_t 0x1101 (ESP_ERR_NVS_NOT_INITIALIZED) at 0x400d811b
file: "./main/wifi_helper.c" line 23
func: WifiConfig
expression: wifi_ret

abort() was called at PC 0x4008b343 on core 0


Backtrace: 0x4008b3e9:0x3ffb9d30 0x4008b3b1:0x3ffb9d50 0x4008adf5:0x3ffb9d70 0x4008b343:0x3ffb9de0 0x400d811b:0x3ffb9e10 0x400d7eba:0x3ffb9ed0 0x400d3d82:0x3ffb9f00 0x4013328a:0x3ffb9f30




ELF file SHA256: 251a73040

Rebooting...
ets Jun  8 2016 00:22:57

rst:0xc (SW_CPU_RESET),boot:0x17 (SPI_FAST_FLASH_BOOT)
configsip: 0, SPIWP:0xee
clk_drv:0x00,q_drv:0x00,d_drv:0x00,cs0_drv:0x00,hd_drv:0x00,wp_drv:0x00
mode:DIO, clock div:2
load:0x3fff0040,len:6376
load:0x40078000,len:15900
ho 0 tail 12 room 4
load:0x40080400,len:3920
entry 0x40080644
[0;32mI (29) boot: ESP-IDF v6.1-dev-1323-gf6aaf22278-dirty 2nd stage bootloader[0m
[0;32mI (29) boot: compile time Dec 29 2025 16:42:56[0m
[0;32mI (29) boot: Multicore bootloader[0m
[0;32mI (33) boot: chip revision: v1.0[0m
[0;32mI (35) boot.esp32: SPI Speed      : 40MHz[0m
[0;32mI (39) boot.esp32: SPI Mode       : DIO[0m
[0;32mI (43) boot.esp32: SPI Flash Size : 2MB[0m
[0;32mI (46) boot: Enabling RNG early entropy source...[0m
[0;32mI (51) boot: Partition Table:[0m
[0;32mI (53) boot: ## Label            Usage          Type ST Offset   Length[0m
[0;32mI (60) boot:  0 nvs              WiFi data        01 02 00009000 00006000[0m
[0;32mI (66) boot:  1 phy_init         RF data          01 01 0000f000 00001000[0m
[0;32mI (73) boot:  2 factory          factory app      00 00 00010000 00100000[0m
[0;32mI (79) boot: End of partition table[0m
[0;32mI (83) esp_image: segment 0: paddr=00010020 vaddr=3f400020 size=14b58h ( 84824) map[0m
[0;32mI (120) esp_image: segment 1: paddr=00024b80 vaddr=3ffb0000 size=04268h ( 17000) load[0m
[0;32mI (127) esp_image: segment 2: paddr=00028df0 vaddr=40080000 size=07228h ( 29224) load[0m
[0;32mI (139) esp_image: segment 3: paddr=00030020 vaddr=400d0020 size=670b8h (422072) map[0m
[0;32mI (290) esp_image: segment 4: paddr=000970e0 vaddr=40087228 size=0f82ch ( 63532) load[0m
[0;32mI (316) esp_image: segment 5: paddr=000a6914 vaddr=50000000 size=00028h (    40) load[0m
[0;32mI (327) boot: Loaded app from partition at offset 0x10000[0m
[0;32mI (328) boot: Disabling RNG early entropy source...[0m
[0;32mI (338) cpu_start: Multicore app[0m
[0;32mI (346) cpu_start: GPIO 3 and 1 are used as console UART I/O pins[0m
[0;32mI (346) cpu_start: Pro cpu start user code[0m
[0;32mI (347) cpu_start: cpu freq: 160000000 Hz[0m
[0;32mI (348) app_init: Application information:[0m
[0;32mI (352) app_init: Project name:     maestro[0m
[0;32mI (356) app_init: App version:      bbb86fa-dirty[0m
[0;32mI (361) app_init: Compile time:     Dec 30 2025 17:37:43[0m
[0;32mI (366) app_init: ELF file SHA256:  251a73040...[0m
[0;32mI (370) app_init: ESP-IDF:          v6.1-dev-1323-gf6aaf22278-dirty[0m
[0;32mI (376) efuse_init: Min chip rev:     v0.0[0m
[0;32mI (380) efuse_init: Max chip rev:     v3.99 [0m
[0;32mI (384) efuse_init: Chip rev:         v1.0[0m
[0;32mI (388) heap_init: Initializing. RAM available for dynamic allocation:[0m
[0;32mI (394) heap_init: At 3FFAE6E0 len 00001920 (6 KiB): DRAM[0m
[0;32mI (399) heap_init: At 3FFB7C10 len 000283F0 (160 KiB): DRAM[0m
[0;32mI (404) heap_init: At 3FFE0440 len 00003AE0 (14 KiB): D/IRAM[0m
[0;32mI (410) heap_init: At 3FFE4350 len 0001BCB0 (111 KiB): D/IRAM[0m
[0;32mI (415) heap_init: At 40096A54 len 000095AC (37 KiB): IRAM[0m
[0;32mI (422) spi_flash: detected chip: generic[0m
[0;32mI (424) spi_flash: flash io: dio[0m
[0;33mW (427) spi_flash: Detected size(4096k) larger than the size in the binary image header(2048k). Using the size in the binary image header.[0m
[0;32mI (441) main_task: Started on CPU0[0m
[0;32mI (451) main_task: Calling app_main()[0m
[0;32mI (451) SPI: Initializing bus SPI2...[0m
[0;32mI (451) SPI: Adding SPI Device on GPIO4...[0m
[0;32mI (451) SPI: Configuring Temperature Sensor...[0m
[0;32mI (451) SPI: Transaction Size: 16 bits[0m
[0;32mI (461) WIFI: Configuring WiFi...[0m
[0;33mW (461) wifi:wifi osi_nvs_open fail ret=4353[0m

[0;33mW (461) wifi_init: Failed to unregister Rx callbacks[0m
[1;31mE (471) wifi_init: Failed to deinit Wi-Fi driver (0x3001)[0m
[1;31mE (471) wifi_init: Failed to deinit Wi-Fi (0x3001)[0m
ESP_ERROR_CHECK failed: esp_err_t 0x1101 (ESP_ERR_NVS_NOT_INITIALIZED) at 0x400d811b
file: "./main/wifi_helper.c" line 23
func: WifiConfig
expression: wifi_ret

abort() was called at PC 0x4008b343 on core 0


Backtrace: 0x4008b3e9:0x3ffb9d30 0x4008b3b1:0x3ffb9d50 0x4008adf5:0x3ffb9d70 0x4008b343:0x3ffb9de0 0x400d811b:0x3ffb9e10 0x400d7eba:0x3ffb9ed0 0x400d3d82:0x3ffb9f00 0x4013328a:0x3ffb9f30




ELF file SHA256: 251a73040

Rebooting...
ets Jun  8 2016 00:22:57

rst:0xc (SW_CPU_RESET),boot:0x17 (SPI_FAST_FLASH_BOOT)
configsip: 0, SPIWP:0xee
clk_drv:0x00,q_drv:0x00,d_drv:0x00,cs0_drv:0x00,hd_drv:0x00,wp_drv:0x00
mode:DIO, clock div:2
load:0x3fff0040,len:6376
load:0x40078000,len:15900
ho 0 tail 12 room 4
load:0x40080400,len:3920
entry 0x40080644
[0;32mI (29) boot: ESP-IDF v6.1-dev-1323-gf6aaf22278-dirty 2nd stage bootloader[0m
[0;32mI (29) boot: compile time Dec 29 2025 16:42:56[0m
[0;32mI (29) boot: Multicore bootloader[0m
[0;32mI (33) boot: chip revision: v1.0[0m
[0;32mI (35) boot.esp32: SPI Speed      : 40MHz[0m
[0;32mI (39) boot.esp32: SPI Mode       : DIO[0m
[0;32mI (43) boot.esp32: SPI Flash Size : 2MB[0m
[0;32mI (46) boot: Enabling RNG early entropy source...[0m
[0;32mI (51) boot: Partition Table:[0m
[0;32mI (53) boot: ## Label            Usage          Type ST Offset   Length[0m
[0;32mI (60) boot:  0 nvs              WiFi data        01 02 00009000 00006000[0m
[0;32mI (66) boot:  1 phy_init         RF data          01 01 0000f000 00001000[0m
[0;32mI (73) boot:  2 factory          factory app      00 00 00010000 00100000[0m
[0;32mI (79) boot: End of partition table[0m
[0;32mI (83) esp_image: segment 0: paddr=00010020 vaddr=3f400020 size=14b58h ( 84824) map[0m
[0;32mI (120) esp_image: segment 1: paddr=00024b80 vaddr=3ffb0000 size=04268h ( 17000) load[0m
[0;32mI (127) esp_image: segment 2: paddr=00028df0 vaddr=40080000 size=07228h ( 29224) load[0m
[0;32mI (139) esp_image: segment 3: paddr=00030020 vaddr=400d0020 size=670b8h (422072) map[0m
[0;32mI (290) esp_image: segment 4: paddr=000970e0 vaddr=40087228 size=0f82ch ( 63532) load[0m
[0;32mI (316) esp_image: segment 5: paddr=000a6914 vaddr=50000000 size=00028h (    40) load[0m
[0;32mI (327) boot: Loaded app from partition at offset 0x10000[0m
[0;32mI (328) boot: Disabling RNG early entropy source...[0m
[0;32mI (338) cpu_start: Multicore app[0m
[0;32mI (346) cpu_start: GPIO 3 and 1 are used as console UART I/O pins[0m
[0;32mI (346) cpu_start: Pro cpu start user code[0m
[0;32mI (347) cpu_start: cpu freq: 160000000 Hz[0m
[0;32mI (348) app_init: Application information:[0m
[0;32mI (352) app_init: Project name:     maestro[0m
[0;32mI (356) app_init: App version:      bbb86fa-dirty[0m
[0;32mI (361) app_init: Compile time:     Dec 30 2025 17:37:43[0m
[0;32mI (366) app_init: ELF file SHA256:  251a73040...[0m
[0;32mI (370) app_init: ESP-IDF:          v6.1-dev-1323-gf6aaf22278-dirty[0m
[0;32mI (376) efuse_init: Min chip rev:     v0.0[0m
[0;32mI (380) efuse_init: Max chip rev:     v3.99 [0m
[0;32mI (384) efuse_init: Chip rev:         v1.0[0m
[0;32mI (388) heap_init: Initializing. RAM available for dynamic allocation:[0m
[0;32mI (394) heap_init: At 3FFAE6E0 len 00001920 (6 KiB): DRAM[0m
[0;32mI (399) heap_init: At 3FFB7C10 len 000283F0 (160 KiB): DRAM[0m
[0;32mI (404) heap_init: At 3FFE0440 len 00003AE0 (14 KiB): D/IRAM[0m
[0;32mI (410) heap_init: At 3FFE4350 len 0001BCB0 (111 KiB): D/IRAM[0m
[0;32mI (415) heap_init: At 40096A54 len 000095AC (37 KiB): IRAM[0m
[0;32mI (422) spi_flash: detected chip: generic[0m
[0;32mI (424) spi_flash: flash io: dio[0m
[0;33mW (427) spi_flash: Detected size(4096k) larger than the size in the binary image header(2048k). Using the size in the binary image header.[0m
[0;32mI (441) main_task: Started on CPU0[0m
[0;32mI (451) main_task: Calling app_main()[0m
[0;32mI (451) SPI: Initializing bus SPI2...[0m
[0;32mI (451) SPI: Adding SPI Device on GPIO4...[0m
[0;32mI (451) SPI: Configuring Temperature Sensor...[0m
[0;32mI (451) SPI: Transaction Size: 16 bits[0m
[0;32mI (461) WIFI: Configuring WiFi...[0m
[0;33mW (461) wifi:wifi osi_nvs_open fail ret=4353[0m

[0;33mW (461) wifi_init: Failed to unregister Rx callbacks[0m
[1;31mE (471) wifi_init: Failed to deinit Wi-Fi driver (0x3001)[0m
[1;31mE (471) wifi_init: Failed to deinit Wi-Fi (0x3001)[0m
ESP_ERROR_CHECK failed: esp_err_t 0x1101 (ESP_ERR_NVS_NOT_INITIALIZED) at 0x400d811b
file: "./main/wifi_helper.c" line 23
func: WifiConfig
expression: wifi_ret

abort() was called at PC 0x4008b343 on core 0


Backtrace: 0x4008b3e9:0x3ffb9d30 0x4008b3b1:0x3ffb9d50 0x4008adf5:0x3ffb9d70 0x4008b343:0x3ffb9de0 0x400d811b:0x3ffb9e10 0x400d7eba:0x3ffb9ed0 0x400d3d82:0x3ffb9f00 0x4013328a:0x3ffb9f30




ELF file SHA256: 251a73040

Rebooting...
ets Jun  8 2016 00:22:57

rst:0xc (SW_CPU_RESET),boot:0x17 (SPI_FAST_FLASH_BOOT)
configsip: 0, SPIWP:0xee
clk_drv:0x00,q_drv:0x00,d_drv:0x00,cs0_drv:0x00,hd_drv:0x00,wp_drv:0x00
mode:DIO, clock div:2
load:0x3fff0040,len:6376
load:0x40078000,len:15900
ho 0 tail 12 room 4
load:0x40080400,len:3920
entry 0x40080644
[0;32mI (29) boot: ESP-IDF v6.1-dev-1323-gf6aaf22278-dirty 2nd stage bootloader[0m
[0;32mI (29) boot: compile time Dec 29 2025 16:42:56[0m
[0;32mI (29) boot: Multicore bootloader[0m
[0;32mI (33) boot: chip revision: v1.0[0m
[0;32mI (35) boot.esp32: SPI Speed      : 40MHz[0m
[0;32mI (39) boot.esp32: SPI Mode       : DIO[0m
[0;32mI (43) boot.esp32: SPI Flash Size : 2MB[0m
[0;32mI (46) boot: Enabling RNG early entropy source...[0m
[0;32mI (51) boot: Partition Table:[0m
[0;32mI (53) boot: ## Label            Usage          Type ST Offset   Length[0m
[0;32mI (60) boot:  0 nvs              WiFi data        01 02 00009000 00006000[0m
[0;32mI (66) boot:  1 phy_init         RF data          01 01 0000f000 00001000[0m
[0;32mI (73) boot:  2 factory          factory app      00 00 00010000 00100000[0m
[0;32mI (79) boot: End of partition table[0m
[0;32mI (83) esp_image: segment 0: paddr=00010020 vaddr=3f400020 size=14b58h ( 84824) map[0m
[0;32mI (120) esp_image: segment 1: paddr=00024b80 vaddr=3ffb0000 size=04268h ( 17000) load[0m
[0;32mI (127) esp_image: segment 2: paddr=00028df0 vaddr=40080000 size=07228h ( 29224) load[0m
[0;32mI (139) esp_image: segment 3: paddr=00030020 vaddr=400d0020 size=670b8h (422072) map[0m
[0;32mI (290) esp_image: segment 4: paddr=000970e0 vaddr=40087228 size=0f82ch ( 63532) load[0m
[0;32mI (316) esp_image: segment 5: paddr=000a6914 vaddr=50000000 size=00028h (    40) load[0m
[0;32mI (327) boot: Loaded app from partition at offset 0x10000[0m
[0;32mI (328) boot: Disabling RNG early entropy source...[0m
[0;32mI (338) cpu_start: Multicore app[0m
[0;32mI (346) cpu_start: GPIO 3 and 1 are used as console UART I/O pins[0m
[0;32mI (346) cpu_start: Pro cpu start user code[0m
[0;32mI (347) cpu_start: cpu freq: 160000000 Hz[0m
[0;32mI (348) app_init: Application information:[0m
[0;32mI (352) app_init: Project name:     maestro[0m
[0;32mI (356) app_init: App version:      bbb86fa-dirty[0m
[0;32mI (361) app_init: Compile time:     Dec 30 2025 17:37:43[0m
[0;32mI (366) app_init: ELF file SHA256:  251a73040...[0m
[0;32mI (370) app_init: ESP-IDF:          v6.1-dev-1323-gf6aaf22278-dirty[0m
[0;32mI (376) efuse_init: Min chip rev:     v0.0[0m
[0;32mI (380) efuse_init: Max chip rev:     v3.99 [0m
[0;32mI (384) efuse_init: Chip rev:         v1.0[0m
[0;32mI (388) heap_init: Initializing. RAM available for dynamic allocation:[0m
[0;32mI (394) heap_init: At 3FFAE6E0 len 00001920 (6 KiB): DRAM[0m
[0;32mI (399) heap_init: At 3FFB7C10 len 000283F0 (160 KiB): DRAM[0m
[0;32mI (404) heap_init: At 3FFE0440 len 00003AE0 (14 KiB): D/IRAM[0m
[0;32mI (410) heap_init: At 3FFE4350 len 0001BCB0 (111 KiB): D/IRAM[0m
[0;32mI (415) heap_init: At 40096A54 len 000095AC (37 KiB): IRAM[0m
[0;32mI (422) spi_flash: detected chip: generic[0m
[0;32mI (424) spi_flash: flash io: dio[0m
[0;33mW (427) spi_flash: Detected size(4096k) larger than the size in the binary image header(2048k). Using the size in the binary image header.[0m
[0;32mI (441) main_task: Started on CPU0[0m
[0;32mI (451) main_task: Calling app_main()[0m
[0;32mI (451) SPI: Initializing bus SPI2...[0m
[0;32mI (451) SPI: Adding SPI Device on GPIO4...[0m
[0;32mI (451) SPI: Configuring Temperature Sensor...[0m
[0;32mI (451) SPI: Transaction Size: 16 bits[0m
[0;32mI (461) WIFI: Configuring WiFi...[0m
[0;33mW (461) wifi:wifi osi_nvs_open fail ret=4353[0m

[0;33mW (461) wifi_init: Failed to unregister Rx callbacks[0m
[1;31mE (471) wifi_init: Failed to deinit Wi-Fi driver (0x3001)[0m
[1;31mE (471) wifi_init: Failed to deinit Wi-Fi (0x3001)[0m
ESP_ERROR_CHECK failed: esp_err_t 0x1101 (ESP_ERR_NVS_NOT_INITIALIZED) at 0x400d811b
file: "./main/wifi_helper.c" line 23
func: WifiConfig
expression: wifi_ret

abort() was called at PC 0x4008b343 on core 0


Backtrace: 0x4008b3e9:0x3ffb9d30 0x4008b3b1:0x3ffb9d50 0x4008adf5:0x3ffb9d70 0x4008b343:0x3ffb9de0 0x400d811b:0x3ffb9e10 0x400d7eba:0x3ffb9ed0 0x400d3d82:0x3ffb9f00 0x4013328a:0x3ffb9f30




ELF file SHA256: 251a73040

Rebooting...
ets Jun  8 2016 00:22:57

rst:0xc (SW_CPU_RESET),boot:0x17 (SPI_FAST_FLASH_BOOT)
configsip: 0, SPIWP:0xee
clk_drv:0x00,q_drv:0x00,d_drv:0x00,cs0_drv:0x00,hd_drv:0x00,wp_drv:0x00
mode:DIO, clock div:2
load:0x3fff0040,len:6376
load:0x40078000,len:15900
ho 0 tail 12 room 4
load:0x40080400,len:3920
entry 0x40080644
[0;32mI (29) boot: ESP-IDF v6.1-dev-1323-gf6aaf22278-dirty 2nd stage bootloader[0m
[0;32mI (29) boot: compile time Dec 29 2025 16:42:56[0m
[0;32mI (29) boot: Multicore bootloader[0m
[0;32mI (33) boot: chip revision: v1.0[0m
[0;32mI (35) boot.esp32: SPI Speed      : 40MHz[0m
[0;32mI (39) boot.esp32: SPI Mode       : DIO[0m
[0;32mI (43) boot.esp32: SPI Flash Size : 2MB[0m
[0;32mI (46) boot: Enabling RNG early entropy source...[0m
[0;32mI (51) boot: Partition Table:[0m
[0;32mI (53) boot: ## Label            Usage          Type ST Offset   Length[0m
[0;32mI (60) boot:  0 nvs              WiFi data        01 02 00009000 00006000[0m
[0;32mI (66) boot:  1 phy_init         RF data          01 01 0000f000 00001000[0m
[0;32mI (73) boot:  2 factory          factory app      00 00 00010000 00100000[0m
[0;32mI (79) boot: End of partition table[0m
[0;32mI (83) esp_image: segment 0: paddr=00010020 vaddr=3f400020 size=14b58h ( 84824) map[0m
[0;32mI (120) esp_image: segment 1: paddr=00024b80 vaddr=3ffb0000 size=04268h ( 17000) load[0m
[0;32mI (127) esp_image: segment 2: paddr=00028df0 vaddr=40080000 size=07228h ( 29224) load[0m
[0;32mI (139) esp_image: segment 3: paddr=00030020 vaddr=400d0020 size=670b8h (422072) map[0m
[0;32mI (290) esp_image: segment 4: paddr=000970e0 vaddr=40087228 size=0f82ch ( 63532) load[0m
[0;32mI (316) esp_image: segment 5: paddr=000a6914 vaddr=50000000 size=00028h (    40) load[0m
[0;32mI (327) boot: Loaded app from partition at offset 0x10000[0m
[0;32mI (328) boot: Disabling RNG early entropy source...[0m
[0;32mI (338) cpu_start: Multicore app[0m
[0;32mI (346) cpu_start: GPIO 3 and 1 are used as console UART I/O pins[0m
[0;32mI (346) cpu_start: Pro cpu start user code[0m
[0;32mI (347) cpu_start: cpu freq: 160000000 Hz[0m
[0;32mI (348) app_init: Application information:[0m
[0;32mI (352) app_init: Project name:     maestro[0m
[0;32mI (356) app_init: App version:      bbb86fa-dirty[0m
[0;32mI (361) app_init: Compile time:     Dec 30 2025 17:37:43[0m
[0;32mI (366) app_init: ELF file SHA256:  251a73040...[0m
[0;32mI (370) app_init: ESP-IDF:          v6.1-dev-1323-gf6aaf22278-dirty[0m
[0;32mI (376) efuse_init: Min chip rev:     v0.0[0m
[0;32mI (380) efuse_init: Max chip rev:     v3.99 [0m
[0;32mI (384) efuse_init: Chip rev:         v1.0[0m
[0;32mI (388) heap_init: Initializing. RAM available for dynamic allocation:[0m
[0;32mI (394) heap_init: At 3FFAE6E0 len 00001920 (6 KiB): DRAM[0m
[0;32mI (399) heap_init: At 3FFB7C10 len 000283F0 (160 KiB): DRAM[0m
[0;32mI (404) heap_init: At 3FFE0440 len 00003AE0 (14 KiB): D/IRAM[0m
[0;32mI (410) heap_init: At 3FFE4350 len 0001BCB0 (111 KiB): D/IRAM[0m
[0;32mI (415) heap_init: At 40096A54 len 000095AC (37 KiB): IRAM[0m
[0;32mI (422) spi_flash: detected chip: generic[0m
[0;32mI (424) spi_flash: flash io: dio[0m
[0;33mW (427) spi_flash: Detected size(4096k) larger than the size in the binary image header(2048k). Using the size in the binary image header.[0m
[0;32mI (441) main_task: Started on CPU0[0m
[0;32mI (451) main_task: Calling app_main()[0m
[0;32mI (451) SPI: Initializing bus SPI2...[0m
[0;32mI (451) SPI: Adding SPI Device on GPIO4...[0m
[0;32mI (451) SPI: Configuring Temperature Sensor...[0m
[0;32mI (451) SPI: Transaction Size: 16 bits[0m
[0;32mI (461) WIFI: Configuring WiFi...[0m
[0;33mW (461) wifi:wifi osi_nvs_open fail ret=4353[0m

[0;33mW (461) wifi_init: Failed to unregister Rx callbacks[0m
[1;31mE (471) wifi_init: Failed to deinit Wi-Fi driver (0x3001)[0m
[1;31mE (471) wifi_init: Failed to deinit Wi-Fi (0x3001)[0m
ESP_ERROR_CHECK failed: esp_err_t 0x1101 (ESP_ERR_NVS_NOT_INITIALIZED) at 0x400d811b
file: "./main/wifi_helper.c" line 23
func: WifiConfig
expression: wifi_ret

abort() was called at PC 0x4008b343 on core 0


Backtrace: 0x4008b3e9:0x3ffb9d30 0x4008b3b1:0x3ffb9d50 0x4008adf5:0x3ffb9d70 0x4008b343:0x3ffb9de0 0x400d811b:0x3ffb9e10 0x400d7eba:0x3ffb9ed0 0x400d3d82:0x3ffb9f00 0x4013328a:0x3ffb9f30




ELF file SHA256: 251a73040

Rebooting...
ets Jun  8 2016 00:22:57

rst:0xc (SW_CPU_RESET),boot:0x17 (SPI_FAST_FLASH_BOOT)
configsip: 0, SPIWP:0xee
clk_drv:0x00,q_drv:0x00,d_drv:0x00,cs0_drv:0x00,hd_drv:0x00,wp_drv:0x00
mode:DIO, clock div:2
load:0x3fff0040,len:6376
load:0x40078000,len:15900
ho 0 tail 12 room 4
load:0x40080400,len:3920
entry 0x40080644
[0;32mI (29) boot: ESP-IDF v6.1-dev-1323-gf6aaf22278-dirty 2nd stage bootloader[0m
[0;32mI (29) boot: compile time Dec 29 2025 16:42:56[0m
[0;32mI (29) boot: Multicore bootloader[0m
[0;32mI (33) boot: chip revision: v1.0[0m
[0;32mI (35) boot.esp32: SPI Speed      : 40MHz[0m
[0;32mI (39) boot.esp32: SPI Mode       : DIO[0m
[0;32mI (43) boot.esp32: SPI Flash Size : 2MB[0m
[0;32mI (46) boot: Enabling RNG early entropy source...[0m
[0;32mI (51) boot: Partition Table:[0m
[0;32mI (53) boot: ## Label            Usage          Type ST Offset   Length[0m
[0;32mI (60) boot:  0 nvs              WiFi data        01 02 00009000 00006000[0m
[0;32mI (66) boot:  1 phy_init         RF data          01 01 0000f000 00001000[0m
[0;32mI (73) boot:  2 factory          factory app      00 00 00010000 00100000[0m
[0;32mI (79) boot: End of partition table[0m
[0;32mI (83) esp_image: segment 0: paddr=00010020 vaddr=3f400020 size=14b58h ( 84824) map[0m
[0;32mI (120) esp_image: segment 1: paddr=00024b80 vaddr=3ffb0000 size=04268h ( 17000) load[0m
[0;32mI (127) esp_image: segment 2: paddr=00028df0 vaddr=40080000 size=07228h ( 29224) load[0m
[0;32mI (139) esp_image: segment 3: paddr=00030020 vaddr=400d0020 size=670b8h (422072) map[0m
[0;32mI (290) esp_image: segment 4: paddr=000970e0 vaddr=40087228 size=0f82ch ( 63532) load[0m
[0;32mI (316) esp_image: segment 5: paddr=000a6914 vaddr=50000000 size=00028h (    40) load[0m
[0;32mI (327) boot: Loaded app from partition at offset 0x10000[0m
[0;32mI (328) boot: Disabling RNG early entropy source...[0m
[0;32mI (338) cpu_start: Multicore app[0m
[0;32mI (346) cpu_start: GPIO 3 and 1 are used as console UART I/O pins[0m
[0;32mI (346) cpu_start: Pro cpu start user code[0m
[0;32mI (347) cpu_start: cpu freq: 160000000 Hz[0m
[0;32mI (348) app_init: Application information:[0m
[0;32mI (352) app_init: Project name:     maestro[0m
[0;32mI (356) app_init: App version:      bbb86fa-dirty[0m
[0;32mI (361) app_init: Compile time:     Dec 30 2025 17:37:43[0m
[0;32mI (366) app_init: ELF file SHA256:  251a73040...[0m
[0;32mI (370) app_init: ESP-IDF:          v6.1-dev-1323-gf6aaf22278-dirty[0m
[0;32mI (376) efuse_init: Min chip rev:     v0.0[0m
[0;32mI (380) efuse_init: Max chip rev:     v3.99 [0m
[0;32mI (384) efuse_init: Chip rev:         v1.0[0m
[0;32mI (388) heap_init: Initializing. RAM available for dynamic allocation:[0m
[0;32mI (394) heap_init: At 3FFAE6E0 len 00001920 (6 KiB): DRAM[0m
[0;32mI (399) heap_init: At 3FFB7C10 len 000283F0 (160 KiB): DRAM[0m
[0;32mI (404) heap_init: At 3FFE0440 len 00003AE0 (14 KiB): D/IRAM[0m
[0;32mI (410) heap_init: At 3FFE4350 len 0001BCB0 (111 KiB): D/IRAM[0m
[0;32mI (415) heap_init: At 40096A54 len 000095AC (37 KiB): IRAM[0m
[0;32mI (422) spi_flash: detected chip: generic[0m
[0;32mI (424) spi_flash: flash io: dio[0m
[0;33mW (427) spi_flash: Detected size(4096k) larger than the size in the binary image header(2048k). Using the size in the binary image header.[0m
[0;32mI (441) main_task: Started on CPU0[0m
[0;32mI (451) main_task: Calling app_main()[0m
[0;32mI (451) SPI: Initializing bus SPI2...[0m
[0;32mI (451) SPI: Adding SPI Device on GPIO4...[0m
[0;32mI (451) SPI: Configuring Temperature Sensor...[0m
[0;32mI (451) SPI: Transaction Size: 16 bits[0m
[0;32mI (461) WIFI: Configuring WiFi...[0m
[0;33mW (461) wifi:wifi osi_nvs_open fail ret=4353[0m

[0;33mW (461) wifi_init: Failed to unregister Rx callbacks[0m
[1;31mE (471) wifi_init: Failed to deinit Wi-Fi driver (0x3001)[0m
[1;31mE (471) wifi_init: Failed to deinit Wi-Fi (0x3001)[0m
ESP_ERROR_CHECK failed: esp_err_t 0x1101 (ESP_ERR_NVS_NOT_INITIALIZED) at 0x400d811b
file: "./main/wifi_helper.c" line 23
func: WifiConfig
expression: wifi_ret

abort() was called at PC 0x4008b343 on core 0


Backtrace: 0x4008b3e9:0x3ffb9d30 0x4008b3b1:0x3ffb9d50 0x4008adf5:0x3ffb9d70 0x4008b343:0x3ffb9de0 0x400d811b:0x3ffb9e10 0x400d7eba:0x3ffb9ed0 0x400d3d82:0x3ffb9f00 0x4013328a:0x3ffb9f30




ELF file SHA256: 251a73040

Rebooting...
ets Jun  8 2016 00:22:57

rst:0xc (SW_CPU_RESET),boot:0x17 (SPI_FAST_FLASH_BOOT)
configsip: 0, SPIWP:0xee
clk_drv:0x00,q_drv:0x00,d_drv:0x00,cs0_drv:0x00,hd_drv:0x00,wp_drv:0x00
mode:DIO, clock div:2
load:0x3fff0040,len:6376
load:0x40078000,len:15900
ho 0 tail 12 room 4
load:0x40080400,len:3920
entry 0x40080644
[0;32mI (29) boot: ESP-IDF v6.1-dev-1323-gf6aaf22278-dirty 2nd stage bootloader[0m
[0;32mI (29) boot: compile time Dec 29 2025 16:42:56[0m
[0;32mI (29) boot: Multicore bootloader[0m
[0;32mI (33) boot: chip revision: v1.0[0m
[0;32mI (35) boot.esp32: SPI Speed      : 40MHz[0m
[0;32mI (39) boot.esp32: SPI Mode       : DIO[0m
[0;32mI (43) boot.esp32: SPI Flash Size : 2MB[0m
[0;32mI (46) boot: Enabling RNG early entropy source...[0m
[0;32mI (51) boot: Partition Table:[0m
[0;32mI (53) boot: ## Label            Usage          Type ST Offset   Length[0m
[0;32mI (60) boot:  0 nvs              WiFi data        01 02 00009000 00006000[0m
[0;32mI (66) boot:  1 phy_init         RF data          01 01 0000f000 00001000[0m
[0;32mI (73) boot:  2 factory          factory app      00 00 00010000 00100000[0m
[0;32mI (79) boot: End of partition table[0m
[0;32mI (83) esp_image: segment 0: paddr=00010020 vaddr=3f400020 size=14b58h ( 84824) map[0m
[0;32mI (120) esp_image: segment 1: paddr=00024b80 vaddr=3ffb0000 size=04268h ( 17000) load[0m
[0;32mI (127) esp_image: segment 2: paddr=00028df0 vaddr=40080000 size=07228h ( 29224) load[0m
[0;32mI (139) esp_image: segment 3: paddr=00030020 vaddr=400d0020 size=670b8h (422072) map[0m
[0;32mI (290) esp_image: segment 4: paddr=000970e0 vaddr=40087228 size=0f82ch ( 63532) load[0m
[0;32mI (316) esp_image: segment 5: paddr=000a6914 vaddr=50000000 size=00028h (    40) load[0m
[0;32mI (327) boot: Loaded app from partition at offset 0x10000[0m
[0;32mI (328) boot: Disabling RNG early entropy source...[0m
[0;32mI (338) cpu_start: Multicore app[0m
[0;32mI (346) cpu_start: GPIO 3 and 1 are used as console UART I/O pins[0m
[0;32mI (346) cpu_start: Pro cpu start user code[0m
[0;32mI (347) cpu_start: cpu freq: 160000000 Hz[0m
[0;32mI (348) app_init: Application information:[0m
[0;32mI (352) app_init: Project name:     maestro[0m
[0;32mI (356) app_init: App version:      bbb86fa-dirty[0m
[0;32mI (360) app_init: Compile time:     Dec 30 2025 17:37:43[0m
[0;32mI (366) app_init: ELF file SHA256:  251a73040...[0m
[0;32mI (370) app_init: ESP-IDF:          v6.1-dev-1323-gf6aaf22278-dirty[0m
[0;32mI (376) efuse_init: Min chip rev:     v0.0[0m
[0;32mI (380) efuse_init: Max chip rev:     v3.99 [0m
[0;32mI (384) efuse_init: Chip rev:         v1.0[0m
[0;32mI (388) heap_init: Initializing. RAM available for dynamic allocation:[0m
[0;32mI (394) heap_init: At 3FFAE6E0 len 00001920 (6 KiB): DRAM[0m
[0;32mI (399) heap_init: At 3FFB7C10 len 000283F0 (160 KiB): DRAM[0m
[0;32mI (404) heap_init: At 3FFE0440 len 00003AE0 (14 KiB): D/IRAM[0m
[0;32mI (410) heap_init: At 3FFE4350 len 0001BCB0 (111 KiB): D/IRAM[0m
[0;32mI (415) heap_init: At 40096A54 len 000095AC (37 KiB): IRAM[0m
[0;32mI (422) spi_flash: detected chip: generic[0m
[0;32mI (424) spi_flash: flash io: dio[0m
[0;33mW (427) spi_flash: Detected size(4096k) larger than the size in the binary image header(2048k). Using the size in the binary image header.[0m
[0;32mI (441) main_task: Started on CPU0[0m
[0;32mI (451) main_task: Calling app_main()[0m
[0;32mI (451) SPI: Initializing bus SPI2...[0m
[0;32mI (451) SPI: Adding SPI Device on GPIO4...[0m
[0;32mI (451) SPI: Configuring Temperature Sensor...[0m
[0;32mI (451) SPI: Transaction Size: 16 bits[0m
[0;32mI (461) WIFI: Configuring WiFi...[0m
[0;33mW (461) wifi:wifi osi_nvs_open fail ret=4353[0m

[0;33mW (461) wifi_init: Failed to unregister Rx callbacks[0m
[1;31mE (471) wifi_init: Failed to deinit Wi-Fi driver (0x3001)[0m
[1;31mE (471) wifi_init: Failed to deinit Wi-Fi (0x3001)[0m
ESP_ERROR_CHECK failed: esp_err_t 0x1101 (ESP_ERR_NVS_NOT_INITIALIZED) at 0x400d811b
file: "./main/wifi_helper.c" line 23
func: WifiConfig
expression: wifi_ret

abort() was called at PC 0x4008b343 on core 0


Backtrace: 0x4008b3e9:0x3ffb9d30 0x4008b3b1:0x3ffb9d50 0x4008adf5:0x3ffb9d70 0x4008b343:0x3ffb9de0 0x400d811b:0x3ffb9e10 0x400d7eba:0x3ffb9ed0 0x400d3d82:0x3ffb9f00 0x4013328a:0x3ffb9f30




ELF file SHA256: 251a73040

Rebooting...
ets Jun  8 2016 00:22:57

rst:0xc (SW_CPU_RESET),boot:0x17 (SPI_FAST_FLASH_BOOT)
configsip: 0, SPIWP:0xee
clk_drv:0x00,q_drv:0x00,d_drv:0x00,cs0_drv:0x00,hd_drv:0x00,wp_drv:0x00
mode:DIO, clock div:2
load:0x3fff0040,len:6376
load:0x40078000,len:15900
ho 0 tail 12 room 4
load:0x40080400,len:3920
entry 0x40080644
[0;32mI (29) boot: ESP-IDF v6.1-dev-1323-gf6aaf22278-dirty 2nd stage bootloader[0m
[0;32mI (29) boot: compile time Dec 29 2025 16:42:56[0m
[0;32mI (29) boot: Multicore bootloader[0m
[0;32mI (33) boot: chip revision: v1.0[0m
[0;32mI (35) boot.esp32: SPI Speed      : 40MHz[0m
[0;32mI (39) boot.esp32: SPI Mode       : DIO[0m
[0;32mI (43) boot.esp32: SPI Flash Size : 2MB[0m
[0;32mI (46) boot: Enabling RNG early entropy source...[0m
[0;32mI (51) boot: Partition Table:[0m
[0;32mI (53) boot: ## Label            Usage          Type ST Offset   Length[0m
[0;32mI (60) boot:  0 nvs              WiFi data        01 02 00009000 00006000[0m
[0;32mI (66) boot:  1 phy_init         RF data          01 01 0000f000 00001000[0m
[0;32mI (73) boot:  2 factory          factory app      00 00 00010000 00100000[0m
[0;32mI (79) boot: End of partition table[0m
[0;32mI (83) esp_image: segment 0: paddr=00010020 vaddr=3f400020 size=14b58h ( 84824) map[0m
[0;32mI (120) esp_image: segment 1: paddr=00024b80 vaddr=3ffb0000 size=04268h ( 17000) load[0m
[0;32mI (127) esp_image: segment 2: paddr=00028df0 vaddr=40080000 size=07228h ( 29224) load[0m
[0;32mI (139) esp_image: segment 3: paddr=00030020 vaddr=400d0020 size=670b8h (422072) map[0m
[0;32mI (290) esp_image: segment 4: paddr=000970e0 vaddr=40087228 size=0f82ch ( 63532) load[0m
[0;32mI (316) esp_image: segment 5: paddr=000a6914 vaddr=50000000 size=00028h (    40) load[0m
[0;32mI (327) boot: Loaded app from partition at offset 0x10000[0m
[0;32mI (328) boot: Disabling RNG early entropy source...[0m
[0;32mI (338) cpu_start: Multicore app[0m
[0;32mI (346) cpu_start: GPIO 3 and 1 are used as console UART I/O pins[0m
[0;32mI (346) cpu_start: Pro cpu start user code[0m
[0;32mI (347) cpu_start: cpu freq: 160000000 Hz[0m
[0;32mI (348) app_init: Application information:[0m
[0;32mI (352) app_init: Project name:     maestro[0m
[0;32mI (356) app_init: App version:      bbb86fa-dirty[0m
[0;32mI (361) app_init: Compile time:     Dec 30 2025 17:37:43[0m
[0;32mI (366) app_init: ELF file SHA256:  251a73040...[0m
[0;32mI (370) app_init: ESP-IDF:          v6.1-dev-1323-gf6aaf22278-dirty[0m
[0;32mI (376) efuse_init: Min chip rev:     v0.0[0m
[0;32mI (380) efuse_init: Max chip rev:     v3.99 [0m
[0;32mI (384) efuse_init: Chip rev:         v1.0[0m
[0;32mI (388) heap_init: Initializing. RAM available for dynamic allocation:[0m
[0;32mI (394) heap_init: At 3FFAE6E0 len 00001920 (6 KiB): DRAM[0m
[0;32mI (399) heap_init: At 3FFB7C10 len 000283F0 (160 KiB): DRAM[0m
[0;32mI (404) heap_init: At 3FFE0440 len 00003AE0 (14 KiB): D/IRAM[0m
[0;32mI (410) heap_init: At 3FFE4350 len 0001BCB0 (111 KiB): D/IRAM[0m
[0;32mI (415) heap_init: At 40096A54 len 000095AC (37 KiB): IRAM[0m
[0;32mI (422) spi_flash: detected chip: generic[0m
[0;32mI (424) spi_flash: flash io: dio[0m
[0;33mW (427) spi_flash: Detected size(4096k) larger than the size in the binary image header(2048k). Using the size in the binary image header.[0m
[0;32mI (441) main_task: Started on CPU0[0m
[0;32mI (451) main_task: Calling app_main()[0m
[0;32mI (451) SPI: Initializing bus SPI2...[0m
[0;32mI (451) SPI: Adding SPI Device on GPIO4...[0m
[0;32mI (451) SPI: Configuring Temperature Sensor...[0m
[0;32mI (451) SPI: Transaction Size: 16 bits[0m
[0;32mI (461) WIFI: Configuring WiFi...[0m
[0;33mW (461) wifi:wifi osi_nvs_open fail ret=4353[0m

[0;33mW (461) wifi_init: Failed to unregister Rx callbacks[0m
[1;31mE (471) wifi_init: Failed to deinit Wi-Fi driver (0x3001)[0m
[1;31mE (471) wifi_init: Failed to deinit Wi-Fi (0x3001)[0m
ESP_ERROR_CHECK failed: esp_err_t 0x1101 (ESP_ERR_NVS_NOT_INITIALIZED) at 0x400d811b
file: "./main/wifi_helper.c" line 23
func: WifiConfig
expression: wifi_ret

abort() was called at PC 0x4008b343 on core 0


Backtrace: 0x4008b3e9:0x3ffb9d30 0x4008b3b1:0x3ffb9d50 0x4008adf5:0x3ffb9d70 0x4008b343:0x3ffb9de0 0x400d811b:0x3ffb9e10 0x400d7eba:0x3ffb9ed0 0x400d3d82:0x3ffb9f00 0x4013328a:0x3ffb9f30




ELF file SHA256: 251a73040

Rebooting...
ets Jun  8 2016 00:22:57

rst:0xc (SW_CPU_RESET),boot:0x17 (SPI_FAST_FLASH_BOOT)
configsip: 0, SPIWP:0xee
clk_drv:0x00,q_drv:0x00,d_drv:0x00,cs0_drv:0x00,hd_drv:0x00,wp_drv:0x00
mode:DIO, clock div:2
load:0x3fff0040,len:6376
load:0x40078000,len:15900
ho 0 tail 12 room 4
load:0x40080400,len:3920
entry 0x40080644
[0;32mI (29) boot: ESP-IDF v6.1-dev-1323-gf6aaf22278-dirty 2nd stage bootloader[0m
[0;32mI (29) boot: compile time Dec 29 2025 16:42:56[0m
[0;32mI (29) boot: Multicore bootloader[0m
[0;32mI (33) boot: chip revision: v1.0[0m
[0;32mI (35) boot.esp32: SPI Speed      : 40MHz[0m
[0;32mI (39) boot.esp32: SPI Mode       : DIO[0m
[0;32mI (43) boot.esp32: SPI Flash Size : 2MB[0m
[0;32mI (46) boot: Enabling RNG early entropy source...[0m
[0;32mI (51) boot: Partition Table:[0m
[0;32mI (53) boot: ## Label            Usage          Type ST Offset   Length[0m
[0;32mI (60) boot:  0 nvs              WiFi data        01 02 00009000 00006000[0m
[0;32mI (66) boot:  1 phy_init         RF data          01 01 0000f000 00001000[0m
[0;32mI (73) boot:  2 factory          factory app      00 00 00010000 00100000[0m
[0;32mI (79) boot: End of partition table[0m
[0;32mI (83) esp_image: segment 0: paddr=00010020 vaddr=3f400020 size=14b58h ( 84824) map[0m
[0;32mI (120) esp_image: segment 1: paddr=00024b80 vaddr=3ffb0000 size=04268h ( 17000) load[0m
[0;32mI (127) esp_image: segment 2: paddr=00028df0 vaddr=40080000 size=07228h ( 29224) load[0m
[0;32mI (139) esp_image: segment 3: paddr=00030020 vaddr=400d0020 size=670b8h (422072) map[0m
[0;32mI (290) esp_image: segment 4: paddr=000970e0 vaddr=40087228 size=0f82ch ( 63532) load[0m
[0;32mI (316) esp_image: segment 5: paddr=000a6914 vaddr=50000000 size=00028h (    40) load[0m
[0;32mI (327) boot: Loaded app from partition at offset 0x10000[0m
[0;32mI (328) boot: Disabling RNG early entropy source...[0m
[0;32mI (338) cpu_start: Multicore app[0m
[0;32mI (346) cpu_start: GPIO 3 and 1 are used as console UART I/O pins[0m
[0;32mI (346) cpu_start: Pro cpu start user code[0m
[0;32mI (347) cpu_start: cpu freq: 160000000 Hz[0m
[0;32mI (348) app_init: Application information:[0m
[0;32mI (352) app_init: Project name:     maestro[0m
[0;32mI (356) app_init: App version:      bbb86fa-dirty[0m
[0;32mI (361) app_init: Compile time:     Dec 30 2025 17:37:43[0m
[0;32mI (366) app_init: ELF file SHA256:  251a73040...[0m
[0;32mI (370) app_init: ESP-IDF:          v6.1-dev-1323-gf6aaf22278-dirty[0m
[0;32mI (376) efuse_init: Min chip rev:     v0.0[0m
[0;32mI (380) efuse_init: Max chip rev:     v3.99 [0m
[0;32mI (384) efuse_init: Chip rev:         v1.0[0m
[0;32mI (388) heap_init: Initializing. RAM available for dynamic allocation:[0m
[0;32mI (394) heap_init: At 3FFAE6E0 len 00001920 (6 KiB): DRAM[0m
[0;32mI (399) heap_init: At 3FFB7C10 len 000283F0 (160 KiB): DRAM[0m
[0;32mI (404) heap_init: At 3FFE0440 len 00003AE0 (14 KiB): D/IRAM[0m
[0;32mI (410) heap_init: At 3FFE4350 len 0001BCB0 (111 KiB): D/IRAM[0m
[0;32mI (415) heap_init: At 40096A54 len 000095AC (37 KiB): IRAM[0m
[0;32mI (422) spi_flash: detected chip: generic[0m
[0;32mI (424) spi_flash: flash io: dio[0m
[0;33mW (427) spi_flash: Detected size(4096k) larger than the size in the binary image header(2048k). Using the size in the binary image header.[0m
[0;32mI (441) main_task: Started on CPU0[0m
[0;32mI (451) main_task: Calling app_main()[0m
[0;32mI (451) SPI: Initializing bus SPI2...[0m
[0;32mI (451) SPI: Adding SPI Device on GPIO4...[0m
[0;32mI (451) SPI: Configuring Temperature Sensor...[0m
[0;32mI (451) SPI: Transaction Size: 16 bits[0m
[0;32mI (461) WIFI: Configuring WiFi...[0m
[0;33mW (461) wifi:wifi osi_nvs_open fail ret=4353[0m

[0;33mW (461) wifi_init: Failed to unregister Rx callbacks[0m
[1;31mE (471) wifi_init: Failed to deinit Wi-Fi driver (0x3001)[0m
[1;31mE (471) wifi_init: Failed to deinit Wi-Fi (0x3001)[0m
ESP_ERROR_CHECK failed: esp_err_t 0x1101 (ESP_ERR_NVS_NOT_INITIALIZED) at 0x400d811b
file: "./main/wifi_helper.c" line 23
func: WifiConfig
expression: wifi_ret

abort() was called at PC 0x4008b343 on core 0


Backtrace: 0x4008b3e9:0x3ffb9d30 0x4008b3b1:0x3ffb9d50 0x4008adf5:0x3ffb9d70 0x4008b343:0x3ffb9de0 0x400d811b:0x3ffb9e10 0x400d7eba:0x3ffb9ed0 0x400d3d82:0x3ffb9f00 0x4013328a:0x3ffb9f30




ELF file SHA256: 251a73040

Rebooting...
ets Jun  8 2016 00:22:57

rst:0xc (SW_CPU_RESET),boot:0x17 (SPI_FAST_FLASH_BOOT)
configsip: 0, SPIWP:0xee
clk_drv:0x00,q_drv:0x00,d_drv:0x00,cs0_drv:0x00,hd_drv:0x00,wp_drv:0x00
mode:DIO, clock div:2
load:0x3fff0040,len:6376
load:0x40078000,len:15900
ho 0 tail 12 room 4
load:0x40080400,len:3920
entry 0x40080644
[0;32mI (29) boot: ESP-IDF v6.1-dev-1323-gf6aaf22278-dirty 2nd stage bootloader[0m
[0;32mI (29) boot: compile time Dec 29 2025 16:42:56[0m
[0;32mI (29) boot: Multicore bootloader[0m
[0;32mI (33) boot: chip revision: v1.0[0m
[0;32mI (35) boot.esp32: SPI Speed      : 40MHz[0m
[0;32mI (39) boot.esp32: SPI Mode       : DIO[0m
[0;32mI (43) boot.esp32: SPI Flash Size : 2MB[0m
[0;32mI (46) boot: Enabling RNG early entropy source...[0m
[0;32mI (51) boot: Partition Table:[0m
[0;32mI (53) boot: ## Label            Usage          Type ST Offset   Length[0m
[0;32mI (60) boot:  0 nvs              WiFi data        01 02 00009000 00006000[0m
[0;32mI (66) boot:  1 phy_init         RF data          01 01 0000f000 00001000[0m
[0;32mI (73) boot:  2 factory          factory app      00 00 00010000 00100000[0m
[0;32mI (79) boot: End of partition table[0m
[0;32mI (83) esp_image: segment 0: paddr=00010020 vaddr=3f400020 size=14b58h ( 84824) map[0m
[0;32mI (120) esp_image: segment 1: paddr=00024b80 vaddr=3ffb0000 size=04268h ( 17000) load[0m
[0;32mI (127) esp_image: segment 2: paddr=00028df0 vaddr=40080000 size=07228h ( 29224) load[0m
[0;32mI (139) esp_image: segment 3: paddr=00030020 vaddr=400d0020 size=670b8h (422072) map[0m
[0;32mI (290) esp_image: segment 4: paddr=000970e0 vaddr=40087228 size=0f82ch ( 63532) load[0m
[0;32mI (316) esp_image: segment 5: paddr=000a6914 vaddr=50000000 size=00028h (    40) load[0m
[0;32mI (327) boot: Loaded app from partition at offset 0x10000[0m
[0;32mI (328) boot: Disabling RNG early entropy source...[0m
[0;32mI (338) cpu_start: Multicore app[0m
[0;32mI (346) cpu_start: GPIO 3 and 1 are used as console UART I/O pins[0m
[0;32mI (346) cpu_start: Pro cpu start user code[0m
[0;32mI (347) cpu_start: cpu freq: 160000000 Hz[0m
[0;32mI (348) app_init: Application information:[0m
[0;32mI (352) app_init: Project name:     maestro[0m
[0;32mI (356) app_init: App version:      bbb86fa-dirty[0m
[0;32mI (361) app_init: Compile time:     Dec 30 2025 17:37:43[0m
[0;32mI (366) app_init: ELF file SHA256:  251a73040...[0m
[0;32mI (370) app_init: ESP-IDF:          v6.1-dev-1323-gf6aaf22278-dirty[0m
[0;32mI (376) efuse_init: Min chip rev:     v0.0[0m
[0;32mI (380) efuse_init: Max chip rev:     v3.99 [0m
[0;32mI (384) efuse_init: Chip rev:         v1.0[0m
[0;32mI (388) heap_init: Initializing. RAM available for dynamic allocation:[0m
[0;32mI (394) heap_init: At 3FFAE6E0 len 00001920 (6 KiB): DRAM[0m
[0;32mI (399) heap_init: At 3FFB7C10 len 000283F0 (160 KiB): DRAM[0m
[0;32mI (404) heap_init: At 3FFE0440 len 00003AE0 (14 KiB): D/IRAM[0m
[0;32mI (410) heap_init: At 3FFE4350 len 0001BCB0 (111 KiB): D/IRAM[0m
[0;32mI (415) heap_init: At 40096A54 len 000095AC (37 KiB): IRAM[0m
[0;32mI (422) spi_flash: detected chip: generic[0m
[0;32mI (424) spi_flash: flash io: dio[0m
[0;33mW (427) spi_flash: Detected size(4096k) larger than the size in the binary image header(2048k). Using the size in the binary image header.[0m
[0;32mI (441) main_task: Started on CPU0[0m
[0;32mI (451) main_task: Calling app_main()[0m
[0;32mI (451) SPI: Initializing bus SPI2...[0m
[0;32mI (451) SPI: Adding SPI Device on GPIO4...[0m
[0;32mI (451) SPI: Configuring Temperature Sensor...[0m
[0;32mI (451) SPI: Transaction Size: 16 bits[0m
[0;32mI (461) WIFI: Configuring WiFi...[0m
[0;33mW (461) wifi:wifi osi_nvs_open fail ret=4353[0m

[0;33mW (461) wifi_init: Failed to unregister Rx callbacks[0m
[1;31mE (471) wifi_init: Failed to deinit Wi-Fi driver (0x3001)[0m
[1;31mE (471) wifi_init: Failed to deinit Wi-Fi (0x3001)[0m
ESP_ERROR_CHECK failed: esp_err_t 0x1101 (ESP_ERR_NVS_NOT_INITIALIZED) at 0x400d811b
file: "./main/wifi_helper.c" line 23
func: WifiConfig
expression: wifi_ret

abort() was called at PC 0x4008b343 on core 0


Backtrace: 0x4008b3e9:0x3ffb9d30 0x4008b3b1:0x3ffb9d50 0x4008adf5:0x3ffb9d70 0x4008b343:0x3ffb9de0 0x400d811b:0x3ffb9e10 0x400d7eba:0x3ffb9ed0 0x400d3d82:0x3ffb9f00 0x4013328a:0x3ffb9f30




ELF file SHA256: 251a73040

Rebooting...
ets Jun  8 2016 00:22:57

rst:0xc (SW_CPU_RESET),boot:0x17 (SPI_FAST_FLASH_BOOT)
configsip: 0, SPIWP:0xee
clk_drv:0x00,q_drv:0x00,d_drv:0x00,cs0_drv:0x00,hd_drv:0x00,wp_drv:0x00
mode:DIO, clock div:2
load:0x3fff0040,len:6376
load:0x40078000,len:15900
ho 0 tail 12 room 4
load:0x40080400,len:3920
entry 0x40080644
[0;32mI (29) boot: ESP-IDF v6.1-dev-1323-gf6aaf22278-dirty 2nd stage bootloader[0m
[0;32mI (29) boot: compile time Dec 29 2025 16:42:56[0m
[0;32mI (29) boot: Multicore bootloader[0m
[0;32mI (33) boot: chip revision: v1.0[0m
[0;32mI (35) boot.esp32: SPI Speed      : 40MHz[0m
[0;32mI (39) boot.esp32: SPI Mode       : DIO[0m
[0;32mI (43) boot.esp32: SPI Flash Size : 2MB[0m
[0;32mI (46) boot: Enabling RNG early entropy source...[0m
[0;32mI (51) boot: Partition Table:[0m
[0;32mI (53) boot: ## Label            Usage          Type ST Offset   Length[0m
[0;32mI (60) boot:  0 nvs              WiFi data        01 02 00009000 00006000[0m
[0;32mI (66) boot:  1 phy_init         RF data          01 01 0000f000 00001000[0m
[0;32mI (73) boot:  2 factory          factory app      00 00 00010000 00100000[0m
[0;32mI (79) boot: End of partition table[0m
[0;32mI (83) esp_image: segment 0: paddr=00010020 vaddr=3f400020 size=14b58h ( 84824) map[0m
[0;32mI (120) esp_image: segment 1: paddr=00024b80 vaddr=3ffb0000 size=04268h ( 17000) load[0m
[0;32mI (127) esp_image: segment 2: paddr=00028df0 vaddr=40080000 size=07228h ( 29224) load[0m
[0;32mI (139) esp_image: segment 3: paddr=00030020 vaddr=400d0020 size=670b8h (422072) map[0m
[0;32mI (290) esp_image: segment 4: paddr=000970e0 vaddr=40087228 size=0f82ch ( 63532) load[0m
[0;32mI (316) esp_image: segment 5: paddr=000a6914 vaddr=50000000 size=00028h (    40) load[0m
[0;32mI (327) boot: Loaded app from partition at offset 0x10000[0m
[0;32mI (328) boot: Disabling RNG early entropy source...[0m
[0;32mI (338) cpu_start: Multicore app[0m
[0;32mI (346) cpu_start: GPIO 3 and 1 are used as console UART I/O pins[0m
[0;32mI (346) cpu_start: Pro cpu start user code[0m
[0;32mI (347) cpu_start: cpu freq: 160000000 Hz[0m
[0;32mI (348) app_init: Application information:[0m
[0;32mI (352) app_init: Project name:     maestro[0m
[0;32mI (356) app_init: App version:      bbb86fa-dirty[0m
[0;32mI (361) app_init: Compile time:     Dec 30 2025 17:37:43[0m
[0;32mI (366) app_init: ELF file SHA256:  251a73040...[0m
[0;32mI (370) app_init: ESP-IDF:          v6.1-dev-1323-gf6aaf22278-dirty[0m
[0;32mI (376) efuse_init: Min chip rev:     v0.0[0m
[0;32mI (380) efuse_init: Max chip rev:     v3.99 [0m
[0;32mI (384) efuse_init: Chip rev:         v1.0[0m
[0;32mI (388) heap_init: Initializing. RAM available for dynamic allocation:[0m
[0;32mI (394) heap_init: At 3FFAE6E0 len 00001920 (6 KiB): DRAM[0m
[0;32mI (399) heap_init: At 3FFB7C10 len 000283F0 (160 KiB): DRAM[0m
[0;32mI (404) heap_init: At 3FFE0440 len 00003AE0 (14 KiB): D/IRAM[0m
[0;32mI (410) heap_init: At 3FFE4350 len 0001BCB0 (111 KiB): D/IRAM[0m
[0;32mI (415) heap_init: At 40096A54 len 000095AC (37 KiB): IRAM[0m
[0;32mI (422) spi_flash: detected chip: generic[0m
[0;32mI (424) spi_flash: flash io: dio[0m
[0;33mW (427) spi_flash: Detected size(4096k) larger than the size in the binary image header(2048k). Using the size in the binary image header.[0m
[0;32mI (441) main_task: Started on CPU0[0m
[0;32mI (451) main_task: Calling app_main()[0m
[0;32mI (451) SPI: Initializing bus SPI2...[0m
[0;32mI (451) SPI: Adding SPI Device on GPIO4...[0m
[0;32mI (451) SPI: Configuring Temperature Sensor...[0m
[0;32mI (451) SPI: Transaction Size: 16 bits[0m
[0;32mI (461) WIFI: Configuring WiFi...[0m
[0;33mW (461) wifi:wifi osi_nvs_open fail ret=4353[0m

[0;33mW (461) wifi_init: Failed to unregister Rx callbacks[0m
[1;31mE (471) wifi_init: Failed to deinit Wi-Fi driver (0x3001)[0m
[1;31mE (471) wifi_init: Failed to deinit Wi-Fi (0x3001)[0m
ESP_ERROR_CHECK failed: esp_err_t 0x1101 (ESP_ERR_NVS_NOT_INITIALIZED) at 0x400d811b
file: "./main/wifi_helper.c" line 23
func: WifiConfig
expression: wifi_ret

abort() was called at PC 0x4008b343 on core 0


Backtrace: 0x4008b3e9:0x3ffb9d30 0x4008b3b1:0x3ffb9d50 0x4008adf5:0x3ffb9d70 0x4008b343:0x3ffb9de0 0x400d811b:0x3ffb9e10 0x400d7eba:0x3ffb9ed0 0x400d3d82:0x3ffb9f00 0x4013328a:0x3ffb9f30




ELF file SHA256: 251a73040

Rebooting...
ets Jun  8 2016 00:22:57

rst:0xc (SW_CPU_RESET),boot:0x17 (SPI_FAST_FLASH_BOOT)
configsip: 0, SPIWP:0xee
clk_drv:0x00,q_drv:0x00,d_drv:0x00,cs0_drv:0x00,hd_drv:0x00,wp_drv:0x00
mode:DIO, clock div:2
load:0x3fff0040,len:6376
load:0x40078000,len:15900
ho 0 tail 12 room 4
load:0x40080400,len:3920
entry 0x40080644
[0;32mI (29) boot: ESP-IDF v6.1-dev-1323-gf6aaf22278-dirty 2nd stage bootloader[0m
[0;32mI (29) boot: compile time Dec 29 2025 16:42:56[0m
[0;32mI (29) boot: Multicore bootloader[0m
[0;32mI (33) boot: chip revision: v1.0[0m
[0;32mI (35) boot.esp32: SPI Speed      : 40MHz[0m
[0;32mI (39) boot.esp32: SPI Mode       : DIO[0m
[0;32mI (43) boot.esp32: SPI Flash Size : 2MB[0m
[0;32mI (46) boot: Enabling RNG early entropy source...[0m
[0;32mI (51) boot: Partition Table:[0m
[0;32mI (53) boot: ## Label            Usage          Type ST Offset   Length[0m
[0;32mI (60) boot:  0 nvs              WiFi data        01 02 00009000 00006000[0m
[0;32mI (66) boot:  1 phy_init         RF data          01 01 0000f000 00001000[0m
[0;32mI (73) boot:  2 factory          factory app      00 00 00010000 00100000[0m
[0;32mI (79) boot: End of partition table[0m
[0;32mI (83) esp_image: segment 0: paddr=00010020 vaddr=3f400020 size=14b58h ( 84824) map[0m
[0;32mI (120) esp_image: segment 1: paddr=00024b80 vaddr=3ffb0000 size=04268h ( 17000) load[0m
[0;32mI (127) esp_image: segment 2: paddr=00028df0 vaddr=40080000 size=07228h ( 29224) load[0m
[0;32mI (139) esp_image: segment 3: paddr=00030020 vaddr=400d0020 size=670b8h (422072) map[0m
[0;32mI (290) esp_image: segment 4: paddr=000970e0 vaddr=40087228 size=0f82ch ( 63532) load[0m
[0;32mI (316) esp_image: segment 5: paddr=000a6914 vaddr=50000000 size=00028h (    40) load[0m
[0;32mI (327) boot: Loaded app from partition at offset 0x10000[0m
[0;32mI (328) boot: Disabling RNG early entropy source...[0m
[0;32mI (338) cpu_start: Multicore app[0m
[0;32mI (346) cpu_start: GPIO 3 and 1 are used as console UART I/O pins[0m
[0;32mI (346) cpu_start: Pro cpu start user code[0m
[0;32mI (347) cpu_start: cpu freq: 160000000 Hz[0m
[0;32mI (348) app_init: Application information:[0m
[0;32mI (352) app_init: Project name:     maestro[0m
[0;32mI (356) app_init: App version:      bbb86fa-dirty[0m
[0;32mI (361) app_init: Compile time:     Dec 30 2025 17:37:43[0m
[0;32mI (366) app_init: ELF file SHA256:  251a73040...[0m
[0;32mI (370) app_init: ESP-IDF:          v6.1-dev-1323-gf6aaf22278-dirty[0m
[0;32mI (376) efuse_init: Min chip rev:     v0.0[0m
[0;32mI (380) efuse_init: Max chip rev:     v3.99 [0m
[0;32mI (384) efuse_init: Chip rev:         v1.0[0m
[0;32mI (388) heap_init: Initializing. RAM available for dynamic allocation:[0m
[0;32mI (394) heap_init: At 3FFAE6E0 len 00001920 (6 KiB): DRAM[0m
[0;32mI (399) heap_init: At 3FFB7C10 len 000283F0 (160 KiB): DRAM[0m
[0;32mI (404) heap_init: At 3FFE0440 len 00003AE0 (14 KiB): D/IRAM[0m
[0;32mI (410) heap_init: At 3FFE4350 len 0001BCB0 (111 KiB): D/IRAM[0m
[0;32mI (415) heap_init: At 40096A54 len 000095AC (37 KiB): IRAM[0m
[0;32mI (422) spi_flash: detected chip: generic[0m
[0;32mI (424) spi_flash: flash io: dio[0m
[0;33mW (427) spi_flash: Detected size(4096k) larger than the size in the binary image header(2048k). Using the size in the binary image header.[0m
[0;32mI (441) main_task: Started on CPU0[0m
[0;32mI (451) main_task: Calling app_main()[0m
[0;32mI (451) SPI: Initializing bus SPI2...[0m
[0;32mI (451) SPI: Adding SPI Device on GPIO4...[0m
[0;32mI (451) SPI: Configuring Temperature Sensor...[0m
[0;32mI (451) SPI: Transaction Size: 16 bits[0m
[0;32mI (461) WIFI: Configuring WiFi...[0m
[0;33mW (461) wifi:wifi osi_nvs_open fail ret=4353[0m

[0;33mW (461) wifi_init: Failed to unregister Rx callbacks[0m
[1;31mE (471) wifi_init: Failed to deinit Wi-Fi driver (0x3001)[0m
[1;31mE (471) wifi_init: Failed to deinit Wi-Fi (0x3001)[0m
ESP_ERROR_CHECK failed: esp_err_t 0x1101 (ESP_ERR_NVS_NOT_INITIALIZED) at 0x400d811b
file: "./main/wifi_helper.c" line 23
func: WifiConfig
expression: wifi_ret

abort() was called at PC 0x4008b343 on core 0


Backtrace: 0x4008b3e9:0x3ffb9d30 0x4008b3b1:0x3ffb9d50 0x4008adf5:0x3ffb9d70 0x4008b343:0x3ffb9de0 0x400d811b:0x3ffb9e10 0x400d7eba:0x3ffb9ed0 0x400d3d82:0x3ffb9f00 0x4013328a:0x3ffb9f30




ELF file SHA256: 251a73040

Rebooting...
ets Jun  8 2016 00:22:57

rst:0xc (SW_CPU_RESET),boot:0x17 (SPI_FAST_FLASH_BOOT)
configsip: 0, SPIWP:0xee
clk_drv:0x00,q_drv:0x00,d_drv:0x00,cs0_drv:0x00,hd_drv:0x00,wp_drv:0x00
mode:DIO, clock div:2
load:0x3fff0040,len:6376
load:0x40078000,len:15900
ho 0 tail 12 room 4
load:0x40080400,len:3920
entry 0x40080644
[0;32mI (29) boot: ESP-IDF v6.1-dev-1323-gf6aaf22278-dirty 2nd stage bootloader[0m
[0;32mI (29) boot: compile time Dec 29 2025 16:42:56[0m
[0;32mI (29) boot: Multicore bootloader[0m
[0;32mI (33) boot: chip revision: v1.0[0m
[0;32mI (35) boot.esp32: SPI Speed      : 40MHz[0m
[0;32mI (39) boot.esp32: SPI Mode       : DIO[0m
[0;32mI (43) boot.esp32: SPI Flash Size : 2MB[0m
[0;32mI (46) boot: Enabling RNG early entropy source...[0m
[0;32mI (51) boot: Partition Table:[0m
[0;32mI (53) boot: ## Label            Usage          Type ST Offset   Length[0m
[0;32mI (60) boot:  0 nvs              WiFi data        01 02 00009000 00006000[0m
[0;32mI (66) boot:  1 phy_init         RF data          01 01 0000f000 00001000[0m
[0;32mI (73) boot:  2 factory          factory app      00 00 00010000 00100000[0m
[0;32mI (79) boot: End of partition table[0m
[0;32mI (83) esp_image: segment 0: paddr=00010020 vaddr=3f400020 size=14b58h ( 84824) map[0m
[0;32mI (120) esp_image: segment 1: paddr=00024b80 vaddr=3ffb0000 size=04268h ( 17000) load[0m
[0;32mI (127) esp_image: segment 2: paddr=00028df0 vaddr=40080000 size=07228h ( 29224) load[0m
[0;32mI (139) esp_image: segment 3: paddr=00030020 vaddr=400d0020 size=670b8h (422072) map[0m
[0;32mI (290) esp_image: segment 4: paddr=000970e0 vaddr=40087228 size=0f82ch ( 63532) load[0m
[0;32mI (316) esp_image: segment 5: paddr=000a6914 vaddr=50000000 size=00028h (    40) load[0m
[0;32mI (327) boot: Loaded app from partition at offset 0x10000[0m
[0;32mI (328) boot: Disabling RNG early entropy source...[0m
[0;32mI (338) cpu_start: Multicore app[0m
[0;32mI (346) cpu_start: GPIO 3 and 1 are used as console UART I/O pins[0m
[0;32mI (346) cpu_start: Pro cpu start user code[0m
[0;32mI (347) cpu_start: cpu freq: 160000000 Hz[0m
[0;32mI (348) app_init: Application information:[0m
[0;32mI (352) app_init: Project name:     maestro[0m
[0;32mI (356) app_init: App version:      bbb86fa-dirty[0m
[0;32mI (361) app_init: Compile time:     Dec 30 2025 17:37:43[0m
[0;32mI (366) app_init: ELF file SHA256:  251a73040...[0m
[0;32mI (370) app_init: ESP-IDF:          v6.1-dev-1323-gf6aaf22278-dirty[0m
[0;32mI (376) efuse_init: Min chip rev:     v0.0[0m
[0;32mI (380) efuse_init: Max chip rev:     v3.99 [0m
[0;32mI (384) efuse_init: Chip rev:         v1.0[0m
[0;32mI (388) heap_init: Initializing. RAM available for dynamic allocation:[0m
[0;32mI (394) heap_init: At 3FFAE6E0 len 00001920 (6 KiB): DRAM[0m
[0;32mI (399) heap_init: At 3FFB7C10 len 000283F0 (160 KiB): DRAM[0m
[0;32mI (404) heap_init: At 3FFE0440 len 00003AE0 (14 KiB): D/IRAM[0m
[0;32mI (410) heap_init: At 3FFE4350 len 0001BCB0 (111 KiB): D/IRAM[0m
[0;32mI (415) heap_init: At 40096A54 len 000095AC (37 KiB): IRAM[0m
[0;32mI (422) spi_flash: detected chip: generic[0m
[0;32mI (424) spi_flash: flash io: dio[0m
[0;33mW (427) spi_flash: Detected size(4096k) larger than the size in the binary image header(2048k). Using the size in the binary image header.[0m
[0;32mI (441) main_task: Started on CPU0[0m
[0;32mI (451) main_task: Calling app_main()[0m
[0;32mI (451) SPI: Initializing bus SPI2...[0m
[0;32mI (451) SPI: Adding SPI Device on GPIO4...[0m
[0;32mI (451) SPI: Configuring Temperature Sensor...[0m
[0;32mI (451) SPI: Transaction Size: 16 bits[0m
[0;32mI (461) WIFI: Configuring WiFi...[0m
[0;33mW (461) wifi:wifi osi_nvs_open fail ret=4353[0m

[0;33mW (461) wifi_init: Failed to unregister Rx callbacks[0m
[1;31mE (471) wifi_init: Failed to deinit Wi-Fi driver (0x3001)[0m
[1;31mE (471) wifi_init: Failed to deinit Wi-Fi (0x3001)[0m
ESP_ERROR_CHECK failed: esp_err_t 0x1101 (ESP_ERR_NVS_NOT_INITIALIZED) at 0x400d811b
file: "./main/wifi_helper.c" line 23
func: WifiConfig
expression: wifi_ret

abort() was called at PC 0x4008b343 on core 0


Backtrace: 0x4008b3e9:0x3ffb9d30 0x4008b3b1:0x3ffb9d50 0x4008adf5:0x3ffb9d70 0x4008b343:0x3ffb9de0 0x400d811b:0x3ffb9e10 0x400d7eba:0x3ffb9ed0 0x400d3d82:0x3ffb9f00 0x4013328a:0x3ffb9f30




ELF file SHA256: 251a73040

Rebooting...
ets Jun  8 2016 00:22:57

rst:0xc (SW_CPU_RESET),boot:0x17 (SPI_FAST_FLASH_BOOT)
configsip: 0, SPIWP:0xee
clk_drv:0x00,q_drv:0x00,d_drv:0x00,cs0_drv:0x00,hd_drv:0x00,wp_drv:0x00
mode:DIO, clock div:2
load:0x3fff0040,len:6376
load:0x40078000,len:15900
ho 0 tail 12 room 4
load:0x40080400,len:3920
entry 0x40080644
[0;32mI (29) boot: ESP-IDF v6.1-dev-1323-gf6aaf22278-dirty 2nd stage bootloader[0m
[0;32mI (29) boot: compile time Dec 29 2025 16:42:56[0m
[0;32mI (29) boot: Multicore bootloader[0m
[0;32mI (33) boot: chip revision: v1.0[0m
[0;32mI (35) boot.esp32: SPI Speed      : 40MHz[0m
[0;32mI (39) boot.esp32: SPI Mode       : DIO[0m
[0;32mI (43) boot.esp32: SPI Flash Size : 2MB[0m
[0;32mI (46) boot: Enabling RNG early entropy source...[0m
[0;32mI (51) boot: Partition Table:[0m
[0;32mI (53) boot: ## Label            Usage          Type ST Offset   Length[0m
[0;32mI (60) boot:  0 nvs              WiFi data        01 02 00009000 00006000[0m
[0;32mI (66) boot:  1 phy_init         RF data          01 01 0000f000 00001000[0m
[0;32mI (73) boot:  2 factory          factory app      00 00 00010000 00100000[0m
[0;32mI (79) boot: End of partition table[0m
[0;32mI (83) esp_image: segment 0: paddr=00010020 vaddr=3f400020 size=14b58h ( 84824) map[0m
[0;32mI (120) esp_image: segment 1: paddr=00024b80 vaddr=3ffb0000 size=04268h ( 17000) load[0m
[0;32mI (127) esp_image: segment 2: paddr=00028df0 vaddr=40080000 size=07228h ( 29224) load[0m
[0;32mI (139) esp_image: segment 3: paddr=00030020 vaddr=400d0020 size=670b8h (422072) map[0m
[0;32mI (290) esp_image: segment 4: paddr=000970e0 vaddr=40087228 size=0f82ch ( 63532) load[0m
[0;32mI (316) esp_image: segment 5: paddr=000a6914 vaddr=50000000 size=00028h (    40) load[0m
[0;32mI (327) boot: Loaded app from partition at offset 0x10000[0m
[0;32mI (328) boot: Disabling RNG early entropy source...[0m
[0;32mI (338) cpu_start: Multicore app[0m
[0;32mI (346) cpu_start: GPIO 3 and 1 are used as console UART I/O pins[0m
[0;32mI (346) cpu_start: Pro cpu start user code[0m
[0;32mI (347) cpu_start: cpu freq: 160000000 Hz[0m
[0;32mI (348) app_init: Application information:[0m
[0;32mI (352) app_init: Project name:     maestro[0m
[0;32mI (356) app_init: App version:      bbb86fa-dirty[0m
[0;32mI (361) app_init: Compile time:     Dec 30 2025 17:37:43[0m
[0;32mI (366) app_init: ELF file SHA256:  251a73040...[0m
[0;32mI (370) app_init: ESP-IDF:          v6.1-dev-1323-gf6aaf22278-dirty[0m
[0;32mI (376) efuse_init: Min chip rev:     v0.0[0m
[0;32mI (380) efuse_init: Max chip rev:     v3.99 [0m
[0;32mI (384) efuse_init: Chip rev:         v1.0[0m
[0;32mI (388) heap_init: Initializing. RAM available for dynamic allocation:[0m
[0;32mI (394) heap_init: At 3FFAE6E0 len 00001920 (6 KiB): DRAM[0m
[0;32mI (399) heap_init: At 3FFB7C10 len 000283F0 (160 KiB): DRAM[0m
[0;32mI (404) heap_init: At 3FFE0440 len 00003AE0 (14 KiB): D/IRAM[0m
[0;32mI (410) heap_init: At 3FFE4350 len 0001BCB0 (111 KiB): D/IRAM[0m
[0;32mI (415) heap_init: At 40096A54 len 000095AC (37 KiB): IRAM[0m
[0;32mI (422) spi_flash: detected chip: generic[0m
[0;32mI (424) spi_flash: flash io: dio[0m
[0;33mW (427) spi_flash: Detected size(4096k) larger than the size in the binary image header(2048k). Using the size in the binary image header.[0m
[0;32mI (441) main_task: Started on CPU0[0m
[0;32mI (451) main_task: Calling app_main()[0m
[0;32mI (451) SPI: Initializing bus SPI2...[0m
[0;32mI (451) SPI: Adding SPI Device on GPIO4...[0m
[0;32mI (451) SPI: Configuring Temperature Sensor...[0m
[0;32mI (451) SPI: Transaction Size: 16 bits[0m
[0;32mI (461) WIFI: Configuring WiFi...[0m
[0;33mW (461) wifi:wifi osi_nvs_open fail ret=4353[0m

[0;33mW (461) wifi_init: Failed to unregister Rx callbacks[0m
[1;31mE (471) wifi_init: Failed to deinit Wi-Fi driver (0x3001)[0m
[1;31mE (471) wifi_init: Failed to deinit Wi-Fi (0x3001)[0m
ESP_ERROR_CHECK failed: esp_err_t 0x1101 (ESP_ERR_NVS_NOT_INITIALIZED) at 0x400d811b
file: "./main/wifi_helper.c" line 23
func: WifiConfig
expression: wifi_ret

abort() was called at PC 0x4008b343 on core 0


Backtrace: 0x4008b3e9:0x3ffb9d30 0x4008b3b1:0x3ffb9d50 0x4008adf5:0x3ffb9d70 0x4008b343:0x3ffb9de0 0x400d811b:0x3ffb9e10 0x400d7eba:0x3ffb9ed0 0x400d3d82:0x3ffb9f00 0x4013328a:0x3ffb9f30




ELF file SHA256: 251a73040

Rebooting...
ets Jun  8 2016 00:22:57

rst:0xc (SW_CPU_RESET),boot:0x17 (SPI_FAST_FLASH_BOOT)
configsip: 0, SPIWP:0xee
clk_drv:0x00,q_drv:0x00,d_drv:0x00,cs0_drv:0x00,hd_drv:0x00,wp_drv:0x00
mode:DIO, clock div:2
load:0x3fff0040,len:6376
load:0x40078000,len:15900
ho 0 tail 12 room 4
load:0x40080400,len:3920
entry 0x40080644
[0;32mI (29) boot: ESP-IDF v6.1-dev-1323-gf6aaf22278-dirty 2nd stage bootloader[0m
[0;32mI (29) boot: compile time Dec 29 2025 16:42:56[0m
[0;32mI (29) boot: Multicore bootloader[0m
[0;32mI (33) boot: chip revision: v1.0[0m
[0;32mI (35) boot.esp32: SPI Speed      : 40MHz[0m
[0;32mI (39) boot.esp32: SPI Mode       : DIO[0m
[0;32mI (43) boot.esp32: SPI Flash Size : 2MB[0m
[0;32mI (46) boot: Enabling RNG early entropy source...[0m
[0;32mI (51) boot: Partition Table:[0m
[0;32mI (53) boot: ## Label            Usage          Type ST Offset   Length[0m
[0;32mI (60) boot:  0 nvs              WiFi data        01 02 00009000 00006000[0m
[0;32mI (66) boot:  1 phy_init         RF data          01 01 0000f000 00001000[0m
[0;32mI (73) boot:  2 factory          factory app      00 00 00010000 00100000[0m
[0;32mI (79) boot: End of partition table[0m
[0;32mI (83) esp_image: segment 0: paddr=00010020 vaddr=3f400020 size=14b58h ( 84824) map[0m
[0;32mI (120) esp_image: segment 1: paddr=00024b80 vaddr=3ffb0000 size=04268h ( 17000) load[0m
[0;32mI (127) esp_image: segment 2: paddr=00028df0 vaddr=40080000 size=07228h ( 29224) load[0m
[0;32mI (139) esp_image: segment 3: paddr=00030020 vaddr=400d0020 size=670b8h (422072) map[0m
[0;32mI (290) esp_image: segment 4: paddr=000970e0 vaddr=40087228 size=0f82ch ( 63532) load[0m
[0;32mI (316) esp_image: segment 5: paddr=000a6914 vaddr=50000000 size=00028h (    40) load[0m
[0;32mI (327) boot: Loaded app from partition at offset 0x10000[0m
[0;32mI (328) boot: Disabling RNG early entropy source...[0m
[0;32mI (338) cpu_start: Multicore app[0m
[0;32mI (346) cpu_start: GPIO 3 and 1 are used as console UART I/O pins[0m
[0;32mI (346) cpu_start: Pro cpu start user code[0m
[0;32mI (347) cpu_start: cpu freq: 160000000 Hz[0m
[0;32mI (348) app_init: Application information:[0m
[0;32mI (352) app_init: Project name:     maestro[0m
[0;32mI (356) app_init: App version:      bbb86fa-dirty[0m
[0;32mI (361) app_init: Compile time:     Dec 30 2025 17:37:43[0m
[0;32mI (366) app_init: ELF file SHA256:  251a73040...[0m
[0;32mI (370) app_init: ESP-IDF:          v6.1-dev-1323-gf6aaf22278-dirty[0m
[0;32mI (376) efuse_init: Min chip rev:     v0.0[0m
[0;32mI (380) efuse_init: Max chip rev:     v3.99 [0m
[0;32mI (384) efuse_init: Chip rev:         v1.0[0m
[0;32mI (388) heap_init: Initializing. RAM available for dynamic allocation:[0m
[0;32mI (394) heap_init: At 3FFAE6E0 len 00001920 (6 KiB): DRAM[0m
[0;32mI (399) heap_init: At 3FFB7C10 len 000283F0 (160 KiB): DRAM[0m
